01-19 13:39:18.414483   179   179 D radio_config: Build time: Sep 18 2020 17:51:54
01-19 13:39:18.414659   179   179 I radio_config: get property: [persist.sys.lc.msms]: [111]
01-19 13:39:18.437821   179   179 I radio_config: set property: [ro.lc.msms]: [111]
01-19 13:39:18.583811   180   180 D iild    : [IILD] [ IMS Daemon V16.02.01 ]IILD[0]
01-19 13:39:18.583919   180   180 D iild    : [IILD] persist.sys.calls.on.ims: [true]
01-19 13:39:18.583953   180   180 D iild    : [IILD] leadcore/hardware/iil/iild/iild.c - main() - L187 - overriding with -d /dev/TTYEMS30
01-19 13:39:18.593693   180   180 D IMS-iilc: ======>>>>> RIL_startEventLoop_ex, rilId = 0
01-19 13:39:18.594735   180   180 D iild    : IIL, running RIL_Init()
01-19 13:39:18.594977   180   211 D iild    : Event thread waiting for started == 2 (1)
01-19 13:39:18.595037   180   180 D iild    : iil_event_init(): event thread started
01-19 13:39:18.659506   178   178 I RIL_EMSD: 
01-19 13:39:18.659506   178   178 I RIL_EMSD: ----EMSD ENTRY version: lc_ems_v2.10.01_20150301, init_mode: 0, cfg_file: ----
01-19 13:39:18.684388   180   180 D iild    : export symbol successfully
01-19 13:39:18.684489   180   180 D         : ipc_agent_init:enter
01-19 13:39:18.686347   179   179 I radio_config: set property: [persist.radio.multisim.config]: [unknown]
01-19 13:39:18.686413   179   179 I radio_config: get property: [persist.sys.lc.proj.type]: [mass]
01-19 13:39:18.696666   179   179 I radio_config: set property: [ro.sys.lc.proj.type]: [mass]
01-19 13:39:18.696763   179   179 I radio_config: get property: [persist.sys.lc.proj.target]: [open]
01-19 13:39:18.737741   180   180 D         : ipc_agent:parse_new_section[ service IILD ]
01-19 13:39:18.737861   180   180 D         : ipc_agent:parse_new_section[ service VP ]
01-19 13:39:18.737964   180   180 D         : ipc_agent:parse_new_section[ service FILE ]
01-19 13:39:18.737993   180   180 D         : ipc_agent_get_cfg:finish parse
01-19 13:39:18.738011   180   180 D         : ipc_agent:service_for_each,IILD
01-19 13:39:18.738041   180   180 D         : ipc_agent:service_for_each,name[capture]dir[recv]handle[1]enable[0]
01-19 13:39:18.738070   180   180 D         : ipc_agent:service_for_each,name[capture]dir[send]handle[1]enable[0]
01-19 13:39:18.738089   180   180 D         : ipc_agent:service_for_each,VP
01-19 13:39:18.738116   180   180 D         : ipc_agent:service_for_each,name[capture]dir[recv]handle[2]enable[0]
01-19 13:39:18.738150   180   180 D         : ipc_agent:service_for_each,name[capture]dir[send]handle[2]enable[0]
01-19 13:39:18.738173   180   180 D         : ipc_agent:service_for_each,FILE
01-19 13:39:18.738202   180   180 D         : ipc_agent:service_for_each,name[capture]dir[recv]handle[3]enable[0]
01-19 13:39:18.738232   180   180 D         : ipc_agent:service_for_each,name[capture]dir[send]handle[3]enable[0]
01-19 13:39:18.738252   180   180 D         : ipc_agent_get_cfg:IILD
01-19 13:39:18.738281   180   180 D         : ipc_agent_get_cfg:name[capture]dir[recv]handle[1]enable[0]
01-19 13:39:18.738309   180   180 D         : ipc_agent_get_cfg:name[capture]dir[send]handle[1]enable[0]
01-19 13:39:18.738325   180   180 D         : ipc_agent_get_cfg:VP
01-19 13:39:18.738340   180   180 D         : ipc_agent_get_cfg:FILE
01-19 13:39:18.739158   180   180 D         : ipc_agent_get_current_date_time:[Tue Jan 19 13:39:18 2021
01-19 13:39:18.739158   180   180 D         : ]
01-19 13:39:18.739196   180   180 D         : ipc_agent_init:exit OK
01-19 13:39:18.739223   180   180 D         : ipc_agent_open:enter
01-19 13:39:18.739257   180   180 D         : ipc_agent_open:handle[1] is legal
01-19 13:39:18.739277   180   180 D         : ipc_agent_open:handle[1]
01-19 13:39:18.739319   180   180 D         : IPC_AGENT still not created handle[1]
01-19 13:39:18.740433   179   179 I radio_config: set property: [ro.sys.lc.proj.target]: [open]
01-19 13:39:18.740502   179   179 I radio_config: get property: [persist.sys.lc.proj.rat]: [gsm,tdscdma,lte_tdd]
01-19 13:39:18.740566   179   179 E radio_config: (1/100)access device "/dev/TTYEMS40" fail: 2 - No such file or directory
01-19 13:39:18.939499   180   180 D         : IPC_AGENT still not created handle[1]
01-19 13:39:19.139755   180   180 D         : IPC_AGENT still not created handle[1]
01-19 13:39:19.181443   178   178 I RIL_EMSD: [AOS][FLOW]: enter cfg_create_nvram_dir
01-19 13:39:19.340040   180   180 D         : IPC_AGENT still not created handle[1]
01-19 13:39:19.540293   180   180 D         : IPC_AGENT still not created handle[1]
01-19 13:39:19.740482   180   180 D         : IPC_AGENT still not created handle[1]
01-19 13:39:19.740755   179   179 E radio_config: (2/100)access device "/dev/TTYEMS40" fail: 2 - No such file or directory
01-19 13:39:19.940664   180   180 D         : IPC_AGENT still not created handle[1]
01-19 13:39:19.993727   178   178 I RIL_EMSD: [GEN][API]: ril_l2k_init( init_mode=0 )
01-19 13:39:19.993816   178   178 E RIL_EMSD: [AT-MODEM][FLOW]: at_modem_open enter!
01-19 13:39:19.999122   178   178 E RIL_EMSD: [AT-MODEM][FLOW]: open and reset modem OK !
01-19 13:39:19.999199   178   178 E RIL_EMSD: [AT-MODEM][FLOW]: at_modem_open trace_log switch_info_value = 1
01-19 13:39:20.000312   178   178 I RIL_EMSD: [NV][API]: tp_nvram_init( VOID )
01-19 13:39:20.140884   180   180 D         : IPC_AGENT still not created handle[1]
01-19 13:39:20.341119   180   180 D         : IPC_AGENT still not created handle[1]
01-19 13:39:20.541340   180   180 D         : IPC_AGENT still not created handle[1]
01-19 13:39:20.593274   178   178 I RIL_EMSD: [NV][FUNC]: g_nvram_resume_init( VOID )
01-19 13:39:20.671443   178   178 I RIL_EMSD: [GEN][FLOW]: tp_man_usat_switch_set switch_value:1
01-19 13:39:20.671496   178   178 I RIL_EMSD: [GEN][FLOW]: tp_man_elog_switch_set switch_value:0x60
01-19 13:39:20.671532   178   178 I RIL_EMSD: [AT-MODEM][FLOW]: at_modem_start enter!
01-19 13:39:20.740956   179   179 E radio_config: (3/100)access device "/dev/TTYEMS40" fail: 2 - No such file or directory
01-19 13:39:20.741516   180   180 D         : IPC_AGENT still not created handle[1]
01-19 13:39:20.941780   180   180 D         : IPC_AGENT still not created handle[1]
01-19 13:39:21.142550   180   180 D         : IPC_AGENT still not created handle[1]
01-19 13:39:21.342838   180   180 D         : IPC_AGENT still not created handle[1]
01-19 13:39:21.543168   180   180 D         : IPC_AGENT still not created handle[1]
01-19 13:39:21.741228   179   179 E radio_config: (4/100)access device "/dev/TTYEMS40" fail: 2 - No such file or directory
01-19 13:39:21.743460   180   180 D         : IPC_AGENT still not created handle[1]
01-19 13:39:21.943726   180   180 D         : IPC_AGENT still not created handle[1]
01-19 13:39:22.144941   180   180 D         : IPC_AGENT still not created handle[1]
01-19 13:39:22.198686   178   178 I RIL_EMSD: [GEN][FLOW]: tp_atiext_init.
01-19 13:39:22.198821   178   178 I RIL_EMSD: tp_gen_get_phone_cfg_info( auto_power=1,pri_flag=0,acc_list_len=3 )
01-19 13:39:22.200224   178   178 I RIL_EMSD: tp_gen_get_phone_cfg_info( auto_power=1,pri_flag=0,acc_list_len=3 )
01-19 13:39:22.200292   178   178 E RIL_EMSD: [TPM][FLOW]: tpm_component_load(lib name /system/lib/libems_TEL.so).
01-19 13:39:22.219273   178   178 E RIL_EMSD: [Phone ID:0,Function:sc_ati_open_mux_port,Line:1298][ATI][FLOW]: g_ati_port_open port_num:0
01-19 13:39:22.219463   178   618 I RIL_EMSD: [Phone ID:0,Function:sc_ati_timeout_msg_recv_thread,Line:1730][ATI][FLOW]: ATITIMEOUT task is running.
01-19 13:39:22.219511   178   178 I RIL_EMSD: [AOS][FLOW]: tp_dd_open(/dev/lmi0): fd=21
01-19 13:39:22.219565   178   618 I RIL_EMSD: [Phone ID:0,Function:sc_ati_timeout_msg_recv_thread,Line:1736][ATI][FUNC]: sc_ati_timeout_msg_recv_thread( para_ptr=0x0 )
01-19 13:39:22.291169   178   178 I RIL_EMSD: [Phone ID:0,Function:g_ati_port_open,Line:120][ATI][FLOW]: g_ati_port_open(port:1, flag:0), result
01-19 13:39:22.291807   178   178 I RIL_EMSD: [Phone ID:0,Function:sc_ati_open_mux_port,Line:1373][ATI][FUNC]: port_num 0 = SC_ATI_UNSOLICITED_RECEIVER_PORT_ID
01-19 13:39:22.292066   178   178 I RIL_EMSD: [Phone ID:0,Function:sc_ati_send_data_to_hls_specified_port,Line:417][ATI][FUNC]: sc_ati_send_data_to_hls_specified_port( port=0, buff_ptr=0xbee798f8, len=12, oper_id=0, fun_ptr=0xb6175fb1, timer_interval=-1 )
01-19 13:39:22.292200   178   178 I RIL_EMSD: [Phone ID:0,Function:sc_ati_at_cmd_trace,Line:2246][ATI][FLOW]: [AT CMD]Port01: AT^DMPCHN=0\\r
01-19 13:39:22.292342   178   178 I RIL_EMSD: [Phone ID:0,Function:sc_ati_dmpchn_set,Line:2106][ATI][FLOW]: sc_ati_dmpchn_set 111 mutex get3
01-19 13:39:22.292455   178   178 I RIL_EMSD: [Phone ID:0,Function:sc_ati_dmpchn_set,Line:2170][ATI][FLOW]: sc_ati_dmpchn_set 333 mutex put3
01-19 13:39:22.305127   178   616 E RIL_EMSD: [Phone ID:0,Function:sc_ati_get_hls_data,Line:634][ATI][FLOW]: sc_ati_get_hls_data port_id: 1
01-19 13:39:22.305298   178   616 E RIL_EMSD: [Phone ID:0,Function:sc_ati_get_hls_data,Line:642][ATI][FLOW]: sc_ati_get_hls_data port_info_ptr->port_state:1
01-19 13:39:22.305424   178   616 E RIL_EMSD: [Phone ID:0,Function:sc_ati_get_hls_data,Line:648][ATI][FLOW]: sc_ati_get_hls_data  port_info_ptr->dealwith_resinfo_fun_ptr
01-19 13:39:22.305546   178   616 I RIL_EMSD: [Phone ID:0,Function:sc_ati_at_cmd_trace,Line:2246][ATI][FLOW]: [AT CMD]Port01: \\r\\nOK\\r\\n
01-19 13:39:22.305724   178   616 I RIL_EMSD: [Phone ID:0,Function:sc_ati_synchronous_mode_res,Line:254][ATI][FUNC]: sc_ati_synchronous_mode_res( port=0, buffer_ptr=0xb2f82000, buffer_len=6, flag=0, g_sc_ati_mux_port_a[port]->port_state=1 )
01-19 13:39:22.305832   178   616 I RIL_EMSD: [Phone ID:0,Function:sc_ati_synchronous_mode_res,Line:272][ATI][FLOW]: mutex get
01-19 13:39:22.305974   178   616 I RIL_EMSD: [Phone ID:0,Function:sc_ati_synchronous_mode_res,Line:292][ATI][FLOW]: mutex put
01-19 13:39:22.306129   178   178 I RIL_EMSD: [Phone ID:0,Function:sc_ati_dmpchn_set,Line:2106][ATI][FLOW]: sc_ati_dmpchn_set 111 mutex get3
01-19 13:39:22.306254   178   178 I RIL_EMSD: [Phone ID:0,Function:sc_ati_give_back_mux_port,Line:1593][ATI][FUNC]: sc_ati_give_back_mux_port( port_num=0 )
01-19 13:39:22.306385   178   178 E RIL_EMSD: [Phone ID:0,Function:sc_ati_free_mux_buffer_queue,Line:1966][ATI][FLOW]: sc_ati_free_mux_buffer_queue entry port_num = 0!!!
01-19 13:39:22.306491   178   178 E RIL_EMSD: [Phone ID:0,Function:sc_ati_free_mux_buffer_queue,Line:1996][ATI][FLOW]: sc_ati_free_mux_buffer_queue exit.
01-19 13:39:22.306580   178   178 I RIL_EMSD: [Phone ID:0,Function:sc_ati_dmpchn_set,Line:2124][ATI][FLOW]: sc_ati_dmpchn_set 111 mutex put3
01-19 13:39:22.306671   178   178 E RIL_EMSD: [Phone ID:0,Function:sc_ati_open_mux_port,Line:1298][ATI][FLOW]: g_ati_port_open port_num:1
01-19 13:39:22.307179   178   178 I RIL_EMSD: [Phone ID:0,Function:g_ati_port_open,Line:120][ATI][FLOW]: g_ati_port_open(port:2, flag:0), result
01-19 13:39:22.307599   178   178 I RIL_EMSD: [Phone ID:0,Function:sc_ati_give_back_mux_port,Line:1593][ATI][FUNC]: sc_ati_give_back_mux_port( port_num=1 )
01-19 13:39:22.307802   178   178 I RIL_EMSD: [Phone ID:0,Function:sc_ati_send_data_to_hls_specified_port,Line:417][ATI][FUNC]: sc_ati_send_data_to_hls_specified_port( port=1, buff_ptr=0xbee798f8, len=12, oper_id=0, fun_ptr=0xb6175fb1, timer_interval=-1 )
01-19 13:39:22.307933   178   178 I RIL_EMSD: [Phone ID:0,Function:sc_ati_at_cmd_trace,Line:2246][ATI][FLOW]: [AT CMD]Port02: AT^DMPCHN=0\\r
01-19 13:39:22.308082   178   178 I RIL_EMSD: [Phone ID:0,Function:sc_ati_dmpchn_set,Line:2106][ATI][FLOW]: sc_ati_dmpchn_set 111 mutex get3
01-19 13:39:22.308194   178   178 I RIL_EMSD: [Phone ID:0,Function:sc_ati_dmpchn_set,Line:2170][ATI][FLOW]: sc_ati_dmpchn_set 333 mutex put3
01-19 13:39:22.309355   178   616 E RIL_EMSD: [Phone ID:0,Function:sc_ati_get_hls_data,Line:634][ATI][FLOW]: sc_ati_get_hls_data port_id: 2
01-19 13:39:22.309474   178   616 E RIL_EMSD: [Phone ID:0,Function:sc_ati_get_hls_data,Line:642][ATI][FLOW]: sc_ati_get_hls_data port_info_ptr->port_state:1
01-19 13:39:22.309590   178   616 E RIL_EMSD: [Phone ID:0,Function:sc_ati_get_hls_data,Line:648][ATI][FLOW]: sc_ati_get_hls_data  port_info_ptr->dealwith_resinfo_fun_ptr
01-19 13:39:22.309689   178   616 I RIL_EMSD: [Phone ID:0,Function:sc_ati_at_cmd_trace,Line:2246][ATI][FLOW]: [AT CMD]Port02: \\r\\nOK\\r\\n
01-19 13:39:22.309848   178   616 I RIL_EMSD: [Phone ID:0,Function:sc_ati_synchronous_mode_res,Line:254][ATI][FUNC]: sc_ati_synchronous_mode_res( port=1, buffer_ptr=0xb2f82008, buffer_len=6, flag=0, g_sc_ati_mux_port_a[port]->port_state=1 )
01-19 13:39:22.309982   178   616 E RIL_EMSD: [Phone ID:0,Function:sc_ati_channel_handle_status_flag,Line:1565][ATI][FLOW]: Not found matched channel!
01-19 13:39:22.310070   178   616 I RIL_EMSD: [Phone ID:0,Function:sc_ati_synchronous_mode_res,Line:272][ATI][FLOW]: mutex get
01-19 13:39:22.310166   178   616 I RIL_EMSD: [Phone ID:0,Function:sc_ati_synchronous_mode_res,Line:292][ATI][FLOW]: mutex put
01-19 13:39:22.310575   178   178 I RIL_EMSD: [Phone ID:0,Function:sc_ati_dmpchn_set,Line:2106][ATI][FLOW]: sc_ati_dmpchn_set 111 mutex get3
01-19 13:39:22.310690   178   178 I RIL_EMSD: [Phone ID:0,Function:sc_ati_give_back_mux_port,Line:1593][ATI][FUNC]: sc_ati_give_back_mux_port( port_num=1 )
01-19 13:39:22.310811   178   178 E RIL_EMSD: [Phone ID:0,Function:sc_ati_free_mux_buffer_queue,Line:1966][ATI][FLOW]: sc_ati_free_mux_buffer_queue entry port_num = 1!!!
01-19 13:39:22.310911   178   178 E RIL_EMSD: [Phone ID:0,Function:sc_ati_free_mux_buffer_queue,Line:1996][ATI][FLOW]: sc_ati_free_mux_buffer_queue exit.
01-19 13:39:22.310999   178   178 I RIL_EMSD: [Phone ID:0,Function:sc_ati_dmpchn_set,Line:2124][ATI][FLOW]: sc_ati_dmpchn_set 111 mutex put3
01-19 13:39:22.311159   178   178 I RIL_EMSD: [Phone ID:0,Function:sc_ati_send_data_to_hls_specified_port,Line:417][ATI][FUNC]: sc_ati_send_data_to_hls_specified_port( port=1, buff_ptr=0xbee798f8, len=10, oper_id=0, fun_ptr=0xb6175fb1, timer_interval=-1 )
01-19 13:39:22.311259   178   178 I RIL_EMSD: [Phone ID:0,Function:sc_ati_at_cmd_trace,Line:2246][ATI][FLOW]: [AT CMD]Port02: AT^DLKS=0\\r
01-19 13:39:22.311375   178   178 I RIL_EMSD: [Phone ID:0,Function:sc_ati_dlks_set,Line:2768][ATI][FLOW]: sc_ati_dlks_set 111 mutex get3
01-19 13:39:22.311463   178   178 I RIL_EMSD: [Phone ID:0,Function:sc_ati_dlks_set,Line:2825][ATI][FLOW]: sc_ati_dlks_set 333 mutex put3
01-19 13:39:22.312315   178   616 E RIL_EMSD: [Phone ID:0,Function:sc_ati_get_hls_data,Line:634][ATI][FLOW]: sc_ati_get_hls_data port_id: 2
01-19 13:39:22.312427   178   616 E RIL_EMSD: [Phone ID:0,Function:sc_ati_get_hls_data,Line:642][ATI][FLOW]: sc_ati_get_hls_data port_info_ptr->port_state:1
01-19 13:39:22.312550   178   616 E RIL_EMSD: [Phone ID:0,Function:sc_ati_get_hls_data,Line:648][ATI][FLOW]: sc_ati_get_hls_data  port_info_ptr->dealwith_resinfo_fun_ptr
01-19 13:39:22.312664   178   616 I RIL_EMSD: [Phone ID:0,Function:sc_ati_at_cmd_trace,Line:2246][ATI][FLOW]: [AT CMD]Port02: \\r\\nOK\\r\\n
01-19 13:39:22.312845   178   616 I RIL_EMSD: [Phone ID:0,Function:sc_ati_synchronous_mode_res,Line:254][ATI][FUNC]: sc_ati_synchronous_mode_res( port=1, buffer_ptr=0xb2f82010, buffer_len=6, flag=0, g_sc_ati_mux_port_a[port]->port_state=1 )
01-19 13:39:22.312956   178   616 E RIL_EMSD: [Phone ID:0,Function:sc_ati_channel_handle_status_flag,Line:1565][ATI][FLOW]: Not found matched channel!
01-19 13:39:22.313047   178   616 I RIL_EMSD: [Phone ID:0,Function:sc_ati_synchronous_mode_res,Line:272][ATI][FLOW]: mutex get
01-19 13:39:22.313156   178   616 I RIL_EMSD: [Phone ID:0,Function:sc_ati_synchronous_mode_res,Line:292][ATI][FLOW]: mutex put
01-19 13:39:22.313400   178   178 I RIL_EMSD: [Phone ID:0,Function:sc_ati_dlks_set,Line:2768][ATI][FLOW]: sc_ati_dlks_set 111 mutex get3
01-19 13:39:22.313506   178   178 I RIL_EMSD: [Phone ID:0,Function:sc_ati_dlks_set,Line:2784][ATI][FLOW]: sc_ati_dlks_set 111 mutex put3
01-19 13:39:22.313619   178   178 I RIL_EMSD: [Phone ID:0,Function:sc_ati_give_back_mux_port,Line:1593][ATI][FUNC]: sc_ati_give_back_mux_port( port_num=1 )
01-19 13:39:22.313757   178   178 E RIL_EMSD: [Phone ID:0,Function:sc_ati_free_mux_buffer_queue,Line:1966][ATI][FLOW]: sc_ati_free_mux_buffer_queue entry port_num = 1!!!
01-19 13:39:22.313867   178   178 E RIL_EMSD: [Phone ID:0,Function:sc_ati_free_mux_buffer_queue,Line:1996][ATI][FLOW]: sc_ati_free_mux_buffer_queue exit.
01-19 13:39:22.313979   178   178 E RIL_EMSD: [Phone ID:0,Function:sc_ati_open_mux_port,Line:1298][ATI][FLOW]: g_ati_port_open port_num:2
01-19 13:39:22.314517   178   178 I RIL_EMSD: [Phone ID:0,Function:g_ati_port_open,Line:120][ATI][FLOW]: g_ati_port_open(port:3, flag:0), result
01-19 13:39:22.314924   178   178 I RIL_EMSD: [Phone ID:0,Function:sc_ati_give_back_mux_port,Line:1593][ATI][FUNC]: sc_ati_give_back_mux_port( port_num=2 )
01-19 13:39:22.315099   178   178 I RIL_EMSD: [Phone ID:0,Function:sc_ati_send_data_to_hls_specified_port,Line:417][ATI][FUNC]: sc_ati_send_data_to_hls_specified_port( port=2, buff_ptr=0xbee798f8, len=12, oper_id=0, fun_ptr=0xb6175fb1, timer_interval=-1 )
01-19 13:39:22.315203   178   178 I RIL_EMSD: [Phone ID:0,Function:sc_ati_at_cmd_trace,Line:2246][ATI][FLOW]: [AT CMD]Port03: AT^DMPCHN=0\\r
01-19 13:39:22.315321   178   178 I RIL_EMSD: [Phone ID:0,Function:sc_ati_dmpchn_set,Line:2106][ATI][FLOW]: sc_ati_dmpchn_set 111 mutex get3
01-19 13:39:22.315414   178   178 I RIL_EMSD: [Phone ID:0,Function:sc_ati_dmpchn_set,Line:2170][ATI][FLOW]: sc_ati_dmpchn_set 333 mutex put3
01-19 13:39:22.316564   178   616 E RIL_EMSD: [Phone ID:0,Function:sc_ati_get_hls_data,Line:634][ATI][FLOW]: sc_ati_get_hls_data port_id: 3
01-19 13:39:22.316711   178   616 E RIL_EMSD: [Phone ID:0,Function:sc_ati_get_hls_data,Line:642][ATI][FLOW]: sc_ati_get_hls_data port_info_ptr->port_state:1
01-19 13:39:22.316844   178   616 E RIL_EMSD: [Phone ID:0,Function:sc_ati_get_hls_data,Line:648][ATI][FLOW]: sc_ati_get_hls_data  port_info_ptr->dealwith_resinfo_fun_ptr
01-19 13:39:22.316958   178   616 I RIL_EMSD: [Phone ID:0,Function:sc_ati_at_cmd_trace,Line:2246][ATI][FLOW]: [AT CMD]Port03: \\r\\nOK\\r\\n
01-19 13:39:22.317140   178   616 I RIL_EMSD: [Phone ID:0,Function:sc_ati_synchronous_mode_res,Line:254][ATI][FUNC]: sc_ati_synchronous_mode_res( port=2, buffer_ptr=0xb2f82018, buffer_len=6, flag=0, g_sc_ati_mux_port_a[port]->port_state=1 )
01-19 13:39:22.317262   178   616 E RIL_EMSD: [Phone ID:0,Function:sc_ati_channel_handle_status_flag,Line:1565][ATI][FLOW]: Not found matched channel!
01-19 13:39:22.317375   178   616 I RIL_EMSD: [Phone ID:0,Function:sc_ati_synchronous_mode_res,Line:272][ATI][FLOW]: mutex get
01-19 13:39:22.317518   178   616 I RIL_EMSD: [Phone ID:0,Function:sc_ati_synchronous_mode_res,Line:292][ATI][FLOW]: mutex put
01-19 13:39:22.317787   178   178 I RIL_EMSD: [Phone ID:0,Function:sc_ati_dmpchn_set,Line:2106][ATI][FLOW]: sc_ati_dmpchn_set 111 mutex get3
01-19 13:39:22.317932   178   178 I RIL_EMSD: [Phone ID:0,Function:sc_ati_give_back_mux_port,Line:1593][ATI][FUNC]: sc_ati_give_back_mux_port( port_num=2 )
01-19 13:39:22.318103   178   178 E RIL_EMSD: [Phone ID:0,Function:sc_ati_free_mux_buffer_queue,Line:1966][ATI][FLOW]: sc_ati_free_mux_buffer_queue entry port_num = 2!!!
01-19 13:39:22.318220   178   178 E RIL_EMSD: [Phone ID:0,Function:sc_ati_free_mux_buffer_queue,Line:1996][ATI][FLOW]: sc_ati_free_mux_buffer_queue exit.
01-19 13:39:22.318332   178   178 I RIL_EMSD: [Phone ID:0,Function:sc_ati_dmpchn_set,Line:2124][ATI][FLOW]: sc_ati_dmpchn_set 111 mutex put3
01-19 13:39:22.318545   178   178 I RIL_EMSD: [Phone ID:0,Function:sc_ati_send_data_to_hls_specified_port,Line:417][ATI][FUNC]: sc_ati_send_data_to_hls_specified_port( port=2, buff_ptr=0xbee798f8, len=10, oper_id=0, fun_ptr=0xb6175fb1, timer_interval=-1 )
01-19 13:39:22.318689   178   178 I RIL_EMSD: [Phone ID:0,Function:sc_ati_at_cmd_trace,Line:2246][ATI][FLOW]: [AT CMD]Port03: AT^DLKS=0\\r
01-19 13:39:22.318829   178   178 I RIL_EMSD: [Phone ID:0,Function:sc_ati_dlks_set,Line:2768][ATI][FLOW]: sc_ati_dlks_set 111 mutex get3
01-19 13:39:22.318931   178   178 I RIL_EMSD: [Phone ID:0,Function:sc_ati_dlks_set,Line:2825][ATI][FLOW]: sc_ati_dlks_set 333 mutex put3
01-19 13:39:22.319887   178   616 E RIL_EMSD: [Phone ID:0,Function:sc_ati_get_hls_data,Line:634][ATI][FLOW]: sc_ati_get_hls_data port_id: 3
01-19 13:39:22.320027   178   616 E RIL_EMSD: [Phone ID:0,Function:sc_ati_get_hls_data,Line:642][ATI][FLOW]: sc_ati_get_hls_data port_info_ptr->port_state:1
01-19 13:39:22.320143   178   616 E RIL_EMSD: [Phone ID:0,Function:sc_ati_get_hls_data,Line:648][ATI][FLOW]: sc_ati_get_hls_data  port_info_ptr->dealwith_resinfo_fun_ptr
01-19 13:39:22.320337   178   616 I RIL_EMSD: [Phone ID:0,Function:sc_ati_at_cmd_trace,Line:2246][ATI][FLOW]: [AT CMD]Port03: \\r\\nOK\\r\\n
01-19 13:39:22.320548   178   616 I RIL_EMSD: [Phone ID:0,Function:sc_ati_synchronous_mode_res,Line:254][ATI][FUNC]: sc_ati_synchronous_mode_res( port=2, buffer_ptr=0xb2f82020, buffer_len=6, flag=0, g_sc_ati_mux_port_a[port]->port_state=1 )
01-19 13:39:22.320657   178   616 E RIL_EMSD: [Phone ID:0,Function:sc_ati_channel_handle_status_flag,Line:1565][ATI][FLOW]: Not found matched channel!
01-19 13:39:22.320764   178   616 I RIL_EMSD: [Phone ID:0,Function:sc_ati_synchronous_mode_res,Line:272][ATI][FLOW]: mutex get
01-19 13:39:22.320869   178   616 I RIL_EMSD: [Phone ID:0,Function:sc_ati_synchronous_mode_res,Line:292][ATI][FLOW]: mutex put
01-19 13:39:22.321006   178   178 I RIL_EMSD: [Phone ID:0,Function:sc_ati_dlks_set,Line:2768][ATI][FLOW]: sc_ati_dlks_set 111 mutex get3
01-19 13:39:22.321114   178   178 I RIL_EMSD: [Phone ID:0,Function:sc_ati_dlks_set,Line:2784][ATI][FLOW]: sc_ati_dlks_set 111 mutex put3
01-19 13:39:22.321221   178   178 I RIL_EMSD: [Phone ID:0,Function:sc_ati_give_back_mux_port,Line:1593][ATI][FUNC]: sc_ati_give_back_mux_port( port_num=2 )
01-19 13:39:22.321345   178   178 E RIL_EMSD: [Phone ID:0,Function:sc_ati_free_mux_buffer_queue,Line:1966][ATI][FLOW]: sc_ati_free_mux_buffer_queue entry port_num = 2!!!
01-19 13:39:22.321448   178   178 E RIL_EMSD: [Phone ID:0,Function:sc_ati_free_mux_buffer_queue,Line:1996][ATI][FLOW]: sc_ati_free_mux_buffer_queue exit.
01-19 13:39:22.321546   178   178 E RIL_EMSD: [Phone ID:0,Function:sc_ati_open_mux_port,Line:1298][ATI][FLOW]: g_ati_port_open port_num:3
01-19 13:39:22.322077   178   178 I RIL_EMSD: [Phone ID:0,Function:g_ati_port_open,Line:120][ATI][FLOW]: g_ati_port_open(port:4, flag:0), result
01-19 13:39:22.322563   178   178 I RIL_EMSD: [Phone ID:0,Function:sc_ati_give_back_mux_port,Line:1593][ATI][FUNC]: sc_ati_give_back_mux_port( port_num=3 )
01-19 13:39:22.322757   178   178 I RIL_EMSD: [Phone ID:0,Function:sc_ati_send_data_to_hls_specified_port,Line:417][ATI][FUNC]: sc_ati_send_data_to_hls_specified_port( port=3, buff_ptr=0xbee798f8, len=12, oper_id=0, fun_ptr=0xb6175fb1, timer_interval=-1 )
01-19 13:39:22.322866   178   178 I RIL_EMSD: [Phone ID:0,Function:sc_ati_at_cmd_trace,Line:2246][ATI][FLOW]: [AT CMD]Port04: AT^DMPCHN=0\\r
01-19 13:39:22.322986   178   178 I RIL_EMSD: [Phone ID:0,Function:sc_ati_dmpchn_set,Line:2106][ATI][FLOW]: sc_ati_dmpchn_set 111 mutex get3
01-19 13:39:22.323079   178   178 I RIL_EMSD: [Phone ID:0,Function:sc_ati_dmpchn_set,Line:2170][ATI][FLOW]: sc_ati_dmpchn_set 333 mutex put3
01-19 13:39:22.324306   178   616 E RIL_EMSD: [Phone ID:0,Function:sc_ati_get_hls_data,Line:634][ATI][FLOW]: sc_ati_get_hls_data port_id: 4
01-19 13:39:22.324434   178   616 E RIL_EMSD: [Phone ID:0,Function:sc_ati_get_hls_data,Line:642][ATI][FLOW]: sc_ati_get_hls_data port_info_ptr->port_state:1
01-19 13:39:22.324664   178   616 E RIL_EMSD: [Phone ID:0,Function:sc_ati_get_hls_data,Line:648][ATI][FLOW]: sc_ati_get_hls_data  port_info_ptr->dealwith_resinfo_fun_ptr
01-19 13:39:22.324772   178   616 I RIL_EMSD: [Phone ID:0,Function:sc_ati_at_cmd_trace,Line:2246][ATI][FLOW]: [AT CMD]Port04: \\r\\nOK\\r\\n
01-19 13:39:22.324980   178   616 I RIL_EMSD: [Phone ID:0,Function:sc_ati_synchronous_mode_res,Line:254][ATI][FUNC]: sc_ati_synchronous_mode_res( port=3, buffer_ptr=0xb2f82028, buffer_len=6, flag=0, g_sc_ati_mux_port_a[port]->port_state=1 )
01-19 13:39:22.325099   178   616 E RIL_EMSD: [Phone ID:0,Function:sc_ati_channel_handle_status_flag,Line:1565][ATI][FLOW]: Not found matched channel!
01-19 13:39:22.325198   178   616 I RIL_EMSD: [Phone ID:0,Function:sc_ati_synchronous_mode_res,Line:272][ATI][FLOW]: mutex get
01-19 13:39:22.325307   178   616 I RIL_EMSD: [Phone ID:0,Function:sc_ati_synchronous_mode_res,Line:292][ATI][FLOW]: mutex put
01-19 13:39:22.325505   178   178 I RIL_EMSD: [Phone ID:0,Function:sc_ati_dmpchn_set,Line:2106][ATI][FLOW]: sc_ati_dmpchn_set 111 mutex get3
01-19 13:39:22.325632   178   178 I RIL_EMSD: [Phone ID:0,Function:sc_ati_give_back_mux_port,Line:1593][ATI][FUNC]: sc_ati_give_back_mux_port( port_num=3 )
01-19 13:39:22.325771   178   178 E RIL_EMSD: [Phone ID:0,Function:sc_ati_free_mux_buffer_queue,Line:1966][ATI][FLOW]: sc_ati_free_mux_buffer_queue entry port_num = 3!!!
01-19 13:39:22.325883   178   178 E RIL_EMSD: [Phone ID:0,Function:sc_ati_free_mux_buffer_queue,Line:1996][ATI][FLOW]: sc_ati_free_mux_buffer_queue exit.
01-19 13:39:22.325981   178   178 I RIL_EMSD: [Phone ID:0,Function:sc_ati_dmpchn_set,Line:2124][ATI][FLOW]: sc_ati_dmpchn_set 111 mutex put3
01-19 13:39:22.326210   178   178 I RIL_EMSD: [Phone ID:0,Function:sc_ati_send_data_to_hls_specified_port,Line:417][ATI][FUNC]: sc_ati_send_data_to_hls_specified_port( port=3, buff_ptr=0xbee798f8, len=10, oper_id=0, fun_ptr=0xb6175fb1, timer_interval=-1 )
01-19 13:39:22.326352   178   178 I RIL_EMSD: [Phone ID:0,Function:sc_ati_at_cmd_trace,Line:2246][ATI][FLOW]: [AT CMD]Port04: AT^DLKS=0\\r
01-19 13:39:22.326488   178   178 I RIL_EMSD: [Phone ID:0,Function:sc_ati_dlks_set,Line:2768][ATI][FLOW]: sc_ati_dlks_set 111 mutex get3
01-19 13:39:22.326610   178   178 I RIL_EMSD: [Phone ID:0,Function:sc_ati_dlks_set,Line:2825][ATI][FLOW]: sc_ati_dlks_set 333 mutex put3
01-19 13:39:22.327422   178   616 E RIL_EMSD: [Phone ID:0,Function:sc_ati_get_hls_data,Line:634][ATI][FLOW]: sc_ati_get_hls_data port_id: 4
01-19 13:39:22.327571   178   616 E RIL_EMSD: [Phone ID:0,Function:sc_ati_get_hls_data,Line:642][ATI][FLOW]: sc_ati_get_hls_data port_info_ptr->port_state:1
01-19 13:39:22.327729   178   616 E RIL_EMSD: [Phone ID:0,Function:sc_ati_get_hls_data,Line:648][ATI][FLOW]: sc_ati_get_hls_data  port_info_ptr->dealwith_resinfo_fun_ptr
01-19 13:39:22.327846   178   616 I RIL_EMSD: [Phone ID:0,Function:sc_ati_at_cmd_trace,Line:2246][ATI][FLOW]: [AT CMD]Port04: \\r\\nOK\\r\\n
01-19 13:39:22.328027   178   616 I RIL_EMSD: [Phone ID:0,Function:sc_ati_synchronous_mode_res,Line:254][ATI][FUNC]: sc_ati_synchronous_mode_res( port=3, buffer_ptr=0xb2f82030, buffer_len=6, flag=0, g_sc_ati_mux_port_a[port]->port_state=1 )
01-19 13:39:22.328133   178   616 E RIL_EMSD: [Phone ID:0,Function:sc_ati_channel_handle_status_flag,Line:1565][ATI][FLOW]: Not found matched channel!
01-19 13:39:22.328221   178   616 I RIL_EMSD: [Phone ID:0,Function:sc_ati_synchronous_mode_res,Line:272][ATI][FLOW]: mutex get
01-19 13:39:22.328304   178   616 I RIL_EMSD: [Phone ID:0,Function:sc_ati_synchronous_mode_res,Line:292][ATI][FLOW]: mutex put
01-19 13:39:22.328439   178   178 I RIL_EMSD: [Phone ID:0,Function:sc_ati_dlks_set,Line:2768][ATI][FLOW]: sc_ati_dlks_set 111 mutex get3
01-19 13:39:22.328581   178   178 I RIL_EMSD: [Phone ID:0,Function:sc_ati_dlks_set,Line:2784][ATI][FLOW]: sc_ati_dlks_set 111 mutex put3
01-19 13:39:22.328740   178   178 I RIL_EMSD: [Phone ID:0,Function:sc_ati_give_back_mux_port,Line:1593][ATI][FUNC]: sc_ati_give_back_mux_port( port_num=3 )
01-19 13:39:22.328898   178   178 E RIL_EMSD: [Phone ID:0,Function:sc_ati_free_mux_buffer_queue,Line:1966][ATI][FLOW]: sc_ati_free_mux_buffer_queue entry port_num = 3!!!
01-19 13:39:22.329018   178   178 E RIL_EMSD: [Phone ID:0,Function:sc_ati_free_mux_buffer_queue,Line:1996][ATI][FLOW]: sc_ati_free_mux_buffer_queue exit.
01-19 13:39:22.329130   178   178 E RIL_EMSD: [Phone ID:0,Function:sc_ati_open_mux_port,Line:1298][ATI][FLOW]: g_ati_port_open port_num:4
01-19 13:39:22.329675   178   178 I RIL_EMSD: [Phone ID:0,Function:g_ati_port_open,Line:120][ATI][FLOW]: g_ati_port_open(port:5, flag:0), result
01-19 13:39:22.330052   178   178 I RIL_EMSD: [Phone ID:0,Function:sc_ati_give_back_mux_port,Line:1593][ATI][FUNC]: sc_ati_give_back_mux_port( port_num=4 )
01-19 13:39:22.330311   178   178 I RIL_EMSD: [Phone ID:0,Function:sc_ati_send_data_to_hls_specified_port,Line:417][ATI][FUNC]: sc_ati_send_data_to_hls_specified_port( port=4, buff_ptr=0xbee798f8, len=12, oper_id=0, fun_ptr=0xb6175fb1, timer_interval=-1 )
01-19 13:39:22.330424   178   178 I RIL_EMSD: [Phone ID:0,Function:sc_ati_at_cmd_trace,Line:2246][ATI][FLOW]: [AT CMD]Port05: AT^DMPCHN=0\\r
01-19 13:39:22.330552   178   178 I RIL_EMSD: [Phone ID:0,Function:sc_ati_dmpchn_set,Line:2106][ATI][FLOW]: sc_ati_dmpchn_set 111 mutex get3
01-19 13:39:22.330686   178   178 I RIL_EMSD: [Phone ID:0,Function:sc_ati_dmpchn_set,Line:2170][ATI][FLOW]: sc_ati_dmpchn_set 333 mutex put3
01-19 13:39:22.331754   178   616 E RIL_EMSD: [Phone ID:0,Function:sc_ati_get_hls_data,Line:634][ATI][FLOW]: sc_ati_get_hls_data port_id: 5
01-19 13:39:22.331878   178   616 E RIL_EMSD: [Phone ID:0,Function:sc_ati_get_hls_data,Line:642][ATI][FLOW]: sc_ati_get_hls_data port_info_ptr->port_state:1
01-19 13:39:22.331998   178   616 E RIL_EMSD: [Phone ID:0,Function:sc_ati_get_hls_data,Line:648][ATI][FLOW]: sc_ati_get_hls_data  port_info_ptr->dealwith_resinfo_fun_ptr
01-19 13:39:22.332096   178   616 I RIL_EMSD: [Phone ID:0,Function:sc_ati_at_cmd_trace,Line:2246][ATI][FLOW]: [AT CMD]Port05: \\r\\nOK\\r\\n
01-19 13:39:22.332266   178   616 I RIL_EMSD: [Phone ID:0,Function:sc_ati_synchronous_mode_res,Line:254][ATI][FUNC]: sc_ati_synchronous_mode_res( port=4, buffer_ptr=0xb2f82038, buffer_len=6, flag=0, g_sc_ati_mux_port_a[port]->port_state=1 )
01-19 13:39:22.332372   178   616 E RIL_EMSD: [Phone ID:0,Function:sc_ati_channel_handle_status_flag,Line:1565][ATI][FLOW]: Not found matched channel!
01-19 13:39:22.332465   178   616 I RIL_EMSD: [Phone ID:0,Function:sc_ati_synchronous_mode_res,Line:272][ATI][FLOW]: mutex get
01-19 13:39:22.332566   178   616 I RIL_EMSD: [Phone ID:0,Function:sc_ati_synchronous_mode_res,Line:292][ATI][FLOW]: mutex put
01-19 13:39:22.332712   178   178 I RIL_EMSD: [Phone ID:0,Function:sc_ati_dmpchn_set,Line:2106][ATI][FLOW]: sc_ati_dmpchn_set 111 mutex get3
01-19 13:39:22.332836   178   178 I RIL_EMSD: [Phone ID:0,Function:sc_ati_give_back_mux_port,Line:1593][ATI][FUNC]: sc_ati_give_back_mux_port( port_num=4 )
01-19 13:39:22.332970   178   178 E RIL_EMSD: [Phone ID:0,Function:sc_ati_free_mux_buffer_queue,Line:1966][ATI][FLOW]: sc_ati_free_mux_buffer_queue entry port_num = 4!!!
01-19 13:39:22.333120   178   178 E RIL_EMSD: [Phone ID:0,Function:sc_ati_free_mux_buffer_queue,Line:1996][ATI][FLOW]: sc_ati_free_mux_buffer_queue exit.
01-19 13:39:22.333251   178   178 I RIL_EMSD: [Phone ID:0,Function:sc_ati_dmpchn_set,Line:2124][ATI][FLOW]: sc_ati_dmpchn_set 111 mutex put3
01-19 13:39:22.333439   178   178 I RIL_EMSD: [Phone ID:0,Function:sc_ati_send_data_to_hls_specified_port,Line:417][ATI][FUNC]: sc_ati_send_data_to_hls_specified_port( port=4, buff_ptr=0xbee798f8, len=10, oper_id=0, fun_ptr=0xb6175fb1, timer_interval=-1 )
01-19 13:39:22.333546   178   178 I RIL_EMSD: [Phone ID:0,Function:sc_ati_at_cmd_trace,Line:2246][ATI][FLOW]: [AT CMD]Port05: AT^DLKS=0\\r
01-19 13:39:22.333662   178   178 I RIL_EMSD: [Phone ID:0,Function:sc_ati_dlks_set,Line:2768][ATI][FLOW]: sc_ati_dlks_set 111 mutex get3
01-19 13:39:22.333764   178   178 I RIL_EMSD: [Phone ID:0,Function:sc_ati_dlks_set,Line:2825][ATI][FLOW]: sc_ati_dlks_set 333 mutex put3
01-19 13:39:22.334630   178   616 E RIL_EMSD: [Phone ID:0,Function:sc_ati_get_hls_data,Line:634][ATI][FLOW]: sc_ati_get_hls_data port_id: 5
01-19 13:39:22.334747   178   616 E RIL_EMSD: [Phone ID:0,Function:sc_ati_get_hls_data,Line:642][ATI][FLOW]: sc_ati_get_hls_data port_info_ptr->port_state:1
01-19 13:39:22.334860   178   616 E RIL_EMSD: [Phone ID:0,Function:sc_ati_get_hls_data,Line:648][ATI][FLOW]: sc_ati_get_hls_data  port_info_ptr->dealwith_resinfo_fun_ptr
01-19 13:39:22.334951   178   616 I RIL_EMSD: [Phone ID:0,Function:sc_ati_at_cmd_trace,Line:2246][ATI][FLOW]: [AT CMD]Port05: \\r\\nOK\\r\\n
01-19 13:39:22.335390   178   616 I RIL_EMSD: [Phone ID:0,Function:sc_ati_synchronous_mode_res,Line:254][ATI][FUNC]: sc_ati_synchronous_mode_res( port=4, buffer_ptr=0xb2f82040, buffer_len=6, flag=0, g_sc_ati_mux_port_a[port]->port_state=1 )
01-19 13:39:22.335506   178   616 E RIL_EMSD: [Phone ID:0,Function:sc_ati_channel_handle_status_flag,Line:1565][ATI][FLOW]: Not found matched channel!
01-19 13:39:22.335596   178   616 I RIL_EMSD: [Phone ID:0,Function:sc_ati_synchronous_mode_res,Line:272][ATI][FLOW]: mutex get
01-19 13:39:22.335737   178   616 I RIL_EMSD: [Phone ID:0,Function:sc_ati_synchronous_mode_res,Line:292][ATI][FLOW]: mutex put
01-19 13:39:22.335879   178   178 I RIL_EMSD: [Phone ID:0,Function:sc_ati_dlks_set,Line:2768][ATI][FLOW]: sc_ati_dlks_set 111 mutex get3
01-19 13:39:22.335980   178   178 I RIL_EMSD: [Phone ID:0,Function:sc_ati_dlks_set,Line:2784][ATI][FLOW]: sc_ati_dlks_set 111 mutex put3
01-19 13:39:22.336085   178   178 I RIL_EMSD: [Phone ID:0,Function:sc_ati_give_back_mux_port,Line:1593][ATI][FUNC]: sc_ati_give_back_mux_port( port_num=4 )
01-19 13:39:22.336209   178   178 E RIL_EMSD: [Phone ID:0,Function:sc_ati_free_mux_buffer_queue,Line:1966][ATI][FLOW]: sc_ati_free_mux_buffer_queue entry port_num = 4!!!
01-19 13:39:22.336311   178   178 E RIL_EMSD: [Phone ID:0,Function:sc_ati_free_mux_buffer_queue,Line:1996][ATI][FLOW]: sc_ati_free_mux_buffer_queue exit.
01-19 13:39:22.336408   178   178 E RIL_EMSD: [Phone ID:0,Function:sc_ati_open_mux_port,Line:1298][ATI][FLOW]: g_ati_port_open port_num:5
01-19 13:39:22.336902   178   178 I RIL_EMSD: [Phone ID:0,Function:g_ati_port_open,Line:120][ATI][FLOW]: g_ati_port_open(port:6, flag:0), result
01-19 13:39:22.337468   178   178 I RIL_EMSD: [Phone ID:0,Function:sc_ati_give_back_mux_port,Line:1593][ATI][FUNC]: sc_ati_give_back_mux_port( port_num=5 )
01-19 13:39:22.337662   178   178 I RIL_EMSD: [Phone ID:0,Function:sc_ati_send_data_to_hls_specified_port,Line:417][ATI][FUNC]: sc_ati_send_data_to_hls_specified_port( port=5, buff_ptr=0xbee798f8, len=12, oper_id=0, fun_ptr=0xb6175fb1, timer_interval=-1 )
01-19 13:39:22.337773   178   178 I RIL_EMSD: [Phone ID:0,Function:sc_ati_at_cmd_trace,Line:2246][ATI][FLOW]: [AT CMD]Port06: AT^DMPCHN=0\\r
01-19 13:39:22.337891   178   178 I RIL_EMSD: [Phone ID:0,Function:sc_ati_dmpchn_set,Line:2106][ATI][FLOW]: sc_ati_dmpchn_set 111 mutex get3
01-19 13:39:22.337989   178   178 I RIL_EMSD: [Phone ID:0,Function:sc_ati_dmpchn_set,Line:2170][ATI][FLOW]: sc_ati_dmpchn_set 333 mutex put3
01-19 13:39:22.339348   178   616 E RIL_EMSD: [Phone ID:0,Function:sc_ati_get_hls_data,Line:634][ATI][FLOW]: sc_ati_get_hls_data port_id: 6
01-19 13:39:22.339475   178   616 E RIL_EMSD: [Phone ID:0,Function:sc_ati_get_hls_data,Line:642][ATI][FLOW]: sc_ati_get_hls_data port_info_ptr->port_state:1
01-19 13:39:22.339593   178   616 E RIL_EMSD: [Phone ID:0,Function:sc_ati_get_hls_data,Line:648][ATI][FLOW]: sc_ati_get_hls_data  port_info_ptr->dealwith_resinfo_fun_ptr
01-19 13:39:22.339706   178   616 I RIL_EMSD: [Phone ID:0,Function:sc_ati_at_cmd_trace,Line:2246][ATI][FLOW]: [AT CMD]Port06: \\r\\nOK\\r\\n
01-19 13:39:22.339858   178   616 I RIL_EMSD: [Phone ID:0,Function:sc_ati_synchronous_mode_res,Line:254][ATI][FUNC]: sc_ati_synchronous_mode_res( port=5, buffer_ptr=0xb2f82048, buffer_len=6, flag=0, g_sc_ati_mux_port_a[port]->port_state=1 )
01-19 13:39:22.339955   178   616 E RIL_EMSD: [Phone ID:0,Function:sc_ati_channel_handle_status_flag,Line:1565][ATI][FLOW]: Not found matched channel!
01-19 13:39:22.340038   178   616 I RIL_EMSD: [Phone ID:0,Function:sc_ati_synchronous_mode_res,Line:272][ATI][FLOW]: mutex get
01-19 13:39:22.340136   178   616 I RIL_EMSD: [Phone ID:0,Function:sc_ati_synchronous_mode_res,Line:292][ATI][FLOW]: mutex put
01-19 13:39:22.340382   178   178 I RIL_EMSD: [Phone ID:0,Function:sc_ati_dmpchn_set,Line:2106][ATI][FLOW]: sc_ati_dmpchn_set 111 mutex get3
01-19 13:39:22.340495   178   178 I RIL_EMSD: [Phone ID:0,Function:sc_ati_give_back_mux_port,Line:1593][ATI][FUNC]: sc_ati_give_back_mux_port( port_num=5 )
01-19 13:39:22.340615   178   178 E RIL_EMSD: [Phone ID:0,Function:sc_ati_free_mux_buffer_queue,Line:1966][ATI][FLOW]: sc_ati_free_mux_buffer_queue entry port_num = 5!!!
01-19 13:39:22.340717   178   178 E RIL_EMSD: [Phone ID:0,Function:sc_ati_free_mux_buffer_queue,Line:1996][ATI][FLOW]: sc_ati_free_mux_buffer_queue exit.
01-19 13:39:22.340820   178   178 I RIL_EMSD: [Phone ID:0,Function:sc_ati_dmpchn_set,Line:2124][ATI][FLOW]: sc_ati_dmpchn_set 111 mutex put3
01-19 13:39:22.341295   178   178 I RIL_EMSD: [Phone ID:0,Function:sc_ati_send_data_to_hls_specified_port,Line:417][ATI][FUNC]: sc_ati_send_data_to_hls_specified_port( port=5, buff_ptr=0xbee798f8, len=10, oper_id=0, fun_ptr=0xb6175fb1, timer_interval=-1 )
01-19 13:39:22.341428   178   178 I RIL_EMSD: [Phone ID:0,Function:sc_ati_at_cmd_trace,Line:2246][ATI][FLOW]: [AT CMD]Port06: AT^DLKS=0\\r
01-19 13:39:22.341562   178   178 I RIL_EMSD: [Phone ID:0,Function:sc_ati_dlks_set,Line:2768][ATI][FLOW]: sc_ati_dlks_set 111 mutex get3
01-19 13:39:22.341653   178   178 I RIL_EMSD: [Phone ID:0,Function:sc_ati_dlks_set,Line:2825][ATI][FLOW]: sc_ati_dlks_set 333 mutex put3
01-19 13:39:22.342516   178   616 E RIL_EMSD: [Phone ID:0,Function:sc_ati_get_hls_data,Line:634][ATI][FLOW]: sc_ati_get_hls_data port_id: 6
01-19 13:39:22.342637   178   616 E RIL_EMSD: [Phone ID:0,Function:sc_ati_get_hls_data,Line:642][ATI][FLOW]: sc_ati_get_hls_data port_info_ptr->port_state:1
01-19 13:39:22.342755   178   616 E RIL_EMSD: [Phone ID:0,Function:sc_ati_get_hls_data,Line:648][ATI][FLOW]: sc_ati_get_hls_data  port_info_ptr->dealwith_resinfo_fun_ptr
01-19 13:39:22.342850   178   616 I RIL_EMSD: [Phone ID:0,Function:sc_ati_at_cmd_trace,Line:2246][ATI][FLOW]: [AT CMD]Port06: \\r\\nOK\\r\\n
01-19 13:39:22.343026   178   616 I RIL_EMSD: [Phone ID:0,Function:sc_ati_synchronous_mode_res,Line:254][ATI][FUNC]: sc_ati_synchronous_mode_res( port=5, buffer_ptr=0xb2f82050, buffer_len=6, flag=0, g_sc_ati_mux_port_a[port]->port_state=1 )
01-19 13:39:22.343147   178   616 E RIL_EMSD: [Phone ID:0,Function:sc_ati_channel_handle_status_flag,Line:1565][ATI][FLOW]: Not found matched channel!
01-19 13:39:22.343540   178   616 I RIL_EMSD: [Phone ID:0,Function:sc_ati_synchronous_mode_res,Line:272][ATI][FLOW]: mutex get
01-19 13:39:22.343663   178   616 I RIL_EMSD: [Phone ID:0,Function:sc_ati_synchronous_mode_res,Line:292][ATI][FLOW]: mutex put
01-19 13:39:22.343826   178   178 I RIL_EMSD: [Phone ID:0,Function:sc_ati_dlks_set,Line:2768][ATI][FLOW]: sc_ati_dlks_set 111 mutex get3
01-19 13:39:22.343951   178   178 I RIL_EMSD: [Phone ID:0,Function:sc_ati_dlks_set,Line:2784][ATI][FLOW]: sc_ati_dlks_set 111 mutex put3
01-19 13:39:22.344074   178   178 I RIL_EMSD: [Phone ID:0,Function:sc_ati_give_back_mux_port,Line:1593][ATI][FUNC]: sc_ati_give_back_mux_port( port_num=5 )
01-19 13:39:22.344212   178   178 E RIL_EMSD: [Phone ID:0,Function:sc_ati_free_mux_buffer_queue,Line:1966][ATI][FLOW]: sc_ati_free_mux_buffer_queue entry port_num = 5!!!
01-19 13:39:22.344326   178   178 E RIL_EMSD: [Phone ID:0,Function:sc_ati_free_mux_buffer_queue,Line:1996][ATI][FLOW]: sc_ati_free_mux_buffer_queue exit.
01-19 13:39:22.344440   178   178 E RIL_EMSD: [Phone ID:0,Function:sc_ati_open_mux_port,Line:1298][ATI][FLOW]: g_ati_port_open port_num:6
01-19 13:39:22.344935   178   178 I RIL_EMSD: [Phone ID:0,Function:g_ati_port_open,Line:120][ATI][FLOW]: g_ati_port_open(port:7, flag:0), result
01-19 13:39:22.345242   180   180 D         : IPC_AGENT still not created handle[1]
01-19 13:39:22.345371   178   178 I RIL_EMSD: [Phone ID:0,Function:sc_ati_give_back_mux_port,Line:1593][ATI][FUNC]: sc_ati_give_back_mux_port( port_num=6 )
01-19 13:39:22.345606   178   178 I RIL_EMSD: [Phone ID:0,Function:sc_ati_send_data_to_hls_specified_port,Line:417][ATI][FUNC]: sc_ati_send_data_to_hls_specified_port( port=6, buff_ptr=0xbee798f8, len=12, oper_id=0, fun_ptr=0xb6175fb1, timer_interval=-1 )
01-19 13:39:22.345736   178   178 I RIL_EMSD: [Phone ID:0,Function:sc_ati_at_cmd_trace,Line:2246][ATI][FLOW]: [AT CMD]Port07: AT^DMPCHN=0\\r
01-19 13:39:22.345869   178   178 I RIL_EMSD: [Phone ID:0,Function:sc_ati_dmpchn_set,Line:2106][ATI][FLOW]: sc_ati_dmpchn_set 111 mutex get3
01-19 13:39:22.345965   178   178 I RIL_EMSD: [Phone ID:0,Function:sc_ati_dmpchn_set,Line:2170][ATI][FLOW]: sc_ati_dmpchn_set 333 mutex put3
01-19 13:39:22.347068   178   616 E RIL_EMSD: [Phone ID:0,Function:sc_ati_get_hls_data,Line:634][ATI][FLOW]: sc_ati_get_hls_data port_id: 7
01-19 13:39:22.347197   178   616 E RIL_EMSD: [Phone ID:0,Function:sc_ati_get_hls_data,Line:642][ATI][FLOW]: sc_ati_get_hls_data port_info_ptr->port_state:1
01-19 13:39:22.347312   178   616 E RIL_EMSD: [Phone ID:0,Function:sc_ati_get_hls_data,Line:648][ATI][FLOW]: sc_ati_get_hls_data  port_info_ptr->dealwith_resinfo_fun_ptr
01-19 13:39:22.347406   178   616 I RIL_EMSD: [Phone ID:0,Function:sc_ati_at_cmd_trace,Line:2246][ATI][FLOW]: [AT CMD]Port07: \\r\\nOK\\r\\n
01-19 13:39:22.347899   178   616 I RIL_EMSD: [Phone ID:0,Function:sc_ati_synchronous_mode_res,Line:254][ATI][FUNC]: sc_ati_synchronous_mode_res( port=6, buffer_ptr=0xb2f82058, buffer_len=6, flag=0, g_sc_ati_mux_port_a[port]->port_state=1 )
01-19 13:39:22.348031   178   616 E RIL_EMSD: [Phone ID:0,Function:sc_ati_channel_handle_status_flag,Line:1565][ATI][FLOW]: Not found matched channel!
01-19 13:39:22.348136   178   616 I RIL_EMSD: [Phone ID:0,Function:sc_ati_synchronous_mode_res,Line:272][ATI][FLOW]: mutex get
01-19 13:39:22.348250   178   616 I RIL_EMSD: [Phone ID:0,Function:sc_ati_synchronous_mode_res,Line:292][ATI][FLOW]: mutex put
01-19 13:39:22.348395   178   178 I RIL_EMSD: [Phone ID:0,Function:sc_ati_dmpchn_set,Line:2106][ATI][FLOW]: sc_ati_dmpchn_set 111 mutex get3
01-19 13:39:22.348510   178   178 I RIL_EMSD: [Phone ID:0,Function:sc_ati_give_back_mux_port,Line:1593][ATI][FUNC]: sc_ati_give_back_mux_port( port_num=6 )
01-19 13:39:22.348651   178   178 E RIL_EMSD: [Phone ID:0,Function:sc_ati_free_mux_buffer_queue,Line:1966][ATI][FLOW]: sc_ati_free_mux_buffer_queue entry port_num = 6!!!
01-19 13:39:22.348771   178   178 E RIL_EMSD: [Phone ID:0,Function:sc_ati_free_mux_buffer_queue,Line:1996][ATI][FLOW]: sc_ati_free_mux_buffer_queue exit.
01-19 13:39:22.348891   178   178 I RIL_EMSD: [Phone ID:0,Function:sc_ati_dmpchn_set,Line:2124][ATI][FLOW]: sc_ati_dmpchn_set 111 mutex put3
01-19 13:39:22.349101   178   178 I RIL_EMSD: [Phone ID:0,Function:sc_ati_send_data_to_hls_specified_port,Line:417][ATI][FUNC]: sc_ati_send_data_to_hls_specified_port( port=6, buff_ptr=0xbee798f8, len=10, oper_id=0, fun_ptr=0xb6175fb1, timer_interval=-1 )
01-19 13:39:22.349224   178   178 I RIL_EMSD: [Phone ID:0,Function:sc_ati_at_cmd_trace,Line:2246][ATI][FLOW]: [AT CMD]Port07: AT^DLKS=0\\r
01-19 13:39:22.349360   178   178 I RIL_EMSD: [Phone ID:0,Function:sc_ati_dlks_set,Line:2768][ATI][FLOW]: sc_ati_dlks_set 111 mutex get3
01-19 13:39:22.349468   178   178 I RIL_EMSD: [Phone ID:0,Function:sc_ati_dlks_set,Line:2825][ATI][FLOW]: sc_ati_dlks_set 333 mutex put3
01-19 13:39:22.350462   178   616 E RIL_EMSD: [Phone ID:0,Function:sc_ati_get_hls_data,Line:634][ATI][FLOW]: sc_ati_get_hls_data port_id: 7
01-19 13:39:22.350639   178   616 E RIL_EMSD: [Phone ID:0,Function:sc_ati_get_hls_data,Line:642][ATI][FLOW]: sc_ati_get_hls_data port_info_ptr->port_state:1
01-19 13:39:22.350767   178   616 E RIL_EMSD: [Phone ID:0,Function:sc_ati_get_hls_data,Line:648][ATI][FLOW]: sc_ati_get_hls_data  port_info_ptr->dealwith_resinfo_fun_ptr
01-19 13:39:22.350880   178   616 I RIL_EMSD: [Phone ID:0,Function:sc_ati_at_cmd_trace,Line:2246][ATI][FLOW]: [AT CMD]Port07: \\r\\nOK\\r\\n
01-19 13:39:22.351065   178   616 I RIL_EMSD: [Phone ID:0,Function:sc_ati_synchronous_mode_res,Line:254][ATI][FUNC]: sc_ati_synchronous_mode_res( port=6, buffer_ptr=0xb2f82060, buffer_len=6, flag=0, g_sc_ati_mux_port_a[port]->port_state=1 )
01-19 13:39:22.351197   178   616 E RIL_EMSD: [Phone ID:0,Function:sc_ati_channel_handle_status_flag,Line:1565][ATI][FLOW]: Not found matched channel!
01-19 13:39:22.351301   178   616 I RIL_EMSD: [Phone ID:0,Function:sc_ati_synchronous_mode_res,Line:272][ATI][FLOW]: mutex get
01-19 13:39:22.351409   178   616 I RIL_EMSD: [Phone ID:0,Function:sc_ati_synchronous_mode_res,Line:292][ATI][FLOW]: mutex put
01-19 13:39:22.351559   178   178 I RIL_EMSD: [Phone ID:0,Function:sc_ati_dlks_set,Line:2768][ATI][FLOW]: sc_ati_dlks_set 111 mutex get3
01-19 13:39:22.351687   178   178 I RIL_EMSD: [Phone ID:0,Function:sc_ati_dlks_set,Line:2784][ATI][FLOW]: sc_ati_dlks_set 111 mutex put3
01-19 13:39:22.351817   178   178 I RIL_EMSD: [Phone ID:0,Function:sc_ati_give_back_mux_port,Line:1593][ATI][FUNC]: sc_ati_give_back_mux_port( port_num=6 )
01-19 13:39:22.351955   178   178 E RIL_EMSD: [Phone ID:0,Function:sc_ati_free_mux_buffer_queue,Line:1966][ATI][FLOW]: sc_ati_free_mux_buffer_queue entry port_num = 6!!!
01-19 13:39:22.352095   178   178 E RIL_EMSD: [Phone ID:0,Function:sc_ati_free_mux_buffer_queue,Line:1996][ATI][FLOW]: sc_ati_free_mux_buffer_queue exit.
01-19 13:39:22.352267   178   178 E RIL_EMSD: [Phone ID:0,Function:sc_ati_open_mux_port,Line:1298][ATI][FLOW]: g_ati_port_open port_num:7
01-19 13:39:22.352811   178   178 I RIL_EMSD: [Phone ID:0,Function:g_ati_port_open,Line:120][ATI][FLOW]: g_ati_port_open(port:8, flag:0), result
01-19 13:39:22.353253   178   178 I RIL_EMSD: [Phone ID:0,Function:sc_ati_give_back_mux_port,Line:1593][ATI][FUNC]: sc_ati_give_back_mux_port( port_num=7 )
01-19 13:39:22.353427   178   178 I RIL_EMSD: [Phone ID:0,Function:sc_ati_send_data_to_hls_specified_port,Line:417][ATI][FUNC]: sc_ati_send_data_to_hls_specified_port( port=7, buff_ptr=0xbee798f8, len=12, oper_id=0, fun_ptr=0xb6175fb1, timer_interval=-1 )
01-19 13:39:22.353526   178   178 I RIL_EMSD: [Phone ID:0,Function:sc_ati_at_cmd_trace,Line:2246][ATI][FLOW]: [AT CMD]Port08: AT^DMPCHN=0\\r
01-19 13:39:22.353641   178   178 I RIL_EMSD: [Phone ID:0,Function:sc_ati_dmpchn_set,Line:2106][ATI][FLOW]: sc_ati_dmpchn_set 111 mutex get3
01-19 13:39:22.353737   178   178 I RIL_EMSD: [Phone ID:0,Function:sc_ati_dmpchn_set,Line:2170][ATI][FLOW]: sc_ati_dmpchn_set 333 mutex put3
01-19 13:39:22.354989   178   616 E RIL_EMSD: [Phone ID:0,Function:sc_ati_get_hls_data,Line:634][ATI][FLOW]: sc_ati_get_hls_data port_id: 8
01-19 13:39:22.355112   178   616 E RIL_EMSD: [Phone ID:0,Function:sc_ati_get_hls_data,Line:642][ATI][FLOW]: sc_ati_get_hls_data port_info_ptr->port_state:1
01-19 13:39:22.355221   178   616 E RIL_EMSD: [Phone ID:0,Function:sc_ati_get_hls_data,Line:648][ATI][FLOW]: sc_ati_get_hls_data  port_info_ptr->dealwith_resinfo_fun_ptr
01-19 13:39:22.355313   178   616 I RIL_EMSD: [Phone ID:0,Function:sc_ati_at_cmd_trace,Line:2246][ATI][FLOW]: [AT CMD]Port08: \\r\\nOK\\r\\n
01-19 13:39:22.355476   178   616 I RIL_EMSD: [Phone ID:0,Function:sc_ati_synchronous_mode_res,Line:254][ATI][FUNC]: sc_ati_synchronous_mode_res( port=7, buffer_ptr=0xb2f82068, buffer_len=6, flag=0, g_sc_ati_mux_port_a[port]->port_state=1 )
01-19 13:39:22.355577   178   616 E RIL_EMSD: [Phone ID:0,Function:sc_ati_channel_handle_status_flag,Line:1565][ATI][FLOW]: Not found matched channel!
01-19 13:39:22.355687   178   616 I RIL_EMSD: [Phone ID:0,Function:sc_ati_synchronous_mode_res,Line:272][ATI][FLOW]: mutex get
01-19 13:39:22.355770   178   616 I RIL_EMSD: [Phone ID:0,Function:sc_ati_synchronous_mode_res,Line:292][ATI][FLOW]: mutex put
01-19 13:39:22.355905   178   178 I RIL_EMSD: [Phone ID:0,Function:sc_ati_dmpchn_set,Line:2106][ATI][FLOW]: sc_ati_dmpchn_set 111 mutex get3
01-19 13:39:22.356021   178   178 I RIL_EMSD: [Phone ID:0,Function:sc_ati_give_back_mux_port,Line:1593][ATI][FUNC]: sc_ati_give_back_mux_port( port_num=7 )
01-19 13:39:22.356137   178   178 E RIL_EMSD: [Phone ID:0,Function:sc_ati_free_mux_buffer_queue,Line:1966][ATI][FLOW]: sc_ati_free_mux_buffer_queue entry port_num = 7!!!
01-19 13:39:22.356235   178   178 E RIL_EMSD: [Phone ID:0,Function:sc_ati_free_mux_buffer_queue,Line:1996][ATI][FLOW]: sc_ati_free_mux_buffer_queue exit.
01-19 13:39:22.356327   178   178 I RIL_EMSD: [Phone ID:0,Function:sc_ati_dmpchn_set,Line:2124][ATI][FLOW]: sc_ati_dmpchn_set 111 mutex put3
01-19 13:39:22.356487   178   178 I RIL_EMSD: [Phone ID:0,Function:sc_ati_send_data_to_hls_specified_port,Line:417][ATI][FUNC]: sc_ati_send_data_to_hls_specified_port( port=7, buff_ptr=0xbee798f8, len=10, oper_id=0, fun_ptr=0xb6175fb1, timer_interval=-1 )
01-19 13:39:22.356589   178   178 I RIL_EMSD: [Phone ID:0,Function:sc_ati_at_cmd_trace,Line:2246][ATI][FLOW]: [AT CMD]Port08: AT^DLKS=0\\r
01-19 13:39:22.356707   178   178 I RIL_EMSD: [Phone ID:0,Function:sc_ati_dlks_set,Line:2768][ATI][FLOW]: sc_ati_dlks_set 111 mutex get3
01-19 13:39:22.356798   178   178 I RIL_EMSD: [Phone ID:0,Function:sc_ati_dlks_set,Line:2825][ATI][FLOW]: sc_ati_dlks_set 333 mutex put3
01-19 13:39:22.357689   178   616 E RIL_EMSD: [Phone ID:0,Function:sc_ati_get_hls_data,Line:634][ATI][FLOW]: sc_ati_get_hls_data port_id: 8
01-19 13:39:22.357796   178   616 E RIL_EMSD: [Phone ID:0,Function:sc_ati_get_hls_data,Line:642][ATI][FLOW]: sc_ati_get_hls_data port_info_ptr->port_state:1
01-19 13:39:22.357896   178   616 E RIL_EMSD: [Phone ID:0,Function:sc_ati_get_hls_data,Line:648][ATI][FLOW]: sc_ati_get_hls_data  port_info_ptr->dealwith_resinfo_fun_ptr
