01-19 13:39:56.509914   197   197 I art     : Thread[1,tid=197,Native,Thread*=0xb4cc2500,peer=0x12c35100,"main"] recursive attempt to load library "/system/lib/libmedia_jni.so"
01-19 13:39:56.510938   197   197 D MtpDeviceJNI: register_android_mtp_MtpDevice
01-19 13:39:56.511701   197   197 I art     : Thread[1,tid=197,Native,Thread*=0xb4cc2500,peer=0x12c35100,"main"] recursive attempt to load library "/system/lib/libmedia_jni.so"
01-19 13:39:56.512284   197   197 I art     : Thread[1,tid=197,Native,Thread*=0xb4cc2500,peer=0x12c35100,"main"] recursive attempt to load library "/system/lib/libmedia_jni.so"
01-19 13:39:56.521766   286   317 D BootAnimation: In checkExit function,the value of service.bootanim.exit is 0 
01-19 13:39:56.596892   197   197 E EmojiFactory_jni: Failed to load libemoji.so: dlopen failed: library "libemoji.so" not found
01-19 13:39:56.688645   286   317 D BootAnimation: In checkExit function,the value of service.bootanim.exit is 0 
01-19 13:39:56.851807   197   197 I System  : Loaded time zone names for "" in 74ms (71ms in ICU)
01-19 13:39:56.855504   286   317 D BootAnimation: In checkExit function,the value of service.bootanim.exit is 0 
01-19 13:39:56.910010   197   197 I System  : Loaded time zone names for "en_US" in 58ms (53ms in ICU)
01-19 13:39:56.985866   197   197 I System  : Loaded time zone names for "de_DE" in 75ms (70ms in ICU)
01-19 13:39:57.009960   197   197 I Zygote  : ...preloaded 3831 classes in 1424ms.
01-19 13:39:57.010162   197   197 I art     : VMRuntime.preloadDexCaches starting
01-19 13:39:57.022355   286   317 D BootAnimation: In checkExit function,the value of service.bootanim.exit is 0 
01-19 13:39:57.163346   197   197 I art     : VMRuntime.preloadDexCaches strings total=255739 before=48033 after=48033
01-19 13:39:57.163500   197   197 I art     : VMRuntime.preloadDexCaches types total=20539 before=6902 after=6929
01-19 13:39:57.163582   197   197 I art     : VMRuntime.preloadDexCaches fields total=102888 before=36134 after=36340
01-19 13:39:57.163658   197   197 I art     : VMRuntime.preloadDexCaches methods total=176206 before=71423 after=71924
01-19 13:39:57.163708   197   197 I art     : VMRuntime.preloadDexCaches finished
01-19 13:39:57.189235   286   317 D BootAnimation: In checkExit function,the value of service.bootanim.exit is 0 
01-19 13:39:57.222854  1052  1052 D idmap   : error: no read access to /vendor/overlay: No such file or directory
01-19 13:39:57.259620   197   197 I Zygote  : Preloading resources...
01-19 13:39:57.356109   286   317 D BootAnimation: In checkExit function,the value of service.bootanim.exit is 0 
01-19 13:39:57.522990   286   317 D BootAnimation: In checkExit function,the value of service.bootanim.exit is 0 
01-19 13:39:57.689889   286   317 D BootAnimation: In checkExit function,the value of service.bootanim.exit is 0 
01-19 13:39:57.856766   286   317 D BootAnimation: In checkExit function,the value of service.bootanim.exit is 0 
01-19 13:39:57.897046   197   197 I Zygote  : ...preloaded 342 resources in 637ms.
01-19 13:39:57.910525   197   197 I Zygote  : ...preloaded 41 resources in 14ms.
01-19 13:39:57.971323   197   197 D libEGL  : loaded /system/lib/egl/libGLES_mali.so
01-19 13:39:57.988460   197   197 I Zygote  : Preloading shared libraries...
01-19 13:39:58.003934   197   197 D Zygote  : end preload
01-19 13:39:58.004088   197   197 I art     : Starting a blocking GC Explicit
01-19 13:39:58.020873   197   197 I art     : Explicit concurrent mark sweep GC freed 3187(145KB) AllocSpace objects, 0(0B) LOS objects, 40% free, 2MB/3MB, paused 261us total 13.079ms
01-19 13:39:58.023605   286   317 D BootAnimation: In checkExit function,the value of service.bootanim.exit is 0 
01-19 13:39:58.028217   197   197 I art     : Starting a blocking GC Explicit
01-19 13:39:58.040801   197   197 I art     : Explicit concurrent mark sweep GC freed 1093(46KB) AllocSpace objects, 0(0B) LOS objects, 39% free, 2MB/3MB, paused 273us total 12.054ms
01-19 13:39:58.041238   197  1051 I art     : Starting a blocking GC HeapTrim
01-19 13:39:58.044662   197   197 I art     : Starting a blocking GC Background
01-19 13:39:58.104878   197   197 I Zygote  : System server process 1053 has been created
01-19 13:39:58.107759   197   197 I Zygote  : Accepting command socket connections
01-19 13:39:58.116862  1053  1053 I InstallerConnection: connecting...
01-19 13:39:58.118956   176   176 I installd: new connection
01-19 13:39:58.185558  1064  1064 I dex2oat : Starting dex2oat.
01-19 13:39:58.190463   286   317 D BootAnimation: In checkExit function,the value of service.bootanim.exit is 0 
01-19 13:39:58.357343   286   317 D BootAnimation: In checkExit function,the value of service.bootanim.exit is 0 
01-19 13:39:58.524210   286   317 D BootAnimation: In checkExit function,the value of service.bootanim.exit is 0 
01-19 13:39:58.691068   286   317 D BootAnimation: In checkExit function,the value of service.bootanim.exit is 0 
01-19 13:39:58.857963   286   317 D BootAnimation: In checkExit function,the value of service.bootanim.exit is 0 
01-19 13:39:59.024859   286   317 D BootAnimation: In checkExit function,the value of service.bootanim.exit is 0 
01-19 13:39:59.191738   286   317 D BootAnimation: In checkExit function,the value of service.bootanim.exit is 0 
01-19 13:39:59.358633   286   317 D BootAnimation: In checkExit function,the value of service.bootanim.exit is 0 
01-19 13:39:59.525523   286   317 D BootAnimation: In checkExit function,the value of service.bootanim.exit is 0 
01-19 13:39:59.692408   286   317 D BootAnimation: In checkExit function,the value of service.bootanim.exit is 0 
01-19 13:39:59.859287   286   317 D BootAnimation: In checkExit function,the value of service.bootanim.exit is 0 
01-19 13:40:00.026152   286   317 D BootAnimation: In checkExit function,the value of service.bootanim.exit is 0 
01-19 13:40:00.179430  1064  1067 W dex2oat : No verified method for method calling String.<init>: java.lang.String java.io.ByteArrayOutputStream.toString()
01-19 13:40:00.193060   286   317 D BootAnimation: In checkExit function,the value of service.bootanim.exit is 0 
01-19 13:40:00.360001   286   317 D BootAnimation: In checkExit function,the value of service.bootanim.exit is 0 
01-19 13:40:00.492795  1064  1066 W dex2oat : No verified method for method calling String.<init>: java.lang.String com.android.internal.widget.LockPatternUtils.patternStringToBaseZero(java.lang.String)
01-19 13:40:00.513847  1064  1066 W dex2oat : No verified method for method calling String.<init>: java.lang.String com.android.internal.widget.LockPatternUtils.patternStringToBaseZero(java.lang.String)
01-19 13:40:00.526930   286   317 D BootAnimation: In checkExit function,the value of service.bootanim.exit is 0 
01-19 13:40:00.555511  1064  1066 W dex2oat : No verified method for method calling String.<init>: java.lang.String com.android.internal.widget.LockPatternUtils.patternStringToBaseZero(java.lang.String)
01-19 13:40:00.693825   286   317 D BootAnimation: In checkExit function,the value of service.bootanim.exit is 0 
01-19 13:40:00.860738   286   317 D BootAnimation: In checkExit function,the value of service.bootanim.exit is 0 
01-19 13:40:01.027661   286   317 D BootAnimation: In checkExit function,the value of service.bootanim.exit is 0 
01-19 13:40:01.194645   286   317 D BootAnimation: In checkExit function,the value of service.bootanim.exit is 0 
01-19 13:40:01.361532   286   317 D BootAnimation: In checkExit function,the value of service.bootanim.exit is 0 
01-19 13:40:01.412466  1064  1069 W dex2oat : Compilation of void com.android.server.am.BroadcastQueue.processNextBroadcast(boolean) took 106.632ms
01-19 13:40:01.528453   286   317 D BootAnimation: In checkExit function,the value of service.bootanim.exit is 0 
01-19 13:40:01.695404   286   317 D BootAnimation: In checkExit function,the value of service.bootanim.exit is 0 
01-19 13:40:01.846473  1064  1066 W dex2oat : No verified method for method calling String.<init>: java.util.List android.net.LinkProperties.getAllInterfaceNames()
01-19 13:40:01.862318   286   317 D BootAnimation: In checkExit function,the value of service.bootanim.exit is 0 
01-19 13:40:01.871665  1064  1067 W dex2oat : No verified method for method calling String.<init>: java.util.List android.net.LinkProperties.getAllInterfaceNames()
01-19 13:40:01.930833  1064  1066 W dex2oat : No verified method for method calling String.<init>: java.util.List android.net.LinkProperties.getAllInterfaceNames()
01-19 13:40:02.029260   286   317 D BootAnimation: In checkExit function,the value of service.bootanim.exit is 0 
01-19 13:40:02.196168   286   317 D BootAnimation: In checkExit function,the value of service.bootanim.exit is 0 
01-19 13:40:02.363088   286   317 D BootAnimation: In checkExit function,the value of service.bootanim.exit is 0 
01-19 13:40:02.530049   286   317 D BootAnimation: In checkExit function,the value of service.bootanim.exit is 0 
01-19 13:40:02.696948   286   317 D BootAnimation: In checkExit function,the value of service.bootanim.exit is 0 
01-19 13:40:02.863882   286   317 D BootAnimation: In checkExit function,the value of service.bootanim.exit is 0 
01-19 13:40:03.030804   286   317 D BootAnimation: In checkExit function,the value of service.bootanim.exit is 0 
01-19 13:40:03.197755   286   317 D BootAnimation: In checkExit function,the value of service.bootanim.exit is 0 
01-19 13:40:03.364678   286   317 D BootAnimation: In checkExit function,the value of service.bootanim.exit is 0 
01-19 13:40:03.531593   286   317 D BootAnimation: In checkExit function,the value of service.bootanim.exit is 0 
01-19 13:40:03.603325  1064  1068 W dex2oat : Compilation of android.content.pm.PackageParser$Package com.android.server.pm.PackageManagerService.scanPackageDirtyLI(android.content.pm.PackageParser$Package, int, int, long, android.os.UserHandle, boolean) took 164.823ms
01-19 13:40:03.698545   286   317 D BootAnimation: In checkExit function,the value of service.bootanim.exit is 0 
01-19 13:40:03.865468   286   317 D BootAnimation: In checkExit function,the value of service.bootanim.exit is 0 
01-19 13:40:04.032403   286   317 D BootAnimation: In checkExit function,the value of service.bootanim.exit is 0 
01-19 13:40:04.199325   286   317 D BootAnimation: In checkExit function,the value of service.bootanim.exit is 0 
01-19 13:40:04.366205   286   317 D BootAnimation: In checkExit function,the value of service.bootanim.exit is 0 
01-19 13:40:04.533092   286   317 D BootAnimation: In checkExit function,the value of service.bootanim.exit is 0 
01-19 13:40:04.700002   286   317 D BootAnimation: In checkExit function,the value of service.bootanim.exit is 0 
01-19 13:40:04.866944   286   317 D BootAnimation: In checkExit function,the value of service.bootanim.exit is 0 
01-19 13:40:05.033823   286   317 D BootAnimation: In checkExit function,the value of service.bootanim.exit is 0 
01-19 13:40:05.200747   286   317 D BootAnimation: In checkExit function,the value of service.bootanim.exit is 0 
01-19 13:40:05.337568  1064  1064 I dex2oat : dex2oat took 7.153s (threads: 5) arena alloc=6MB java alloc=3MB native alloc=28MB free=4MB
01-19 13:40:05.367682   286   317 D BootAnimation: In checkExit function,the value of service.bootanim.exit is 0 
01-19 13:40:05.463061  1070  1070 I dex2oat : Starting dex2oat.
01-19 13:40:05.534547   286   317 D BootAnimation: In checkExit function,the value of service.bootanim.exit is 0 
01-19 13:40:05.546911  1070  1070 I dex2oat : dex2oat took 85.209ms (threads: 5) arena alloc=190KB java alloc=98KB native alloc=1741KB free=1842KB
01-19 13:40:05.604175  1076  1076 I dex2oat : Starting dex2oat.
01-19 13:40:05.701423   286   317 D BootAnimation: In checkExit function,the value of service.bootanim.exit is 0 
01-19 13:40:05.868290   286   317 D BootAnimation: In checkExit function,the value of service.bootanim.exit is 0 
01-19 13:40:06.035148   286   317 D BootAnimation: In checkExit function,the value of service.bootanim.exit is 0 
01-19 13:40:06.202015   286   317 D BootAnimation: In checkExit function,the value of service.bootanim.exit is 0 
01-19 13:40:06.368958   286   317 D BootAnimation: In checkExit function,the value of service.bootanim.exit is 0 
01-19 13:40:06.535867   286   317 D BootAnimation: In checkExit function,the value of service.bootanim.exit is 0 
01-19 13:40:06.702770   286   317 D BootAnimation: In checkExit function,the value of service.bootanim.exit is 0 
01-19 13:40:06.869703   286   317 D BootAnimation: In checkExit function,the value of service.bootanim.exit is 0 
01-19 13:40:07.036642   286   317 D BootAnimation: In checkExit function,the value of service.bootanim.exit is 0 
01-19 13:40:07.203541   286   317 D BootAnimation: In checkExit function,the value of service.bootanim.exit is 0 
01-19 13:40:07.314299  1076  1079 W dex2oat : No verified method for method calling String.<init>: java.lang.String java.io.ByteArrayOutputStream.toString()
01-19 13:40:07.370435   286   317 D BootAnimation: In checkExit function,the value of service.bootanim.exit is 0 
01-19 13:40:07.453053  1076  1079 W dex2oat : No verified method for method calling String.<init>: java.lang.String java.io.ByteArrayOutputStream.toString()
01-19 13:40:07.537359   286   317 D BootAnimation: In checkExit function,the value of service.bootanim.exit is 0 
01-19 13:40:07.704304   286   317 D BootAnimation: In checkExit function,the value of service.bootanim.exit is 0 
01-19 13:40:07.717952  1076  1076 I dex2oat : dex2oat took 2.114s (threads: 5) arena alloc=2033KB java alloc=1701KB native alloc=10MB free=2MB
01-19 13:40:07.738034  1053  1053 I InstallerConnection: disconnecting...
01-19 13:40:07.738751   176   176 E installd: eof
01-19 13:40:07.738798   176   176 E installd: failed to read size
01-19 13:40:07.738827   176   176 I installd: closing connection
01-19 13:40:07.757100  1053  1053 I SystemServer: Entered the Android system server!
01-19 13:40:07.823701  1053  1053 I SystemServiceManager: Starting com.android.server.pm.Installer
01-19 13:40:07.824297  1053  1053 I Installer: Waiting for installd to be ready.
01-19 13:40:07.824343  1053  1053 I InstallerConnection: connecting...
01-19 13:40:07.824774   176   176 I installd: new connection
01-19 13:40:07.825248  1053  1053 I SystemServiceManager: Starting com.android.server.am.ActivityManagerService$Lifecycle
01-19 13:40:07.855449  1053  1053 I ActivityManager: Memory class: 96
01-19 13:40:07.858109  1053  1085 I ServiceThread: Enabled StrictMode logging for ActivityManager looper.
01-19 13:40:07.861077  1053  1086 I ServiceThread: Enabled StrictMode logging for android.ui looper.
01-19 13:40:07.871206   286   317 D BootAnimation: In checkExit function,the value of service.bootanim.exit is 0 
01-19 13:40:07.886051  1053  1053 D BatteryStatsImpl: Reading daily items from /data/system/batterystats-daily.xml
01-19 13:40:07.901401  1053  1053 I AppOps  : No existing app ops /data/system/appops.xml; starting empty
01-19 13:40:08.006652  1053  1053 I IntentFirewall: Read new rules (A:0 B:0 S:0)
01-19 13:40:08.015376  1053  1091 I ServiceThread: Enabled StrictMode logging for android.display looper.
01-19 13:40:08.020621  1053  1053 D AppOps  : AppOpsService published
01-19 13:40:08.021201  1053  1053 D LcFrameworkWrapperService: LcFrameworkWrapperService publish
01-19 13:40:08.021612  1053  1053 I SystemServiceManager: Starting com.android.server.power.PowerManagerService
01-19 13:40:08.023309  1053  1093 I ServiceThread: Enabled StrictMode logging for PowerManagerService looper.
01-19 13:40:08.031657  1053  1053 W libsuspend: Error writing 'on' to /sys/power/state: Invalid argument
01-19 13:40:08.031839  1053  1053 I libsuspend: Selected wakeup count
01-19 13:40:08.038077   286   317 D BootAnimation: In checkExit function,the value of service.bootanim.exit is 0 
01-19 13:40:08.044488  1053  1053 I SystemServiceManager: Starting com.android.server.lights.LightsService
01-19 13:40:08.052743  1053  1053 I SystemServiceManager: Starting com.android.server.display.DisplayManagerService
01-19 13:40:08.057769  1053  1053 I SystemServiceManager: Starting phase 100
01-19 13:40:08.061399   169   189 E SurfaceFlinger: getDefaultDisplay: id=2 is not a valid default display id
01-19 13:40:08.067333  1053  1091 I DisplayManagerService: Display device added: DisplayDeviceInfo{"Integrierter Bildschirm": uniqueId="local:0", 240 x 320, modeId 1, defaultModeId 1, supportedModes [{id=1, width=240, height=320, fps=30.0}], colorTransformId 1, defaultColorTransformId 1, supportedColorTransforms [{id=1, colorTransform=0}], density 120, 119.529 x 119.529 dpi, appVsyncOff 0, presDeadline 34333333, touch INTERNAL, rotation 0, type BUILT_IN, state UNKNOWN, FLAG_DEFAULT_DISPLAY, FLAG_ROTATES_WITH_CONTENT, FLAG_SECURE, FLAG_SUPPORTS_PROTECTED_BUFFERS}
01-19 13:40:08.069370   169   169 D SurfaceFlinger: Set power mode=2, type=0 flinger=0xb6aac000
01-19 13:40:08.069425   169   169 D SurfaceFlinger: Screen type=0 is already mode=2
01-19 13:40:08.070435  1053  1091 I DisplayManagerService: Display device changed state: "Integrierter Bildschirm", ON
01-19 13:40:08.076028  1053  1053 I SystemServer: Package Manager
01-19 13:40:08.086475  1053  1053 W SELinuxMMAC: Error opening /data/system/seapp_hash. Assuming first boot.
01-19 13:40:08.093509  1053  1053 W FileUtils: Failed to chmod(/data/system/packages.list): android.system.ErrnoException: chmod failed: ENOENT (No such file or directory)
01-19 13:40:08.106844  1053  1053 W SystemConfig: No directory /system/etc/sysconfig, skipping
01-19 13:40:08.158264  1053  1053 D SELinuxMMAC: Using policy file /system/etc/security/mac_permissions.xml
01-19 13:40:08.162864  1053  1053 I PackageManager: No settings file; creating initial state
01-19 13:40:08.204946   286   317 D BootAnimation: In checkExit function,the value of service.bootanim.exit is 0 
01-19 13:40:08.229358  1099  1099 I dex2oat : Starting dex2oat.
01-19 13:40:08.302244  1099  1099 I dex2oat : dex2oat took 73.964ms (threads: 5) arena alloc=136KB java alloc=149KB native alloc=2020KB free=1819KB
01-19 13:40:08.364705  1105  1105 I dex2oat : Starting dex2oat.
01-19 13:40:08.371809   286   317 D BootAnimation: In checkExit function,the value of service.bootanim.exit is 0 
01-19 13:40:08.422254  1105  1105 I dex2oat : dex2oat took 58.712ms (threads: 5) arena alloc=61KB java alloc=75KB native alloc=1216KB free=1599KB
01-19 13:40:08.498218  1111  1111 I dex2oat : Starting dex2oat.
01-19 13:40:08.538680   286   317 D BootAnimation: In checkExit function,the value of service.bootanim.exit is 0 
01-19 13:40:08.632153  1111  1111 I dex2oat : dex2oat took 134.964ms (threads: 5) arena alloc=1261KB java alloc=94KB native alloc=3MB free=2MB
01-19 13:40:08.686991  1117  1117 I dex2oat : Starting dex2oat.
01-19 13:40:08.705579   286   317 D BootAnimation: In checkExit function,the value of service.bootanim.exit is 0 
01-19 13:40:08.838123  1117  1117 I dex2oat : dex2oat took 152.025ms (threads: 5) arena alloc=959KB java alloc=146KB native alloc=1996KB free=2MB
01-19 13:40:08.872447   286   317 D BootAnimation: In checkExit function,the value of service.bootanim.exit is 0 
01-19 13:40:08.902757  1123  1123 I dex2oat : Starting dex2oat.
01-19 13:40:09.039358   286   317 D BootAnimation: In checkExit function,the value of service.bootanim.exit is 0 
01-19 13:40:09.158915  1123  1123 I dex2oat : dex2oat took 257.083ms (threads: 5) arena alloc=194KB java alloc=268KB native alloc=2MB free=2MB
01-19 13:40:09.165214  1053  1053 E art     : DexFile_getDexOptNeeded file '/system/framework/org.apache.http.legacy.jar' does not exist
01-19 13:40:09.165510  1053  1053 W PackageManager: Library not found: /system/framework/org.apache.http.legacy.jar
01-19 13:40:09.206235   286   317 D BootAnimation: In checkExit function,the value of service.bootanim.exit is 0 
01-19 13:40:09.216921  1129  1129 I dex2oat : Starting dex2oat.
01-19 13:40:09.296994  1129  1129 I dex2oat : dex2oat took 80.948ms (threads: 5) arena alloc=919KB java alloc=89KB native alloc=2MB free=1843KB
01-19 13:40:09.361619  1135  1135 I dex2oat : Starting dex2oat.
01-19 13:40:09.373102   286   317 D BootAnimation: In checkExit function,the value of service.bootanim.exit is 0 
01-19 13:40:09.427592  1135  1135 I dex2oat : dex2oat took 67.630ms (threads: 5) arena alloc=126KB java alloc=62KB native alloc=1324KB free=1491KB
01-19 13:40:09.494668  1141  1141 I dex2oat : Starting dex2oat.
01-19 13:40:09.539943   286   317 D BootAnimation: In checkExit function,the value of service.bootanim.exit is 0 
01-19 13:40:09.541267  1141  1141 I dex2oat : dex2oat took 47.584ms (threads: 5) arena alloc=16KB java alloc=27KB native alloc=927KB free=864KB
01-19 13:40:09.603045  1147  1147 I dex2oat : Starting dex2oat.
01-19 13:40:09.706827   286   317 D BootAnimation: In checkExit function,the value of service.bootanim.exit is 0 
01-19 13:40:09.804064  1147  1147 I dex2oat : dex2oat took 201.760ms (threads: 5) arena alloc=1109KB java alloc=102KB native alloc=1799KB free=2MB
01-19 13:40:09.861269  1153  1153 I dex2oat : Starting dex2oat.
01-19 13:40:09.873686   286   317 D BootAnimation: In checkExit function,the value of service.bootanim.exit is 0 
01-19 13:40:09.941187  1153  1153 I dex2oat : dex2oat took 80.721ms (threads: 5) arena alloc=400KB java alloc=40KB native alloc=1444KB free=1627KB
01-19 13:40:10.011258  1159  1159 I dex2oat : Starting dex2oat.
01-19 13:40:10.040890   286   317 D BootAnimation: In checkExit function,the value of service.bootanim.exit is 0 
01-19 13:40:10.072288  1159  1159 I dex2oat : dex2oat took 62.070ms (threads: 5) arena alloc=135KB java alloc=42KB native alloc=1471KB free=1600KB
01-19 13:40:10.128639  1165  1165 I dex2oat : Starting dex2oat.
01-19 13:40:10.196688  1165  1165 I dex2oat : dex2oat took 68.787ms (threads: 5) arena alloc=279KB java alloc=39KB native alloc=1336KB free=1223KB
01-19 13:40:10.207766   286   317 D BootAnimation: In checkExit function,the value of service.bootanim.exit is 0 
01-19 13:40:10.301923  1171  1171 I dex2oat : Starting dex2oat.
01-19 13:40:10.374636   286   317 D BootAnimation: In checkExit function,the value of service.bootanim.exit is 0 
01-19 13:40:10.378401  1171  1171 I dex2oat : dex2oat took 77.793ms (threads: 5) arena alloc=124KB java alloc=24KB native alloc=1080KB free=967KB
01-19 13:40:10.471099  1177  1177 I dex2oat : Starting dex2oat.
01-19 13:40:10.541510   286   317 D BootAnimation: In checkExit function,the value of service.bootanim.exit is 0 
01-19 13:40:10.560452  1177  1177 I dex2oat : dex2oat took 90.391ms (threads: 5) arena alloc=525KB java alloc=52KB native alloc=1726KB free=1602KB
01-19 13:40:10.614617  1183  1183 I dex2oat : Starting dex2oat.
01-19 13:40:10.663606  1183  1183 I dex2oat : dex2oat took 49.825ms (threads: 5) arena alloc=27KB java alloc=21KB native alloc=1089KB free=958KB
01-19 13:40:10.708391   286   317 D BootAnimation: In checkExit function,the value of service.bootanim.exit is 0 
01-19 13:40:10.716941  1189  1189 I dex2oat : Starting dex2oat.
01-19 13:40:10.798004  1189  1189 I dex2oat : dex2oat took 81.785ms (threads: 5) arena alloc=208KB java alloc=62KB native alloc=1808KB free=2031KB
01-19 13:40:10.875249   286   317 D BootAnimation: In checkExit function,the value of service.bootanim.exit is 0 
01-19 13:40:10.883876  1195  1195 I dex2oat : Starting dex2oat.
01-19 13:40:10.955409  1195  1195 I dex2oat : dex2oat took 72.408ms (threads: 5) arena alloc=136KB java alloc=38KB native alloc=1091KB free=1212KB
01-19 13:40:11.038505  1201  1201 I dex2oat : Starting dex2oat.
01-19 13:40:11.042093   286   317 D BootAnimation: In checkExit function,the value of service.bootanim.exit is 0 
01-19 13:40:11.116911  1201  1201 I dex2oat : dex2oat took 79.299ms (threads: 5) arena alloc=222KB java alloc=24KB native alloc=1066KB free=981KB
01-19 13:40:11.188280  1207  1207 I dex2oat : Starting dex2oat.
01-19 13:40:11.208971   286   317 D BootAnimation: In checkExit function,the value of service.bootanim.exit is 0 
01-19 13:40:11.265784  1207  1207 I dex2oat : dex2oat took 78.579ms (threads: 5) arena alloc=165KB java alloc=54KB native alloc=1515KB free=1556KB
01-19 13:40:11.317864  1213  1213 I dex2oat : Starting dex2oat.
01-19 13:40:11.375828   286   317 D BootAnimation: In checkExit function,the value of service.bootanim.exit is 0 
01-19 13:40:11.511493  1213  1213 I dex2oat : dex2oat took 194.341ms (threads: 5) arena alloc=1326KB java alloc=178KB native alloc=2MB free=3MB
01-19 13:40:11.542696   286   317 D BootAnimation: In checkExit function,the value of service.bootanim.exit is 0 
01-19 13:40:11.564490  1219  1219 I dex2oat : Starting dex2oat.
01-19 13:40:11.709560   286   317 D BootAnimation: In checkExit function,the value of service.bootanim.exit is 0 
01-19 13:40:11.724661  1219  1219 I dex2oat : dex2oat took 160.853ms (threads: 5) arena alloc=602KB java alloc=113KB native alloc=1423KB free=2MB
01-19 13:40:11.783389  1225  1225 I dex2oat : Starting dex2oat.
01-19 13:40:11.846946  1225  1225 I dex2oat : dex2oat took 64.582ms (threads: 5) arena alloc=522KB java alloc=21KB native alloc=1449KB free=1366KB
01-19 13:40:11.876421   286   317 D BootAnimation: In checkExit function,the value of service.bootanim.exit is 0 
01-19 13:40:11.910939  1231  1231 I dex2oat : Starting dex2oat.
01-19 13:40:12.008777  1231  1231 I dex2oat : dex2oat took 99.109ms (threads: 5) arena alloc=367KB java alloc=22KB native alloc=1380KB free=1435KB
01-19 13:40:12.043319   286   317 D BootAnimation: In checkExit function,the value of service.bootanim.exit is 0 
01-19 13:40:12.095574  1237  1237 I dex2oat : Starting dex2oat.
01-19 13:40:12.156759  1237  1237 I dex2oat : dex2oat took 62.074ms (threads: 5) arena alloc=267KB java alloc=36KB native alloc=1184KB free=1375KB
01-19 13:40:12.210265   286   317 D BootAnimation: In checkExit function,the value of service.bootanim.exit is 0 
01-19 13:40:12.244566  1243  1243 I dex2oat : Starting dex2oat.
01-19 13:40:12.305886  1243  1243 I dex2oat : dex2oat took 62.224ms (threads: 5) arena alloc=216KB java alloc=69KB native alloc=1963KB free=1876KB
01-19 13:40:12.361538  1249  1249 I dex2oat : Starting dex2oat.
01-19 13:40:12.377125   286   317 D BootAnimation: In checkExit function,the value of service.bootanim.exit is 0 
01-19 13:40:12.418836  1249  1249 I dex2oat : dex2oat took 58.026ms (threads: 5) arena alloc=138KB java alloc=62KB native alloc=1058KB free=989KB
01-19 13:40:12.506471  1255  1255 I dex2oat : Starting dex2oat.
01-19 13:40:12.543983   286   317 D BootAnimation: In checkExit function,the value of service.bootanim.exit is 0 
01-19 13:40:12.710840   286   317 D BootAnimation: In checkExit function,the value of service.bootanim.exit is 0 
01-19 13:40:12.722547  1255  1255 I dex2oat : dex2oat took 217.090ms (threads: 5) arena alloc=1487KB java alloc=239KB native alloc=2MB free=3MB
01-19 13:40:12.774904  1261  1261 I dex2oat : Starting dex2oat.
01-19 13:40:12.827565  1261  1261 I dex2oat : dex2oat took 53.446ms (threads: 5) arena alloc=138KB java alloc=21KB native alloc=1059KB free=1244KB
01-19 13:40:12.833450  1053  1053 D PackageManager: No files in app dir /vendor/overlay
01-19 13:40:12.877728   286   317 D BootAnimation: In checkExit function,the value of service.bootanim.exit is 0 
01-19 13:40:12.885813  1053  1053 W PackageParser: Problem in package /system/framework/framework-res.apk:
01-19 13:40:12.885947  1053  1053 W PackageParser: Unknown element under <activity>: action at /system/framework/framework-res.apk Binary XML file line #2823
01-19 13:40:12.893420  1053  1053 I PackageManager: /system/framework/framework-res.apk changed; collecting certs
01-19 13:40:13.044626   286   317 D BootAnimation: In checkExit function,the value of service.bootanim.exit is 0 
01-19 13:40:13.211493   286   317 D BootAnimation: In checkExit function,the value of service.bootanim.exit is 0 
01-19 13:40:13.378387   286   317 D BootAnimation: In checkExit function,the value of service.bootanim.exit is 0 
01-19 13:40:13.545268   286   317 D BootAnimation: In checkExit function,the value of service.bootanim.exit is 0 
01-19 13:40:13.712147   286   317 D BootAnimation: In checkExit function,the value of service.bootanim.exit is 0 
01-19 13:40:13.729326  1053  1053 W PackageManager: derivePackageAbi nativeLibraryRoot :/system/lib/framework-res extractLibs = false isBootScan = false
01-19 13:40:13.746042  1053  1053 I PackageManager: /system/priv-app/ApplicationsProvider changed; collecting certs
01-19 13:40:13.762055  1053  1053 I PackageManager: New shared user android.uid.shared: id=10000
01-19 13:40:13.766199  1053  1053 W PackageManager: derivePackageAbi nativeLibraryRoot :/system/priv-app/ApplicationsProvider/lib extractLibs = false isBootScan = false
01-19 13:40:13.775635  1053  1053 I PackageManager: /system/priv-app/BackupRestoreConfirmation changed; collecting certs
01-19 13:40:13.799508  1053  1053 W PackageManager: derivePackageAbi nativeLibraryRoot :/system/priv-app/BackupRestoreConfirmation/lib extractLibs = false isBootScan = false
01-19 13:40:13.812729  1053  1053 I PackageManager: /system/priv-app/CalendarProvider changed; collecting certs
01-19 13:40:13.828274  1053  1053 I PackageManager: New shared user android.uid.calendar: id=10002
01-19 13:40:13.832494  1053  1053 W PackageManager: derivePackageAbi nativeLibraryRoot :/system/priv-app/CalendarProvider/lib extractLibs = false isBootScan = false
01-19 13:40:13.840994  1053  1053 I PackageManager: /system/priv-app/CallLogBackup changed; collecting certs
01-19 13:40:13.856181  1053  1053 W PackageManager: derivePackageAbi nativeLibraryRoot :/system/priv-app/CallLogBackup/lib extractLibs = false isBootScan = false
01-19 13:40:13.863046  1053  1053 I PackageManager: /system/priv-app/CarrierConfig changed; collecting certs
01-19 13:40:13.879011   286   317 D BootAnimation: In checkExit function,the value of service.bootanim.exit is 0 
01-19 13:40:13.926544  1053  1053 W PackageManager: derivePackageAbi nativeLibraryRoot :/system/priv-app/CarrierConfig/lib extractLibs = false isBootScan = false
01-19 13:40:13.941217  1053  1053 I PackageManager: /system/priv-app/CellBroadcastReceiver changed; collecting certs
01-19 13:40:13.973819  1053  1053 W PackageManager: derivePackageAbi nativeLibraryRoot :/system/priv-app/CellBroadcastReceiver/lib extractLibs = false isBootScan = false
01-19 13:40:14.002453  1053  1053 W PackageParser: No actions in intent filter at /system/priv-app/Contacts/Contacts.apk Binary XML file line #84
01-19 13:40:14.006220  1053  1053 W PackageParser: No actions in intent filter at /system/priv-app/Contacts/Contacts.apk Binary XML file line #370
01-19 13:40:14.006444  1053  1053 W PackageParser: No actions in intent filter at /system/priv-app/Contacts/Contacts.apk Binary XML file line #396
01-19 13:40:14.008158  1053  1053 W PackageParser: No actions in intent filter at /system/priv-app/Contacts/Contacts.apk Binary XML file line #576
01-19 13:40:14.011531  1053  1053 I PackageManager: /system/priv-app/Contacts changed; collecting certs
01-19 13:40:14.045880   286   317 D BootAnimation: In checkExit function,the value of service.bootanim.exit is 0 
01-19 13:40:14.212755   286   317 D BootAnimation: In checkExit function,the value of service.bootanim.exit is 0 
01-19 13:40:14.379644   286   317 D BootAnimation: In checkExit function,the value of service.bootanim.exit is 0 
01-19 13:40:14.521529  1053  1053 W PackageManager: derivePackageAbi nativeLibraryRoot :/system/priv-app/Contacts/lib extractLibs = false isBootScan = false
01-19 13:40:14.541380  1053  1053 I PackageManager: /system/priv-app/ContactsProvider changed; collecting certs
01-19 13:40:14.546540   286   317 D BootAnimation: In checkExit function,the value of service.bootanim.exit is 0 
01-19 13:40:14.566066  1053  1053 W PackageManager: derivePackageAbi nativeLibraryRoot :/system/priv-app/ContactsProvider/lib extractLibs = false isBootScan = false
01-19 13:40:14.574076  1053  1053 I PackageManager: /system/priv-app/DefaultContainerService changed; collecting certs
01-19 13:40:14.596064  1053  1053 W PackageManager: derivePackageAbi nativeLibraryRoot :/system/priv-app/DefaultContainerService/lib extractLibs = false isBootScan = false
01-19 13:40:14.612040  1053  1053 I PackageManager: /system/priv-app/DownloadProvider changed; collecting certs
01-19 13:40:14.637113  1053  1053 I PackageManager: New shared user android.media: id=10006
01-19 13:40:14.644954  1053  1053 W PackageManager: derivePackageAbi nativeLibraryRoot :/system/priv-app/DownloadProvider/lib extractLibs = false isBootScan = false
01-19 13:40:14.647280  1053  1053 W PackageManager: Permission android.permission.DOWNLOAD_WITHOUT_NOTIFICATION from package com.android.providers.downloads in an unknown group android.permission-group.NETWORK
01-19 13:40:14.653535  1053  1053 I PackageManager: /system/priv-app/ExternalStorageProvider changed; collecting certs
01-19 13:40:14.671728  1053  1053 W PackageManager: derivePackageAbi nativeLibraryRoot :/system/priv-app/ExternalStorageProvider/lib extractLibs = false isBootScan = false
01-19 13:40:14.679254  1053  1053 I PackageManager: /system/priv-app/FNAppWidget changed; collecting certs
01-19 13:40:14.702135  1053  1053 W PackageManager: derivePackageAbi nativeLibraryRoot :/system/priv-app/FNAppWidget/lib extractLibs = false isBootScan = false
01-19 13:40:14.713390   286   317 D BootAnimation: In checkExit function,the value of service.bootanim.exit is 0 
01-19 13:40:14.714406  1053  1053 I PackageManager: /system/priv-app/FnApp changed; collecting certs
01-19 13:40:14.758364  1053  1053 W PackageManager: derivePackageAbi nativeLibraryRoot :/system/priv-app/FnApp/lib extractLibs = false isBootScan = false
01-19 13:40:14.765667  1053  1053 I PackageManager: /system/priv-app/FusedLocation changed; collecting certs
01-19 13:40:14.796379  1053  1053 W PackageManager: derivePackageAbi nativeLibraryRoot :/system/priv-app/FusedLocation/lib extractLibs = false isBootScan = false
01-19 13:40:14.809672  1053  1053 I PackageManager: /system/priv-app/GSMRDialer changed; collecting certs
01-19 13:40:14.880292   286   317 D BootAnimation: In checkExit function,the value of service.bootanim.exit is 0 
01-19 13:40:14.880930  1053  1053 W PackageManager: derivePackageAbi nativeLibraryRoot :/system/priv-app/GSMRDialer/lib extractLibs = false isBootScan = false
01-19 13:40:14.892585  1053  1053 I PackageManager: /system/priv-app/GsmrVgcsVbsDial changed; collecting certs
01-19 13:40:14.920832  1053  1053 W PackageManager: derivePackageAbi nativeLibraryRoot :/system/priv-app/GsmrVgcsVbsDial/lib extractLibs = false isBootScan = false
01-19 13:40:14.940621  1053  1053 I PackageManager: /system/priv-app/Ims changed; collecting certs
01-19 13:40:14.967023  1053  1053 W PackageManager: derivePackageAbi nativeLibraryRoot :/system/priv-app/Ims/lib extractLibs = false isBootScan = false
01-19 13:40:14.975711  1053  1053 I PackageManager: /system/priv-app/InputDevices changed; collecting certs
01-19 13:40:15.017445  1053  1053 W PackageManager: derivePackageAbi nativeLibraryRoot :/system/priv-app/InputDevices/lib extractLibs = false isBootScan = false
01-19 13:40:15.032212  1053  1053 W PackageParser: Ignoring duplicate uses-permissions/uses-permissions-sdk-m: android.permission.READ_SMS in package: com.android.launcher at: Binary XML file line #70
01-19 13:40:15.033844  1053  1053 W PackageParser: No actions in intent filter at /system/priv-app/Launcher2/Launcher2.apk Binary XML file line #164
01-19 13:40:15.034019  1053  1053 W PackageParser: No actions in intent filter at /system/priv-app/Launcher2/Launcher2.apk Binary XML file line #172
01-19 13:40:15.034391  1053  1053 I PackageManager: /system/priv-app/Launcher2 changed; collecting certs
01-19 13:40:15.047149   286   317 D BootAnimation: In checkExit function,the value of service.bootanim.exit is 0 
01-19 13:40:15.140958  1053  1053 W PackageManager: derivePackageAbi nativeLibraryRoot :/system/priv-app/Launcher2/lib extractLibs = false isBootScan = false
01-19 13:40:15.142577  1053  1053 W PackageManager: Permission com.android.launcher.permission.PRELOAD_WORKSPACE from package com.android.launcher in an unknown group android.permission-group.SYSTEM_TOOLS
01-19 13:40:15.142647  1053  1053 W PackageManager: Permission com.android.launcher.permission.INSTALL_SHORTCUT from package com.android.launcher in an unknown group android.permission-group.SYSTEM_TOOLS
01-19 13:40:15.142686  1053  1053 W PackageManager: Permission com.android.launcher.permission.UNINSTALL_SHORTCUT from package com.android.launcher in an unknown group android.permission-group.SYSTEM_TOOLS
01-19 13:40:15.142721  1053  1053 W PackageManager: Permission com.android.launcher.permission.READ_SETTINGS from package com.android.launcher in an unknown group android.permission-group.SYSTEM_TOOLS
01-19 13:40:15.142764  1053  1053 W PackageManager: Permission com.android.launcher.permission.WRITE_SETTINGS from package com.android.launcher in an unknown group android.permission-group.SYSTEM_TOOLS
01-19 13:40:15.156242  1053  1053 I PackageManager: /system/priv-app/Launcher3 changed; collecting certs
01-19 13:40:15.213986   286   317 D BootAnimation: In checkExit function,the value of service.bootanim.exit is 0 
01-19 13:40:15.214142  1053  1053 W PackageManager: derivePackageAbi nativeLibraryRoot :/system/priv-app/Launcher3/lib extractLibs = false isBootScan = false
01-19 13:40:15.216022  1053  1053 W PackageManager: Permission com.android.launcher.permission.INSTALL_SHORTCUT from package com.android.launcher3 in an unknown group android.permission-group.SYSTEM_TOOLS
01-19 13:40:15.216084  1053  1053 W PackageManager: Permission com.android.launcher3.permission.READ_SETTINGS from package com.android.launcher3 in an unknown group android.permission-group.SYSTEM_TOOLS
01-19 13:40:15.216160  1053  1053 W PackageManager: Permission com.android.launcher3.permission.WRITE_SETTINGS from package com.android.launcher3 in an unknown group android.permission-group.SYSTEM_TOOLS
01-19 13:40:15.229142  1053  1053 I PackageManager: /system/priv-app/ManagedProvisioning changed; collecting certs
01-19 13:40:15.259791  1053  1053 W PackageManager: derivePackageAbi nativeLibraryRoot :/system/priv-app/ManagedProvisioning/lib extractLibs = false isBootScan = false
01-19 13:40:15.273835  1053  1053 I PackageManager: /system/priv-app/MediaProvider changed; collecting certs
01-19 13:40:15.301063  1053  1053 W PackageManager: derivePackageAbi nativeLibraryRoot :/system/priv-app/MediaProvider/lib extractLibs = false isBootScan = false
01-19 13:40:15.351006  1053  1053 I PackageManager: /system/priv-app/Mms changed; collecting certs
01-19 13:40:15.380860   286   317 D BootAnimation: In checkExit function,the value of service.bootanim.exit is 0 
01-19 13:40:15.547736   286   317 D BootAnimation: In checkExit function,the value of service.bootanim.exit is 0 
01-19 13:40:15.714627   286   317 D BootAnimation: In checkExit function,the value of service.bootanim.exit is 0 
01-19 13:40:15.881253  1053  1053 W PackageManager: derivePackageAbi nativeLibraryRoot :/system/priv-app/Mms/lib extractLibs = false isBootScan = false
01-19 13:40:15.881492   286   317 D BootAnimation: In checkExit function,the value of service.bootanim.exit is 0 
01-19 13:40:15.894711  1053  1053 I PackageManager: /system/priv-app/MmsService changed; collecting certs
01-19 13:40:15.909749  1053  1053 W PackageManager: derivePackageAbi nativeLibraryRoot :/system/priv-app/MmsService/lib extractLibs = false isBootScan = false
01-19 13:40:15.916042  1053  1053 I PackageManager: /system/priv-app/MusicFX changed; collecting certs
01-19 13:40:15.939191  1053  1053 W PackageManager: derivePackageAbi nativeLibraryRoot :/system/priv-app/MusicFX/lib extractLibs = false isBootScan = false
01-19 13:40:15.945564  1053  1053 I PackageManager: /system/priv-app/OneTimeInitializer changed; collecting certs
01-19 13:40:15.959802  1053  1053 W PackageManager: derivePackageAbi nativeLibraryRoot :/system/priv-app/OneTimeInitializer/lib extractLibs = false isBootScan = false
01-19 13:40:15.976422  1053  1053 I PackageManager: /system/priv-app/PackageInstaller changed; collecting certs
01-19 13:40:16.048328   286   317 D BootAnimation: In checkExit function,the value of service.bootanim.exit is 0 
01-19 13:40:16.066922  1053  1053 W PackageManager: derivePackageAbi nativeLibraryRoot :/system/priv-app/PackageInstaller/lib extractLibs = false isBootScan = false
01-19 13:40:16.077213  1053  1053 I PackageManager: /system/priv-app/ProxyHandler changed; collecting certs
01-19 13:40:16.094290  1053  1053 W PackageManager: derivePackageAbi nativeLibraryRoot :/system/priv-app/ProxyHandler/lib extractLibs = false isBootScan = false
01-19 13:40:16.102430  1053  1053 W PackageParser: No actions in intent filter at /system/priv-app/RailwayPhoneBook/RailwayPhoneBook.apk Binary XML file line #31
01-19 13:40:16.102579  1053  1053 W PackageParser: No actions in intent filter at /system/priv-app/RailwayPhoneBook/RailwayPhoneBook.apk Binary XML file line #36
01-19 13:40:16.102758  1053  1053 W PackageParser: No actions in intent filter at /system/priv-app/RailwayPhoneBook/RailwayPhoneBook.apk Binary XML file line #41
01-19 13:40:16.102873  1053  1053 W PackageParser: No actions in intent filter at /system/priv-app/RailwayPhoneBook/RailwayPhoneBook.apk Binary XML file line #46
01-19 13:40:16.102971  1053  1053 W PackageParser: No actions in intent filter at /system/priv-app/RailwayPhoneBook/RailwayPhoneBook.apk Binary XML file line #51
01-19 13:40:16.103229  1053  1053 I PackageManager: /system/priv-app/RailwayPhoneBook changed; collecting certs
01-19 13:40:16.128705  1053  1053 W PackageManager: derivePackageAbi nativeLibraryRoot :/system/priv-app/RailwayPhoneBook/lib extractLibs = false isBootScan = false
01-19 13:40:16.142888  1053  1053 I PackageManager: /system/priv-app/SafeMode changed; collecting certs
01-19 13:40:16.209234  1053  1053 W PackageManager: derivePackageAbi nativeLibraryRoot :/system/priv-app/SafeMode/lib extractLibs = false isBootScan = false
01-19 13:40:16.215186   286   317 D BootAnimation: In checkExit function,the value of service.bootanim.exit is 0 
01-19 13:40:16.239528  1053  1053 W PackageParser: Ignoring duplicate uses-permissions/uses-permissions-sdk-m: android.permission.ACCESS_WIFI_STATE in package: com.android.dialer at: Binary XML file line #75
01-19 13:40:16.245970  1053  1053 W PackageParser: No actions in intent filter at /system/priv-app/SedDialer/SedDialer.apk Binary XML file line #219
01-19 13:40:16.246236  1053  1053 W PackageParser: No actions in intent filter at /system/priv-app/SedDialer/SedDialer.apk Binary XML file line #233
01-19 13:40:16.249432  1053  1053 I PackageManager: /system/priv-app/SedDialer changed; collecting certs
01-19 13:40:16.382034   286   317 D BootAnimation: In checkExit function,the value of service.bootanim.exit is 0 
01-19 13:40:16.548940   286   317 D BootAnimation: In checkExit function,the value of service.bootanim.exit is 0 
01-19 13:40:16.715836   286   317 D BootAnimation: In checkExit function,the value of service.bootanim.exit is 0 
01-19 13:40:16.822487  1053  1053 W PackageManager: derivePackageAbi nativeLibraryRoot :/system/priv-app/SedDialer/lib extractLibs = false isBootScan = false
01-19 13:40:16.882746   286   317 D BootAnimation: In checkExit function,the value of service.bootanim.exit is 0 
01-19 13:40:16.889233  1053  1053 W PackageParser: Ignoring duplicate uses-permissions/uses-permissions-sdk-m: android.permission.USE_CREDENTIALS in package: com.android.settings at: Binary XML file line #56
01-19 13:40:16.889967  1053  1053 W PackageParser: Ignoring duplicate uses-permissions/uses-permissions-sdk-m: android.permission.READ_SYNC_SETTINGS in package: com.android.settings at: Binary XML file line #61
01-19 13:40:16.890065  1053  1053 W PackageParser: Ignoring duplicate uses-permissions/uses-permissions-sdk-m: android.permission.WRITE_SYNC_SETTINGS in package: com.android.settings at: Binary XML file line #62
01-19 13:40:16.955556  1053  1053 I PackageManager: /system/priv-app/Settings changed; collecting certs
01-19 13:40:17.049622   286   317 D BootAnimation: In checkExit function,the value of service.bootanim.exit is 0 
01-19 13:40:17.216489   286   317 D BootAnimation: In checkExit function,the value of service.bootanim.exit is 0 
01-19 13:40:17.287824  1053  1053 W PackageManager: derivePackageAbi nativeLibraryRoot :/system/priv-app/Settings/lib extractLibs = false isBootScan = false
01-19 13:40:17.304294  1053  1053 I PackageManager: /system/priv-app/SettingsProvider changed; collecting certs
01-19 13:40:17.329274  1053  1053 W PackageManager: derivePackageAbi nativeLibraryRoot :/system/priv-app/SettingsProvider/lib extractLibs = false isBootScan = false
01-19 13:40:17.337626  1053  1053 I PackageManager: /system/priv-app/SharedStorageBackup changed; collecting certs
01-19 13:40:17.353519  1053  1053 W PackageManager: derivePackageAbi nativeLibraryRoot :/system/priv-app/SharedStorageBackup/lib extractLibs = false isBootScan = false
01-19 13:40:17.362521  1053  1053 W PackageParser: Ignoring duplicate uses-permissions/uses-permissions-sdk-m: android.permission.INSTALL_GRANT_RUNTIME_PERMISSIONS in package: com.android.shell at: Binary XML file line #101
01-19 13:40:17.363550  1053  1053 I PackageManager: /system/priv-app/Shell changed; collecting certs
01-19 13:40:17.381764  1053  1053 W PackageManager: derivePackageAbi nativeLibraryRoot :/system/priv-app/Shell/lib extractLibs = false isBootScan = false
01-19 13:40:17.383348   286   317 D BootAnimation: In checkExit function,the value of service.bootanim.exit is 0 
01-19 13:40:17.388800  1053  1053 I PackageManager: /system/priv-app/StatementService changed; collecting certs
01-19 13:40:17.404252  1053  1053 W PackageManager: derivePackageAbi nativeLibraryRoot :/system/priv-app/StatementService/lib extractLibs = false isBootScan = false
01-19 13:40:17.428634  1053  1053 W PackageParser: Ignoring duplicate uses-permissions/uses-permissions-sdk-m: android.permission.CONFIGURE_WIFI_DISPLAY in package: com.android.systemui at: Binary XML file line #121
01-19 13:40:17.434271  1053  1053 I PackageManager: /system/priv-app/SystemUI changed; collecting certs
01-19 13:40:17.550238   286   317 D BootAnimation: In checkExit function,the value of service.bootanim.exit is 0 
01-19 13:40:17.635356  1053  1053 I PackageManager: New shared user android.uid.systemui: id=10020
01-19 13:40:17.641649  1053  1053 W PackageManager: derivePackageAbi nativeLibraryRoot :/system/priv-app/SystemUI/lib extractLibs = false isBootScan = false
01-19 13:40:17.666188  1053  1053 W PackageParser: Ignoring duplicate uses-permissions/uses-permissions-sdk-m: android.permission.RECORD_AUDIO in package: com.android.phone at: Binary XML file line #103
01-19 13:40:17.679747  1053  1053 I PackageManager: /system/priv-app/TeleService changed; collecting certs
01-19 13:40:17.717100   286   317 D BootAnimation: In checkExit function,the value of service.bootanim.exit is 0 
01-19 13:40:17.744482  1053  1053 W PackageManager: derivePackageAbi nativeLibraryRoot :/system/priv-app/TeleService/lib extractLibs = false isBootScan = false
01-19 13:40:17.759982  1053  1053 I PackageManager: /system/priv-app/Telecom changed; collecting certs
01-19 13:40:17.788365  1053  1053 W PackageManager: derivePackageAbi nativeLibraryRoot :/system/priv-app/Telecom/lib extractLibs = false isBootScan = false
01-19 13:40:17.797575  1053  1053 I PackageManager: /system/priv-app/TelephonyProvider changed; collecting certs
01-19 13:40:17.817027  1053  1053 W PackageManager: derivePackageAbi nativeLibraryRoot :/system/priv-app/TelephonyProvider/lib extractLibs = false isBootScan = false
01-19 13:40:17.824648  1053  1053 I PackageManager: /system/priv-app/VgcsVbsWidget changed; collecting certs
01-19 13:40:17.849912  1053  1053 W PackageManager: derivePackageAbi nativeLibraryRoot :/system/priv-app/VgcsVbsWidget/lib extractLibs = false isBootScan = false
01-19 13:40:17.855985  1053  1053 I PackageManager: /system/priv-app/VpnDialogs changed; collecting certs
01-19 13:40:17.870733  1053  1053 W PackageManager: derivePackageAbi nativeLibraryRoot :/system/priv-app/VpnDialogs/lib extractLibs = false isBootScan = false
01-19 13:40:17.880269  1053  1053 I PackageManager: /system/priv-app/WallpaperCropper changed; collecting certs
01-19 13:40:17.883982   286   317 D BootAnimation: In checkExit function,the value of service.bootanim.exit is 0 
01-19 13:40:17.897986  1053  1053 W PackageManager: derivePackageAbi nativeLibraryRoot :/system/priv-app/WallpaperCropper/lib extractLibs = false isBootScan = false
01-19 13:40:17.906390  1053  1053 I PackageManager: /system/priv-app/eREC changed; collecting certs
01-19 13:40:17.955673  1053  1053 W PackageManager: derivePackageAbi nativeLibraryRoot :/system/priv-app/eREC/lib extractLibs = false isBootScan = false
01-19 13:40:17.965399  1053  1053 I PackageManager: /system/app/AntiTheft changed; collecting certs
01-19 13:40:17.983009  1053  1053 W PackageManager: derivePackageAbi nativeLibraryRoot :/system/app/AntiTheft/lib extractLibs = false isBootScan = false
01-19 13:40:17.990524  1053  1053 I PackageManager: /system/app/Assistant3 changed; collecting certs
01-19 13:40:18.006978  1053  1053 W PackageManager: derivePackageAbi nativeLibraryRoot :/system/app/Assistant3/lib extractLibs = false isBootScan = false
01-19 13:40:18.014714  1053  1053 I PackageManager: /system/app/AutoLogService changed; collecting certs
01-19 13:40:18.033080  1053  1053 W PackageManager: derivePackageAbi nativeLibraryRoot :/system/app/AutoLogService/lib extractLibs = false isBootScan = false
