01-19 13:40:41.582363   286   317 D BootAnimation: In checkExit function,the value of service.bootanim.exit is 0 
01-19 13:40:41.749251   286   317 D BootAnimation: In checkExit function,the value of service.bootanim.exit is 0 
01-19 13:40:41.915799  1411  1411 I dex2oat : dex2oat took 3.606s (threads: 5) arena alloc=1080KB java alloc=3MB native alloc=14MB free=3MB
01-19 13:40:41.916108   286   317 D BootAnimation: In checkExit function,the value of service.bootanim.exit is 0 
01-19 13:40:41.932263  1053  1053 I PackageManager: Adjusting ABI for : com.leadcore.assistant3 to armeabi-v7a
01-19 13:40:41.932983  1053  1053 I PackageManager.DexOptimizer: Running dexopt (dex2oat) on: /system/app/Assistant3/Assistant3.apk pkg=com.leadcore.assistant3 isa=arm vmSafeMode=false debuggable=false oatDir = null bootComplete=false
01-19 13:40:41.981252  1417  1417 I dex2oat : Starting dex2oat.
01-19 13:40:42.082968   286   317 D BootAnimation: In checkExit function,the value of service.bootanim.exit is 0 
01-19 13:40:42.161072  1417  1417 I dex2oat : dex2oat took 180.848ms (threads: 5) arena alloc=969KB java alloc=158KB native alloc=2MB free=2MB
01-19 13:40:42.167515  1053  1053 I PackageManager: Adjusting ABI for : com.android.inputdevices to armeabi-v7a
01-19 13:40:42.168363  1053  1053 I PackageManager.DexOptimizer: Running dexopt (dex2oat) on: /system/priv-app/InputDevices/InputDevices.apk pkg=com.android.inputdevices isa=arm vmSafeMode=false debuggable=false oatDir = null bootComplete=false
01-19 13:40:42.213456  1423  1423 I dex2oat : Starting dex2oat.
01-19 13:40:42.248582  1423  1423 I dex2oat : dex2oat took 35.983ms (threads: 5) arena alloc=5KB java alloc=17KB native alloc=910KB free=881KB
01-19 13:40:42.249830   286   317 D BootAnimation: In checkExit function,the value of service.bootanim.exit is 0 
01-19 13:40:42.253423  1053  1053 I PackageManager: Adjusting ABI for : com.sedwt.gsmrdialer to armeabi-v7a
01-19 13:40:42.254386  1053  1053 I PackageManager.DexOptimizer: Running dexopt (dex2oat) on: /system/priv-app/GSMRDialer/GSMRDialer.apk pkg=com.sedwt.gsmrdialer isa=arm vmSafeMode=false debuggable=false oatDir = null bootComplete=false
01-19 13:40:42.300769  1429  1429 I dex2oat : Starting dex2oat.
01-19 13:40:42.380421  1429  1431 W dex2oat : Before Android 4.1, method int android.support.v7.internal.widget.ListViewCompat.lookForSelectablePosition(int, boolean) would have incorrectly overridden the package-private method in android.widget.ListView
01-19 13:40:42.416657   286   317 D BootAnimation: In checkExit function,the value of service.bootanim.exit is 0 
01-19 13:40:42.583571   286   317 D BootAnimation: In checkExit function,the value of service.bootanim.exit is 0 
01-19 13:40:42.750477   286   317 D BootAnimation: In checkExit function,the value of service.bootanim.exit is 0 
01-19 13:40:42.844665  1429  1429 I dex2oat : dex2oat took 544.718ms (threads: 5) arena alloc=3MB java alloc=987KB native alloc=5MB free=4MB
01-19 13:40:42.853477  1053  1053 I PackageManager: Adjusting ABI for : com.android.mms.service to armeabi-v7a
01-19 13:40:42.854082  1053  1053 I PackageManager.DexOptimizer: Running dexopt (dex2oat) on: /system/priv-app/MmsService/MmsService.apk pkg=com.android.mms.service isa=arm vmSafeMode=false debuggable=false oatDir = null bootComplete=false
01-19 13:40:42.898891  1435  1435 I dex2oat : Starting dex2oat.
01-19 13:40:42.917376   286   317 D BootAnimation: In checkExit function,the value of service.bootanim.exit is 0 
01-19 13:40:43.026890  1435  1435 I dex2oat : dex2oat took 128.894ms (threads: 5) arena alloc=286KB java alloc=176KB native alloc=2031KB free=2MB
01-19 13:40:43.033061  1053  1053 I PackageManager: Adjusting ABI for : com.android.gsmr to armeabi-v7a
01-19 13:40:43.033897  1053  1053 I PackageManager.DexOptimizer: Running dexopt (dex2oat) on: /system/priv-app/GsmrVgcsVbsDial/GsmrVgcsVbsDial.apk pkg=com.android.gsmr isa=arm vmSafeMode=false debuggable=false oatDir = null bootComplete=false
01-19 13:40:43.083930  1441  1441 I dex2oat : Starting dex2oat.
01-19 13:40:43.084238   286   317 D BootAnimation: In checkExit function,the value of service.bootanim.exit is 0 
01-19 13:40:43.251054   286   317 D BootAnimation: In checkExit function,the value of service.bootanim.exit is 0 
01-19 13:40:43.417981   286   317 D BootAnimation: In checkExit function,the value of service.bootanim.exit is 0 
01-19 13:40:43.584884   286   317 D BootAnimation: In checkExit function,the value of service.bootanim.exit is 0 
01-19 13:40:43.648210  1441  1441 I dex2oat : dex2oat took 565.216ms (threads: 5) arena alloc=340KB java alloc=708KB native alloc=3MB free=1674KB
01-19 13:40:43.656295  1053  1053 I PackageManager: Adjusting ABI for : com.android.providers.telephony to armeabi-v7a
01-19 13:40:43.657142  1053  1053 I PackageManager.DexOptimizer: Running dexopt (dex2oat) on: /system/priv-app/TelephonyProvider/TelephonyProvider.apk pkg=com.android.providers.telephony isa=arm vmSafeMode=false debuggable=false oatDir = null bootComplete=false
01-19 13:40:43.702115  1447  1447 I dex2oat : Starting dex2oat.
01-19 13:40:43.751779   286   317 D BootAnimation: In checkExit function,the value of service.bootanim.exit is 0 
01-19 13:40:43.918659   286   317 D BootAnimation: In checkExit function,the value of service.bootanim.exit is 0 
01-19 13:40:43.949066  1447  1447 I dex2oat : dex2oat took 247.836ms (threads: 5) arena alloc=1509KB java alloc=170KB native alloc=3MB free=3MB
01-19 13:40:43.957057  1053  1053 I PackageManager: Adjusting ABI for : com.sedwt.fnapp to armeabi-v7a
01-19 13:40:43.958035  1053  1053 I PackageManager.DexOptimizer: Running dexopt (dex2oat) on: /system/priv-app/FnApp/FnApp.apk pkg=com.sedwt.fnapp isa=arm vmSafeMode=false debuggable=false oatDir = null bootComplete=false
01-19 13:40:44.032828  1453  1453 I dex2oat : Starting dex2oat.
01-19 13:40:44.085539   286   317 D BootAnimation: In checkExit function,the value of service.bootanim.exit is 0 
01-19 13:40:44.252421   286   317 D BootAnimation: In checkExit function,the value of service.bootanim.exit is 0 
01-19 13:40:44.419398   286   317 D BootAnimation: In checkExit function,the value of service.bootanim.exit is 0 
01-19 13:40:44.511266  1453  1453 I dex2oat : dex2oat took 480.407ms (threads: 5) arena alloc=1355KB java alloc=672KB native alloc=3MB free=2MB
01-19 13:40:44.518975  1053  1053 I PackageManager: Adjusting ABI for : com.android.phone to armeabi-v7a
01-19 13:40:44.519913  1053  1053 I PackageManager.DexOptimizer: Running dexopt (dex2oat) on: /system/priv-app/TeleService/TeleService.apk pkg=com.android.phone isa=arm vmSafeMode=false debuggable=false oatDir = null bootComplete=false
01-19 13:40:44.564818  1459  1459 I dex2oat : Starting dex2oat.
01-19 13:40:44.586294   286   317 D BootAnimation: In checkExit function,the value of service.bootanim.exit is 0 
01-19 13:40:44.753188   286   317 D BootAnimation: In checkExit function,the value of service.bootanim.exit is 0 
01-19 13:40:44.762152  1459  1459 W dex2oat : Before Android 4.1, method boolean com.android.internal.telephony.gsmr.GSMRPhone.isInCall() would have incorrectly overridden the package-private method in com.android.internal.telephony.gsm.GSMPhone
01-19 13:40:44.763595  1459  1459 W dex2oat : Before Android 4.1, method void com.android.internal.telephony.gsmr.GsmCallForR.attach(com.android.internal.telephony.Connection, com.android.internal.telephony.DriverCall) would have incorrectly overridden the package-private method in com.android.internal.telephony.gsm.GsmCall
01-19 13:40:44.763669  1459  1459 W dex2oat : Before Android 4.1, method void com.android.internal.telephony.gsmr.GsmCallForR.attachFake(com.android.internal.telephony.Connection, com.android.internal.telephony.fr.CallBase$State) would have incorrectly overridden the package-private method in com.android.internal.telephony.gsm.GsmCall
01-19 13:40:44.763707  1459  1459 W dex2oat : Before Android 4.1, method void com.android.internal.telephony.gsmr.GsmCallForR.clearDisconnected() would have incorrectly overridden the package-private method in com.android.internal.telephony.gsm.GsmCall
01-19 13:40:44.763741  1459  1459 W dex2oat : Before Android 4.1, method boolean com.android.internal.telephony.gsmr.GsmCallForR.isFull() would have incorrectly overridden the package-private method in com.android.internal.telephony.gsm.GsmCall
01-19 13:40:44.763774  1459  1459 W dex2oat : Before Android 4.1, method void com.android.internal.telephony.gsmr.GsmCallForR.onHangupLocal() would have incorrectly overridden the package-private method in com.android.internal.telephony.gsm.GsmCall
01-19 13:40:44.891535  1459  1462 W dex2oat : Before Android 4.1, method boolean com.android.internal.telephony.gsmr.GsmConnectionForR.compareTo(com.android.internal.telephony.DriverCall) would have incorrectly overridden the package-private method in com.android.internal.telephony.gsm.GsmConnection
01-19 13:40:44.891638  1459  1462 W dex2oat : Before Android 4.1, method int com.android.internal.telephony.gsmr.GsmConnectionForR.disconnectCauseFromCode(int) would have incorrectly overridden the package-private method in com.android.internal.telephony.gsm.GsmConnection
01-19 13:40:44.891677  1459  1462 W dex2oat : Before Android 4.1, method void com.android.internal.telephony.gsmr.GsmConnectionForR.fakeHoldBeforeDial() would have incorrectly overridden the package-private method in com.android.internal.telephony.gsm.GsmConnection
01-19 13:40:44.891711  1459  1462 W dex2oat : Before Android 4.1, method int com.android.internal.telephony.gsmr.GsmConnectionForR.getGSMIndex() would have incorrectly overridden the package-private method in com.android.internal.telephony.gsm.GsmConnection
01-19 13:40:44.891743  1459  1462 W dex2oat : Before Android 4.1, method void com.android.internal.telephony.gsmr.GsmConnectionForR.onConnectedInOrOut() would have incorrectly overridden the package-private method in com.android.internal.telephony.gsm.GsmConnection
01-19 13:40:44.891778  1459  1462 W dex2oat : Before Android 4.1, method boolean com.android.internal.telephony.gsmr.GsmConnectionForR.onDisconnect(int) would have incorrectly overridden the package-private method in com.android.internal.telephony.gsm.GsmConnection
01-19 13:40:44.891810  1459  1462 W dex2oat : Before Android 4.1, method void com.android.internal.telephony.gsmr.GsmConnectionForR.onHangupLocal() would have incorrectly overridden the package-private method in com.android.internal.telephony.gsm.GsmConnection
01-19 13:40:44.891849  1459  1462 W dex2oat : Before Android 4.1, method void com.android.internal.telephony.gsmr.GsmConnectionForR.onRemoteDisconnect(int, java.lang.String) would have incorrectly overridden the package-private method in com.android.internal.telephony.gsm.GsmConnection
01-19 13:40:44.891881  1459  1462 W dex2oat : Before Android 4.1, method void com.android.internal.telephony.gsmr.GsmConnectionForR.onStartedHolding() would have incorrectly overridden the package-private method in com.android.internal.telephony.gsm.GsmConnection
01-19 13:40:44.891923  1459  1462 W dex2oat : Before Android 4.1, method boolean com.android.internal.telephony.gsmr.GsmConnectionForR.update(com.android.internal.telephony.DriverCall) would have incorrectly overridden the package-private method in com.android.internal.telephony.gsm.GsmConnection
01-19 13:40:44.920043   286   317 D BootAnimation: In checkExit function,the value of service.bootanim.exit is 0 
01-19 13:40:45.086954   286   317 D BootAnimation: In checkExit function,the value of service.bootanim.exit is 0 
01-19 13:40:45.253879   286   317 D BootAnimation: In checkExit function,the value of service.bootanim.exit is 0 
01-19 13:40:45.420766   286   317 D BootAnimation: In checkExit function,the value of service.bootanim.exit is 0 
01-19 13:40:45.587704   286   317 D BootAnimation: In checkExit function,the value of service.bootanim.exit is 0 
01-19 13:40:45.754623   286   317 D BootAnimation: In checkExit function,the value of service.bootanim.exit is 0 
01-19 13:40:45.921774   286   317 D BootAnimation: In checkExit function,the value of service.bootanim.exit is 0 
01-19 13:40:46.057830  1459  1459 I dex2oat : dex2oat took 1.493s (threads: 5) arena alloc=2MB java alloc=2047KB native alloc=9MB free=2MB
01-19 13:40:46.069517  1053  1053 I PackageManager: Adjusting ABI for : com.android.stk to armeabi-v7a
01-19 13:40:46.070430  1053  1053 I PackageManager.DexOptimizer: Running dexopt (dex2oat) on: /system/app/Stk/Stk.apk pkg=com.android.stk isa=arm vmSafeMode=false debuggable=false oatDir = null bootComplete=false
01-19 13:40:46.088666   286   317 D BootAnimation: In checkExit function,the value of service.bootanim.exit is 0 
01-19 13:40:46.115885  1465  1465 I dex2oat : Starting dex2oat.
01-19 13:40:46.255557   286   317 D BootAnimation: In checkExit function,the value of service.bootanim.exit is 0 
01-19 13:40:46.339624  1465  1465 I dex2oat : dex2oat took 224.515ms (threads: 5) arena alloc=1684KB java alloc=211KB native alloc=2MB free=3MB
01-19 13:40:46.347436  1053  1053 I PackageManager: Time to scan packages: 38.182 seconds
01-19 13:40:46.349671  1053  1053 W PackageManager: Unknown permission com.google.android.googleapps.permission.GOOGLE_AUTH in package com.android.providers.calendar
01-19 13:40:46.349716  1053  1053 W PackageManager: Unknown permission com.google.android.googleapps.permission.GOOGLE_AUTH.cl in package com.android.providers.calendar
01-19 13:40:46.350594  1053  1053 W PackageManager: Unknown permission android.Manifest.permission.PROCESS_OUTGOING_CALLS in package com.android.launcher
01-19 13:40:46.350713  1053  1053 W PackageManager: Unknown permission org.simalliance.openmobileapi.BIND_TERMINAL in package org.simalliance.openmobileapi.service
01-19 13:40:46.351180  1053  1053 W PackageManager: Not granting permission android.permission.GLOBAL_SEARCH to package com.android.quicksearchbox (protectionLevel=18 flags=0x3808be45)
01-19 13:40:46.351736  1053  1053 W PackageManager: Unknown permission android.permission.FOREGROUND_SERVICE in package com.adups.fota
01-19 13:40:46.351764  1053  1053 W PackageManager: Unknown permission android.hardware.sensor.accelerometer in package com.adups.fota
01-19 13:40:46.351978  1053  1053 W PackageManager: Unknown permission android.permission.CHANGE_OVERLAY_PACKAGES in package com.adups.fota
01-19 13:40:46.352018  1053  1053 W PackageManager: Unknown permission com.adups.privacypolicy.get_content_permission in package com.adups.fota
01-19 13:40:46.352043  1053  1053 W PackageManager: Unknown permission com.google.android.c2dm.permission.RECEIVE in package com.adups.fota
01-19 13:40:46.353283  1053  1053 W PackageManager: Unknown permission android.permission.RECEIEVE_BOOT_COMPLETED in package com.leadcore.fm
01-19 13:40:46.354244  1053  1053 W PackageManager: Unknown permission android.permission.INSTALL_DRM in package com.android.mms
01-19 13:40:46.355020  1053  1053 W PackageManager: Unknown permission com.google.android.googleapps.permission.GOOGLE_AUTH.mail in package com.android.calendar
01-19 13:40:46.355165  1053  1053 W PackageManager: Unknown permission android.permission.RECEIEVE_BOOT_COMPLETED in package com.leadcore.amt3
01-19 13:40:46.355494  1053  1053 W PackageManager: Unknown permission android.Manifest.permission.PROCESS_OUTGOING_CALLS in package com.android.gsmr
01-19 13:40:46.355549  1053  1053 W PackageManager: Unknown permission com.qti.permission.DIAG in package com.android.gsmr
01-19 13:40:46.355715  1053  1053 W PackageManager: Unknown permission android.permission.GSMR_CALL in package com.sedwt.erec
01-19 13:40:46.357751  1053  1053 W PackageManager: Unknown permission android.permission.SEND_SMS_NO_CONFIRMATION in package com.android.mms.apptests
01-19 13:40:46.358220  1053  1053 W PackageManager: Not granting permission android.permission.DELETE_PACKAGES to package com.svox.pico (protectionLevel=18 flags=0x3808be45)
01-19 13:40:46.359922  1053  1053 W PackageManager: Unknown permission android.permission.ACCESS_SUPERUSER in package com.android.sedwt.safemode
01-19 13:40:46.360166  1053  1053 W PackageManager: Unknown permission com.google.android.googleapps.permission.GOOGLE_AUTH in package com.android.settings
01-19 13:40:46.361762  1053  1053 W PackageManager: Unknown permission android.permission.RUN_INSTRUMENTATION in package com.leadcore.logservice
01-19 13:40:46.361846  1053  1053 W PackageManager: Unknown permission android.permission.SYSTEM_OVERLAY_WINDOW in package com.leadcore.logservice
01-19 13:40:46.362031  1053  1053 W PackageManager: Unknown permission org.simalliance.openmobileapi.SYSTEM_TERMINAL in package org.simalliance.openmobileapi.uiccterminal
01-19 13:40:46.367713  1053  1053 W PackageManager: Unknown permission android.permission.ACCESS_ALL_EXTERNAL_STORAGE in package com.android.systemui
01-19 13:40:46.371092  1053  1053 W PackageManager: Unknown permission com.google.android.gallery3d.permission.GALLERY_PROVIDER in package com.android.bluetooth
01-19 13:40:46.422432   286   317 D BootAnimation: In checkExit function,the value of service.bootanim.exit is 0 
01-19 13:40:46.476066  1053  1053 I art     : Starting a blocking GC Explicit
01-19 13:40:46.505370  1053  1053 I art     : Explicit concurrent mark sweep GC freed 17527(1021KB) AllocSpace objects, 3(56KB) LOS objects, 33% free, 3MB/5MB, paused 527us total 28.300ms
01-19 13:40:46.507158  1053  1053 I SystemServer: User Service
01-19 13:40:46.514103   167   167 I lowmemorykiller: ActivityManager connected
01-19 13:40:46.589323   286   317 D BootAnimation: In checkExit function,the value of service.bootanim.exit is 0 
01-19 13:40:46.592514  1053  1053 D SensorService: nuSensorService starting...
01-19 13:40:46.600010  1053  1053 I Sensors-leadcore: find sub sensor module /system/lib/hw/sub/vendor.sensors.lc.so
01-19 13:40:46.607267  1053  1053 I Sensors-leadcore: load hal test file ok /system/lib/hw/sub/vendor.sensors.lc.so
01-19 13:40:46.607384  1053  1053 I Sensors-leadcore: Try get sensor list, sub module cnt 1(0xac362000)
01-19 13:40:46.607417  1053  1053 I Sensors-leadcore: Try get LC Sensor module sensor list
01-19 13:40:46.607533  1053  1053 E sensor-Sensors: Sensor HAL common probe for acc_bma2x2(-1)
01-19 13:40:46.607935  1053  1053 E sensor-Sensors: sensor_probe_common:find sensor name = acc_bma2x2
01-19 13:40:46.607967  1053  1053 E sensor-Sensors: Get sensor acc_bma2x2(0)
01-19 13:40:46.608024  1053  1053 E sensor-Sensors: Sensor HAL common probe for mag_st480(-1)
01-19 13:40:46.608650  1053  1053 E sensor-Sensors: Sensor HAL common probe for qmc6983(-1)
01-19 13:40:46.609248  1053  1053 E sensor-Sensors: Sensor HAL common probe for mag_mmc3416x(-1)
01-19 13:40:46.609852  1053  1053 E sensor-Sensors: Sensor HAL common probe for mag_akm(-1)
01-19 13:40:46.610515  1053  1053 E sensor-Sensors: Sensor HAL common probe for alps_compass(-1)
01-19 13:40:46.611124  1053  1053 E sensor-Sensors: Sensor HAL common probe for l3gd20_gyr(-1)
01-19 13:40:46.611758  1053  1053 E sensor-Sensors: Sensor HAL common probe for lsm330_gyr(-1)
01-19 13:40:46.612421  1053  1053 E sensor-Sensors: common_probe_misc: tmp->id = 14
01-19 13:40:46.612451  1053  1053 E sensor-Sensors: Get sensor light(1)
01-19 13:40:46.612523  1053  1053 E sensor-Sensors: sensor_probe_common_light opendir light fail
01-19 13:40:46.612576  1053  1053 E sensor-Sensors: Sensor HAL common probe for stk3x1xproximity(-1)
01-19 13:40:46.613148  1053  1053 I Sensors-leadcore: Get sensor: acc_bma2x2 in LC Sensor module
01-19 13:40:46.613178  1053  1053 I Sensors-leadcore:   handle 1 --> 1
01-19 13:40:46.613205  1053  1053 I Sensors-leadcore: Get sensor: light in LC Sensor module
01-19 13:40:46.613230  1053  1053 I Sensors-leadcore:   handle 5 --> 5
01-19 13:40:46.613260  1053  1053 I Sensors-leadcore: Find 1 sub sensor module(0xac362000)
01-19 13:40:46.613301  1053  1053 E sensor-Sensors: sensors_poll_context_t is a newest sensors_poll_context_t
01-19 13:40:46.613639  1053  1053 E sensor-sensorbase: matchInput:input_name1= event1
01-19 13:40:46.614197  1053  1053 D Sensors : get sensor chip id is 250 
01-19 13:40:46.614251  1053  1053 E sensor-Sensors: SENSOR_MAG is not found on this board
01-19 13:40:46.614285  1053  1053 E sensor-Sensors: SENSOR_GYRO is not found on this board
01-19 13:40:46.614318  1053  1053 E sensor-Sensors: SENSOR_LIGHT_COMMON found on this board
01-19 13:40:46.614450  1053  1053 D Sensors : LightSensor::LightSensor(),LightSensor light_fd = 49
01-19 13:40:46.614493  1053  1053 E Sensors : LightSensor::getLightFd returning 49
01-19 13:40:46.614527  1053  1053 E sensor-Sensors: SENSOR_PROXIMITY is not found on this board
01-19 13:40:46.614588  1053  1053 E sensor-Sensors: get_pollfd fd 48
01-19 13:40:46.614619  1053  1053 E sensor-Sensors: get_pollfd fd 49
01-19 13:40:46.614644  1053  1053 E sensor-Sensors: get_pollfd fd 50
01-19 13:40:46.614677  1053  1053 E Sensors-leadcore: Sub sensor module(LC Sensor module) return 6 FD
01-19 13:40:46.614709  1053  1053 E Sensors-leadcore: Get poll fd 50 on LC Sensor module, add to 1
01-19 13:40:46.614740  1053  1053 E Sensors-leadcore: Get poll fd 49 on LC Sensor module, add to 2
01-19 13:40:46.614771  1053  1053 E Sensors-leadcore: Get poll fd 48 on LC Sensor module, add to 3
01-19 13:40:46.614844  1053  1053 I Sensors-leadcore: Activate for handle 1(acc_bma2x2)
01-19 13:40:46.614897  1053  1053 I sensor-Sensors: activate,handle: 1, enabled: 0,index:0,mAccMask[0x0],mMagMask[0x0]
01-19 13:40:46.614930  1053  1053 I Sensors-leadcore: Activate for handle 5(light)
01-19 13:40:46.614975  1053  1053 I sensor-Sensors: activate,handle: 5, enabled: 0,index:3,mAccMask[0x0],mMagMask[0x0]
01-19 13:40:46.615013  1053  1053 E Sensors : LightSensor::enable,handle = 5,flags = 0,mEnabled=0
01-19 13:40:46.617717  1053  1472 D SensorService: new thread SensorEventAckReceiver
01-19 13:40:46.617929  1053  1053 I SystemServiceManager: Starting com.android.server.BatteryService
01-19 13:40:46.622877  1053  1473 D SensorService: nuSensorService thread starting...
01-19 13:40:46.639112  1053  1053 I SystemServiceManager: Starting com.android.server.usage.UsageStatsService
01-19 13:40:46.653051  1053  1053 I UsageStatsDatabase: Upgrading from version 0 to 3
01-19 13:40:46.653169  1053  1053 I UsageStatsDatabase: Deleting all usage stats files
01-19 13:40:46.658035  1053  1053 I UsageStatsService: User[0] Rollover scheduled @ 2021-01-20 08:00:00(1611100800000)
01-19 13:40:46.695553  1053  1053 I UsageStatsService: User[0] Flushing usage stats to disk
01-19 13:40:46.732511  1053  1053 I SystemServiceManager: Starting com.android.server.webkit.WebViewUpdateService
01-19 13:40:46.735120  1053  1053 I SystemServer: Reading configuration...
01-19 13:40:46.735201  1053  1053 I SystemServer: Scheduling Policy
01-19 13:40:46.736759  1053  1053 I SystemServiceManager: Starting com.android.server.telecom.TelecomLoaderService
01-19 13:40:46.737820  1053  1053 I SystemServer: Telephony Registry
01-19 13:40:46.743909  1053  1053 I SystemServer: Entropy Mixer
01-19 13:40:46.745572  1053  1053 W EntropyMixer: No existing entropy file -- first boot?
01-19 13:40:46.748029  1053  1053 I EntropyMixer: Writing entropy...
01-19 13:40:46.756209   286   317 D BootAnimation: In checkExit function,the value of service.bootanim.exit is 0 
01-19 13:40:46.762512  1053  1053 I SystemServer: Camera Service
01-19 13:40:46.762960  1053  1053 I SystemServiceManager: Starting com.android.server.camera.CameraService
01-19 13:40:46.765910  1053  1474 I ServiceThread: Enabled StrictMode logging for CameraService_proxy looper.
01-19 13:40:46.767687  1053  1053 I SystemServer: Account Manager
01-19 13:40:46.774050  1053  1053 I SystemServer: Content Manager
01-19 13:40:46.776485  1053  1053 I SystemServer: System Content Providers
01-19 13:40:46.782882  1053  1053 W System  : ClassLoader referenced unknown path: /system/priv-app/SettingsProvider/lib/arm
01-19 13:40:46.834932  1053  1053 D SettingsProvider: -- loadVolumeLevels db:SQLiteDatabase: /data/user/0/com.android.providers.settings/databases/settings.db
01-19 13:40:46.837762  1053  1053 D SettingsProvider: -- loadSystemSettings db:SQLiteDatabase: /data/user/0/com.android.providers.settings/databases/settings.db
01-19 13:40:46.844660  1053  1053 D SettingsProvider: -- loadSecureSettings db:SQLiteDatabase: /data/user/0/com.android.providers.settings/databases/settings.db
01-19 13:40:46.848356  1053  1053 D SettingsProvider: -- loadGlobalSettings db:SQLiteDatabase: /data/user/0/com.android.providers.settings/databases/settings.db
01-19 13:40:46.875735  1053  1053 D SettingsProvider: Generated and saved new ANDROID_ID [265b5ebb55978ac1] for user 0
01-19 13:40:46.890614  1053  1053 W SettingsProvider: Upgrading settings for user: 0 from version: 118 to version: 122
01-19 13:40:46.896396  1053  1053 I SystemServer: Vibrator Service
01-19 13:40:46.899398  1053  1084 I SyncManager: No initial accounts
01-19 13:40:46.899996  1053  1084 I SyncManager: No initial status
01-19 13:40:46.900836  1053  1084 I SyncManager: No initial statistics
01-19 13:40:46.902992  1053  1053 I SystemServer: Consumer IR Service
01-19 13:40:46.903587  1053  1053 E ConsumerIrService: Can't open consumer IR HW Module, error: -2
01-19 13:40:46.904292  1053  1053 I SystemServiceManager: Starting com.android.server.AlarmManagerService
01-19 13:40:46.907291  1053  1053 D AlarmManagerService: Kernel timezone updated to -480 minutes west of GMT
01-19 13:40:46.912322  1053  1053 I SystemServer: Init Watchdog
01-19 13:40:46.912786  1053  1053 I SystemServer: Input Manager
01-19 13:40:46.914283  1053  1053 I InputManager: Initializing input manager, mUseDevInputEventForAudioJack=false
01-19 13:40:46.916672  1053  1053 I SystemServer: Window Manager
01-19 13:40:46.923077   286   317 D BootAnimation: In checkExit function,the value of service.bootanim.exit is 0 
01-19 13:40:46.933932  1053  1091 I WindowManager: No existing display settings /data/system/display_settings.xml; starting empty
01-19 13:40:46.953162  1053  1086 V WindowManager: jex----init()----mButtonLightEnabled=true
01-19 13:40:46.971699  1053  1053 I InputManager: Starting input manager
01-19 13:40:46.973913  1053  1053 I SystemServer: Bluetooth Service
01-19 13:40:46.974169  1053  1053 I SystemServiceManager: Starting com.android.server.BluetoothService
01-19 13:40:46.974523  1053  1481 D EventHub: No input device configuration file found for device 'comip_snd_soc Headset'.
01-19 13:40:46.977952  1053  1053 D BluetoothService: onStart: publishing BluetoothManagerService
01-19 13:40:46.978681  1053  1053 I SystemServer: Input Method Service
01-19 13:40:46.981374  1053  1053 W System  : ClassLoader referenced unknown path: /system/framework/QPerformance.jar
01-19 13:40:46.981896  1053  1053 E BoostFramework: BoostFramework() : Exception_1 = java.lang.ClassNotFoundException: Didn't find class "com.qualcomm.qti.Performance" on path: DexPathList[[],nativeLibraryDirectories=[/vendor/lib, /system/lib]]
01-19 13:40:46.981926  1053  1053 V BoostFramework: BoostFramework() : mPerf = null
01-19 13:40:46.984828  1053  1481 W EventHub: Unable to disable kernel key repeat for /dev/input/event4: Function not implemented
01-19 13:40:46.984984  1053  1481 I EventHub: New device: id=1, fd=70, path='/dev/input/event4', name='comip_snd_soc Headset', classes=0x81, configuration='', keyLayout='/system/usr/keylayout/Generic.kl', keyCharacterMap='/system/usr/keychars/Generic.kcm', builtinKeyboard=false, wakeMechanism=EPOLLWAKEUP, usingClockIoctl=true
01-19 13:40:46.985299  1053  1481 D EventHub: No input device configuration file found for device 'comip-powerkey'.
01-19 13:40:46.993176  1053  1481 W EventHub: Unable to disable kernel key repeat for /dev/input/event2: Function not implemented
01-19 13:40:46.993300  1053  1481 I EventHub: New device: id=2, fd=71, path='/dev/input/event2', name='comip-powerkey', classes=0x1, configuration='', keyLayout='/system/usr/keylayout/Generic.kl', keyCharacterMap='/system/usr/keychars/Generic.kcm', builtinKeyboard=false, wakeMechanism=EPOLLWAKEUP, usingClockIoctl=true
01-19 13:40:46.993573  1053  1481 D EventHub: No input device configuration file found for device 'acc_bma2x2'.
01-19 13:40:47.009517  1053  1053 I SystemServer: Accessibility Manager
01-19 13:40:47.017349  1053  1053 I ActivityManager: Config changes=1df8 {1.0 ?mcc?mnc de_DE ldltr sw320dp w320dp h426dp 120dpi smll port ?uimode ?night -touch -keyb/v/h -nav/h s.2}
01-19 13:40:47.030843  1053  1481 D EventHub: No input device configuration file found for device 'keypad.22'.
01-19 13:40:47.037815  1053  1481 W EventHub: Unable to disable kernel key repeat for /dev/input/event3: Function not implemented
01-19 13:40:47.037949  1053  1481 I EventHub: New device: id=4, fd=73, path='/dev/input/event3', name='keypad.22', classes=0x1, configuration='', keyLayout='/system/usr/keylayout/Generic.kl', keyCharacterMap='/system/usr/keychars/Generic.kcm', builtinKeyboard=false, wakeMechanism=EPOLLWAKEUP, usingClockIoctl=true
01-19 13:40:47.038476  1053  1481 D EventHub: No input device configuration file found for device 'tca8418'.
01-19 13:40:47.045286  1053  1481 W EventHub: Unable to disable kernel key repeat for /dev/input/event0: Function not implemented
01-19 13:40:47.045377  1053  1481 I EventHub: New device: id=5, fd=74, path='/dev/input/event0', name='tca8418', classes=0x1, configuration='', keyLayout='/system/usr/keylayout/Generic.kl', keyCharacterMap='/system/usr/keychars/Generic.kcm', builtinKeyboard=false, wakeMechanism=EPOLLWAKEUP, usingClockIoctl=true
01-19 13:40:47.054515  1053  1481 I InputReader: Device added: id=-1, name='Virtual', sources=0x00000301
01-19 13:40:47.054674  1053  1481 D TAG     : interceptMotionBeforeQueueingNonInteractive policyFlags = 33554433
01-19 13:40:47.055095  1053  1481 D TAG     : mPowerManager wakeUp reason = android.policy:MOTION
01-19 13:40:47.055275  1053  1481 I InputReader: Device added: id=5, name='tca8418', sources=0x00000101
01-19 13:40:47.055310  1053  1481 D TAG     : interceptMotionBeforeQueueingNonInteractive policyFlags = 33554433
01-19 13:40:47.055368  1053  1481 D TAG     : mPowerManager wakeUp reason = android.policy:MOTION
01-19 13:40:47.055434  1053  1481 I InputReader: Device added: id=4, name='keypad.22', sources=0x00000101
01-19 13:40:47.055462  1053  1481 D TAG     : interceptMotionBeforeQueueingNonInteractive policyFlags = 33554433
01-19 13:40:47.055509  1053  1481 D TAG     : mPowerManager wakeUp reason = android.policy:MOTION
01-19 13:40:47.055574  1053  1481 I InputReader: Device added: id=2, name='comip-powerkey', sources=0x00000101
01-19 13:40:47.055600  1053  1481 D TAG     : interceptMotionBeforeQueueingNonInteractive policyFlags = 33554433
01-19 13:40:47.055648  1053  1481 D TAG     : mPowerManager wakeUp reason = android.policy:MOTION
01-19 13:40:47.055714  1053  1481 I InputReader: Device added: id=1, name='comip_snd_soc Headset', sources=0x80000101
01-19 13:40:47.055741  1053  1481 D TAG     : interceptMotionBeforeQueueingNonInteractive policyFlags = 33554433
01-19 13:40:47.055785  1053  1481 D TAG     : mPowerManager wakeUp reason = android.policy:MOTION
01-19 13:40:47.056515  1053  1481 I InputReader: Reconfiguring input devices.  changes=0x00000004
01-19 13:40:47.065526  1053  1480 I ActivityManager: Config changes=430 {1.0 ?mcc?mnc de_DE ldltr sw320dp w320dp h348dp 120dpi smll port ?uimode ?night -touch 12key/v/v -nav/h s.3}
01-19 13:40:47.067634  1053  1053 I SystemServiceManager: Starting com.android.server.MountService$Lifecycle
01-19 13:40:47.077290  1053  1482 D MountService: Thinking about reset, mSystemReady=false, mDaemonConnected=true
01-19 13:40:47.077394  1053  1482 D MountService: Thinking about reset, mSystemReady=false, mDaemonConnected=true
01-19 13:40:47.078015  1053  1482 D CryptdConnector: SND -> {1 cryptfs getfield SystemLocale}
01-19 13:40:47.078424  1053  1053 I SystemServiceManager: Starting com.android.server.UiModeManagerService
01-19 13:40:47.079310   154   158 I Ext4Crypt: ext4 crypto complete called on /data
01-19 13:40:47.079552   154   158 I Ext4Crypt: No master key, so not ext4enc
01-19 13:40:47.080035  1053  1484 D CryptdConnector: RCV <- {200 1 -1}
01-19 13:40:47.080782  1053  1053 I ActivityManager: Config changes=200 {1.0 ?mcc?mnc de_DE ldltr sw320dp w320dp h348dp 120dpi smll port -touch 12key/v/v -nav/h s.4}
01-19 13:40:47.081558  1053  1482 W MountService: No primary storage mounted!
01-19 13:40:47.081790  1053  1482 D VoldConnector: SND -> {1 asec list}
01-19 13:40:47.082683  1053  1483 D VoldConnector: RCV <- {200 1 asec operation succeeded}
01-19 13:40:47.082971  1053  1482 I PackageManager: No secure containers found
01-19 13:40:47.082979  1053  1053 W PackageManager: No disk maintenance in 1611034847082; running immediately
01-19 13:40:47.083975  1053  1482 W PackageManager: Unknown permission com.google.android.googleapps.permission.GOOGLE_AUTH in package com.android.providers.calendar
01-19 13:40:47.084015  1053  1482 W PackageManager: Unknown permission com.google.android.googleapps.permission.GOOGLE_AUTH.cl in package com.android.providers.calendar
01-19 13:40:47.084981  1053  1482 W PackageManager: Unknown permission android.Manifest.permission.PROCESS_OUTGOING_CALLS in package com.android.launcher
01-19 13:40:47.085181  1053  1482 W PackageManager: Unknown permission org.simalliance.openmobileapi.BIND_TERMINAL in package org.simalliance.openmobileapi.service
01-19 13:40:47.085650  1053  1482 W PackageManager: Not granting permission android.permission.GLOBAL_SEARCH to package com.android.quicksearchbox (protectionLevel=18 flags=0x3888be45)
01-19 13:40:47.086296  1053  1482 W PackageManager: Unknown permission android.permission.FOREGROUND_SERVICE in package com.adups.fota
01-19 13:40:47.086335  1053  1482 W PackageManager: Unknown permission android.hardware.sensor.accelerometer in package com.adups.fota
01-19 13:40:47.086577  1053  1482 W PackageManager: Unknown permission android.permission.CHANGE_OVERLAY_PACKAGES in package com.adups.fota
01-19 13:40:47.086619  1053  1482 W PackageManager: Unknown permission com.adups.privacypolicy.get_content_permission in package com.adups.fota
01-19 13:40:47.086644  1053  1482 W PackageManager: Unknown permission com.google.android.c2dm.permission.RECEIVE in package com.adups.fota
01-19 13:40:47.088313  1053  1482 W PackageManager: Unknown permission android.permission.RECEIEVE_BOOT_COMPLETED in package com.leadcore.fm
01-19 13:40:47.089656  1053  1482 W PackageManager: Unknown permission android.permission.INSTALL_DRM in package com.android.mms
01-19 13:40:47.089905   286   317 D BootAnimation: In checkExit function,the value of service.bootanim.exit is 0 
01-19 13:40:47.090964  1053  1482 W PackageManager: Unknown permission com.google.android.googleapps.permission.GOOGLE_AUTH.mail in package com.android.calendar
01-19 13:40:47.091257  1053  1482 W PackageManager: Unknown permission android.permission.RECEIEVE_BOOT_COMPLETED in package com.leadcore.amt3
01-19 13:40:47.092034  1053  1482 W PackageManager: Unknown permission android.Manifest.permission.PROCESS_OUTGOING_CALLS in package com.android.gsmr
01-19 13:40:47.092100  1053  1482 W PackageManager: Unknown permission com.qti.permission.DIAG in package com.android.gsmr
01-19 13:40:47.092364  1053  1482 W PackageManager: Unknown permission android.permission.GSMR_CALL in package com.sedwt.erec
01-19 13:40:47.095279  1053  1482 W PackageManager: Unknown permission android.permission.SEND_SMS_NO_CONFIRMATION in package com.android.mms.apptests
01-19 13:40:47.095973  1053  1482 W PackageManager: Not granting permission android.permission.DELETE_PACKAGES to package com.svox.pico (protectionLevel=18 flags=0x3888be45)
01-19 13:40:47.097777  1053  1482 W PackageManager: Unknown permission android.permission.ACCESS_SUPERUSER in package com.android.sedwt.safemode
01-19 13:40:47.098262  1053  1482 W PackageManager: Unknown permission com.google.android.googleapps.permission.GOOGLE_AUTH in package com.android.settings
01-19 13:40:47.100373  1053  1482 W PackageManager: Unknown permission android.permission.RUN_INSTRUMENTATION in package com.leadcore.logservice
01-19 13:40:47.100467  1053  1482 W PackageManager: Unknown permission android.permission.SYSTEM_OVERLAY_WINDOW in package com.leadcore.logservice
01-19 13:40:47.100662  1053  1482 W PackageManager: Unknown permission org.simalliance.openmobileapi.SYSTEM_TERMINAL in package org.simalliance.openmobileapi.uiccterminal
01-19 13:40:47.105616  1053  1482 W PackageManager: Unknown permission android.permission.ACCESS_ALL_EXTERNAL_STORAGE in package com.android.systemui
01-19 13:40:47.108382  1053  1482 W PackageManager: Unknown permission com.google.android.gallery3d.permission.GALLERY_PROVIDER in package com.android.bluetooth
01-19 13:40:47.194701  1053  1482 W MountService: No primary storage defined yet; hacking together a stub
01-19 13:40:47.195503  1053  1482 W MountService: No primary storage defined yet; hacking together a stub
01-19 13:40:47.196279  1053  1482 W MountService: No primary storage mounted!
01-19 13:40:47.196381  1053  1482 D VoldConnector: SND -> {2 asec list}
01-19 13:40:47.197023  1053  1483 D VoldConnector: RCV <- {200 2 asec operation succeeded}
01-19 13:40:47.199858  1053  1053 I PackageManager.DexOptimizer: Running dexopt (dex2oat) on: /system/priv-app/SedDialer/SedDialer.apk pkg=com.android.dialer isa=arm vmSafeMode=false debuggable=false oatDir = null bootComplete=false
01-19 13:40:47.203187  1053  1482 I MountService: Running fstrim idle maintenance
01-19 13:40:47.203537  1053  1482 D VoldConnector: SND -> {3 fstrim dotrim}
01-19 13:40:47.204639  1053  1483 D VoldConnector: RCV <- {200 3 Command succeeded}
01-19 13:40:47.204816   154  1486 D vold    : Starting trim of /cache
01-19 13:40:47.248214  1485  1485 I dex2oat : Starting dex2oat.
01-19 13:40:47.256726   286   317 D BootAnimation: In checkExit function,the value of service.bootanim.exit is 0 
01-19 13:40:47.423557   286   317 D BootAnimation: In checkExit function,the value of service.bootanim.exit is 0 
01-19 13:40:47.590380   286   317 D BootAnimation: In checkExit function,the value of service.bootanim.exit is 0 
01-19 13:40:47.757196   286   317 D BootAnimation: In checkExit function,the value of service.bootanim.exit is 0 
01-19 13:40:47.924014   286   317 D BootAnimation: In checkExit function,the value of service.bootanim.exit is 0 
01-19 13:40:48.090833   286   317 D BootAnimation: In checkExit function,the value of service.bootanim.exit is 0 
01-19 13:40:48.212646   154  1486 I vold    : Trimmed 127860736 bytes on /cache in 1007ms
01-19 13:40:48.212789   154  1486 D vold    : Starting trim of /data
01-19 13:40:48.212922  1053  1483 D VoldConnector: RCV <- {662 /cache 127860736 1007504692}
01-19 13:40:48.215606  1053  1087 E VoldConnector: Error handling '662 /cache 127860736 1007504692': java.lang.NullPointerException: Attempt to invoke virtual method 'void android.os.DropBoxManager.addText(java.lang.String, java.lang.String)' on a null object reference
01-19 13:40:48.257687   286   317 D BootAnimation: In checkExit function,the value of service.bootanim.exit is 0 
01-19 13:40:48.424560   286   317 D BootAnimation: In checkExit function,the value of service.bootanim.exit is 0 
01-19 13:40:48.592474   286   317 D BootAnimation: In checkExit function,the value of service.bootanim.exit is 0 
01-19 13:40:48.759346   286   317 D BootAnimation: In checkExit function,the value of service.bootanim.exit is 0 
01-19 13:40:48.926227   286   317 D BootAnimation: In checkExit function,the value of service.bootanim.exit is 0 
01-19 13:40:49.068278   154  1486 I vold    : Trimmed 28760334336 bytes on /data in 855ms
01-19 13:40:49.068457   154  1486 D vold    : Starting trim of /sdcard
01-19 13:40:49.068524   154  1486 W vold    : Failed to open /sdcard: Too many symbolic links encountered
01-19 13:40:49.068545   154  1486 D vold    : Starting trim of none
01-19 13:40:49.068600   154  1486 W vold    : Failed to open none: No such file or directory
01-19 13:40:49.069366  1053  1483 D VoldConnector: RCV <- {662 /data 28760334336 855359769}
01-19 13:40:49.070483  1053  1087 E VoldConnector: Error handling '662 /data 28760334336 855359769': java.lang.NullPointerException: Attempt to invoke virtual method 'void android.os.DropBoxManager.addText(java.lang.String, java.lang.String)' on a null object reference
01-19 13:40:49.093100   286   317 D BootAnimation: In checkExit function,the value of service.bootanim.exit is 0 
01-19 13:40:49.259994   286   317 D BootAnimation: In checkExit function,the value of service.bootanim.exit is 0 
01-19 13:40:49.426914   286   317 D BootAnimation: In checkExit function,the value of service.bootanim.exit is 0 
01-19 13:40:49.593845   286   317 D BootAnimation: In checkExit function,the value of service.bootanim.exit is 0 
01-19 13:40:49.760763   286   317 D BootAnimation: In checkExit function,the value of service.bootanim.exit is 0 
01-19 13:40:49.927709   286   317 D BootAnimation: In checkExit function,the value of service.bootanim.exit is 0 
01-19 13:40:50.094615   286   317 D BootAnimation: In checkExit function,the value of service.bootanim.exit is 0 
01-19 13:40:50.261520   286   317 D BootAnimation: In checkExit function,the value of service.bootanim.exit is 0 
01-19 13:40:50.428460   286   317 D BootAnimation: In checkExit function,the value of service.bootanim.exit is 0 
01-19 13:40:50.595350   286   317 D BootAnimation: In checkExit function,the value of service.bootanim.exit is 0 
01-19 13:40:50.762257   286   317 D BootAnimation: In checkExit function,the value of service.bootanim.exit is 0 
01-19 13:40:50.808541  1485  1488 I dex2oat : Skipping compilation of com.android.vcard.VCardEntry$PostalData com.android.vcard.VCardEntry$PostalData.constructPostalData(java.util.List, int, java.lang.String, boolean, int): it contains a non natural loop
01-19 13:40:50.830104  1485  1489 W dex2oat : No verified method for method calling String.<init>: java.lang.String android.text.SpannableStringBuilder.toString()
01-19 13:40:50.929192   286   317 D BootAnimation: In checkExit function,the value of service.bootanim.exit is 0 
01-19 13:40:51.096097   286   317 D BootAnimation: In checkExit function,the value of service.bootanim.exit is 0 
01-19 13:40:51.262983   286   317 D BootAnimation: In checkExit function,the value of service.bootanim.exit is 0 
01-19 13:40:51.406951  1485  1485 I dex2oat : dex2oat took 4.159s (threads: 5) arena alloc=3MB java alloc=3MB native alloc=14MB free=3MB
01-19 13:40:51.422301  1053  1053 I PackageManager.DexOptimizer: Running dexopt (dex2oat) on: /system/priv-app/DefaultContainerService/DefaultContainerService.apk pkg=com.android.defcontainer isa=arm vmSafeMode=false debuggable=false oatDir = null bootComplete=false
01-19 13:40:51.429859   286   317 D BootAnimation: In checkExit function,the value of service.bootanim.exit is 0 
01-19 13:40:51.470045  1492  1492 I dex2oat : Starting dex2oat.
01-19 13:40:51.562181  1492  1492 I dex2oat : dex2oat took 92.966ms (threads: 5) arena alloc=105KB java alloc=68KB native alloc=1326KB free=1489KB
01-19 13:40:51.570347  1053  1053 I PackageManager.DexOptimizer: Running dexopt (dex2oat) on: /system/priv-app/Shell/Shell.apk pkg=com.android.shell isa=arm vmSafeMode=false debuggable=false oatDir = null bootComplete=false
01-19 13:40:51.596720   286   317 D BootAnimation: In checkExit function,the value of service.bootanim.exit is 0 
01-19 13:40:51.644554  1498  1498 I dex2oat : Starting dex2oat.
01-19 13:40:51.763635   286   317 D BootAnimation: In checkExit function,the value of service.bootanim.exit is 0 
01-19 13:40:51.801668  1498  1498 I dex2oat : dex2oat took 158.113ms (threads: 5) arena alloc=508KB java alloc=186KB native alloc=1618KB free=2MB
01-19 13:40:51.808451  1053  1053 I PackageManager.DexOptimizer: Running dexopt (dex2oat) on: /system/priv-app/Ims/Ims.apk pkg=com.leadcore.ims isa=arm vmSafeMode=false debuggable=false oatDir = null bootComplete=false
01-19 13:40:51.857925  1504  1504 I dex2oat : Starting dex2oat.
01-19 13:40:51.930509   286   317 D BootAnimation: In checkExit function,the value of service.bootanim.exit is 0 
01-19 13:40:52.097428   286   317 D BootAnimation: In checkExit function,the value of service.bootanim.exit is 0 
01-19 13:40:52.264344   286   317 D BootAnimation: In checkExit function,the value of service.bootanim.exit is 0 
01-19 13:40:52.431205   286   317 D BootAnimation: In checkExit function,the value of service.bootanim.exit is 0 
01-19 13:40:52.491631  1504  1504 I dex2oat : dex2oat took 634.521ms (threads: 5) arena alloc=3MB java alloc=446KB native alloc=6MB free=5MB
01-19 13:40:52.500705  1053  1053 I PackageManager.DexOptimizer: Running dexopt (dex2oat) on: /system/priv-app/ProxyHandler/ProxyHandler.apk pkg=com.android.proxyhandler isa=arm vmSafeMode=false debuggable=false oatDir = null bootComplete=false
01-19 13:40:52.554767  1510  1510 I dex2oat : Starting dex2oat.
01-19 13:40:52.598076   286   317 D BootAnimation: In checkExit function,the value of service.bootanim.exit is 0 
01-19 13:40:52.627762  1510  1510 I dex2oat : dex2oat took 74.023ms (threads: 5) arena alloc=252KB java alloc=65KB native alloc=1710KB free=1873KB
01-19 13:40:52.634831  1053  1053 I PackageManager.DexOptimizer: Running dexopt (dex2oat) on: /system/priv-app/SystemUI/SystemUI.apk pkg=com.android.systemui isa=arm vmSafeMode=false debuggable=false oatDir = null bootComplete=false
01-19 13:40:52.686087  1516  1516 I dex2oat : Starting dex2oat.
01-19 13:40:52.764951   286   317 D BootAnimation: In checkExit function,the value of service.bootanim.exit is 0 
01-19 13:40:52.931831   286   317 D BootAnimation: In checkExit function,the value of service.bootanim.exit is 0 
01-19 13:40:53.098726   286   317 D BootAnimation: In checkExit function,the value of service.bootanim.exit is 0 
01-19 13:40:53.265606   286   317 D BootAnimation: In checkExit function,the value of service.bootanim.exit is 0 
01-19 13:40:53.432508   286   317 D BootAnimation: In checkExit function,the value of service.bootanim.exit is 0 
01-19 13:40:53.599440   286   317 D BootAnimation: In checkExit function,the value of service.bootanim.exit is 0 
01-19 13:40:53.766376   286   317 D BootAnimation: In checkExit function,the value of service.bootanim.exit is 0 
01-19 13:40:53.933309   286   317 D BootAnimation: In checkExit function,the value of service.bootanim.exit is 0 
01-19 13:40:54.100286   286   317 D BootAnimation: In checkExit function,the value of service.bootanim.exit is 0 
01-19 13:40:54.267226   286   317 D BootAnimation: In checkExit function,the value of service.bootanim.exit is 0 
01-19 13:40:54.434160   286   317 D BootAnimation: In checkExit function,the value of service.bootanim.exit is 0 
01-19 13:40:54.601035   286   317 D BootAnimation: In checkExit function,the value of service.bootanim.exit is 0 
01-19 13:40:54.764440  1516  1516 I dex2oat : dex2oat took 2.079s (threads: 5) arena alloc=2MB java alloc=3MB native alloc=9MB free=1894KB
01-19 13:40:54.767896   286   317 D BootAnimation: In checkExit function,the value of service.bootanim.exit is 0 
01-19 13:40:54.778187  1053  1053 I PackageManager.DexOptimizer: Running dexopt (dex2oat) on: /system/priv-app/PackageInstaller/PackageInstaller.apk pkg=com.android.packageinstaller isa=arm vmSafeMode=false debuggable=false oatDir = null bootComplete=false
01-19 13:40:54.824269  1522  1522 I dex2oat : Starting dex2oat.
01-19 13:40:54.934744   286   317 D BootAnimation: In checkExit function,the value of service.bootanim.exit is 0 
01-19 13:40:54.996894  1522  1526 W dex2oat : Before Android 4.1, method int android.support.v7.internal.widget.ListViewCompat.lookForSelectablePosition(int, boolean) would have incorrectly overridden the package-private method in android.widget.ListView
01-19 13:40:55.101611   286   317 D BootAnimation: In checkExit function,the value of service.bootanim.exit is 0 
01-19 13:40:55.268480   286   317 D BootAnimation: In checkExit function,the value of service.bootanim.exit is 0 
01-19 13:40:55.435402   286   317 D BootAnimation: In checkExit function,the value of service.bootanim.exit is 0 
01-19 13:40:55.602337   286   317 D BootAnimation: In checkExit function,the value of service.bootanim.exit is 0 
01-19 13:40:55.769236   286   317 D BootAnimation: In checkExit function,the value of service.bootanim.exit is 0 
01-19 13:40:55.936179   286   317 D BootAnimation: In checkExit function,the value of service.bootanim.exit is 0 
01-19 13:40:56.103090   286   317 D BootAnimation: In checkExit function,the value of service.bootanim.exit is 0 
01-19 13:40:56.173085  1522  1522 I dex2oat : dex2oat took 1.349s (threads: 5) arena alloc=2MB java alloc=2MB native alloc=7MB free=2MB
01-19 13:40:56.185025  1053  1053 I PackageManager.DexOptimizer: Running dexopt (dex2oat) on: /system/priv-app/CalendarProvider/CalendarProvider.apk pkg=com.android.providers.calendar isa=arm vmSafeMode=false debuggable=false oatDir = null bootComplete=false
01-19 13:40:56.231019  1528  1528 I dex2oat : Starting dex2oat.
01-19 13:40:56.269959   286   317 D BootAnimation: In checkExit function,the value of service.bootanim.exit is 0 
01-19 13:40:56.436851   286   317 D BootAnimation: In checkExit function,the value of service.bootanim.exit is 0 
01-19 13:40:56.603781   286   317 D BootAnimation: In checkExit function,the value of service.bootanim.exit is 0 
01-19 13:40:56.645943  1528  1532 W dex2oat : Compilation of void com.android.calendarcommon2.RecurrenceProcessor.expand(android.text.format.Time, com.android.calendarcommon2.EventRecurrence, long, long, boolean, java.util.TreeSet) took 174.650ms
01-19 13:40:56.770668   286   317 D BootAnimation: In checkExit function,the value of service.bootanim.exit is 0 
