01-19 13:39:22.505636   178   616 E RIL_EMSD: [Phone ID:1,Function:sc_ati_get_hls_data,Line:642][ATI][FLOW]: sc_ati_get_hls_data port_info_ptr->port_state:1
01-19 13:39:22.505725   178   616 E RIL_EMSD: [Phone ID:1,Function:sc_ati_get_hls_data,Line:648][ATI][FLOW]: sc_ati_get_hls_data  port_info_ptr->dealwith_resinfo_fun_ptr
01-19 13:39:22.505827   178   616 I RIL_EMSD: [Phone ID:1,Function:sc_ati_at_cmd_trace,Line:2246][ATI][FLOW]: [AT CMD]Port06: \\r\\nOK\\r\\n
01-19 13:39:22.506249   178   616 I RIL_EMSD: [Phone ID:1,Function:sc_ati_synchronous_mode_res,Line:254][ATI][FUNC]: sc_ati_synchronous_mode_res( port=5, buffer_ptr=0xb2f82180, buffer_len=6, flag=0, g_sc_ati_mux_port_a[port]->port_state=1 )
01-19 13:39:22.506371   178   616 E RIL_EMSD: [Phone ID:1,Function:sc_ati_channel_handle_status_flag,Line:1565][ATI][FLOW]: Not found matched channel!
01-19 13:39:22.506449   178   616 I RIL_EMSD: [Phone ID:1,Function:sc_ati_synchronous_mode_res,Line:272][ATI][FLOW]: mutex get
01-19 13:39:22.506536   178   616 I RIL_EMSD: [Phone ID:1,Function:sc_ati_synchronous_mode_res,Line:292][ATI][FLOW]: mutex put
01-19 13:39:22.506664   178   178 I RIL_EMSD: [Phone ID:1,Function:sc_ati_dmpchn_set,Line:2106][ATI][FLOW]: sc_ati_dmpchn_set 111 mutex get3
01-19 13:39:22.506756   178   178 I RIL_EMSD: [Phone ID:1,Function:sc_ati_give_back_mux_port,Line:1593][ATI][FUNC]: sc_ati_give_back_mux_port( port_num=5 )
01-19 13:39:22.506851   178   178 E RIL_EMSD: [Phone ID:1,Function:sc_ati_free_mux_buffer_queue,Line:1966][ATI][FLOW]: sc_ati_free_mux_buffer_queue entry port_num = 5!!!
01-19 13:39:22.506926   178   178 E RIL_EMSD: [Phone ID:1,Function:sc_ati_free_mux_buffer_queue,Line:1996][ATI][FLOW]: sc_ati_free_mux_buffer_queue exit.
01-19 13:39:22.507001   178   178 I RIL_EMSD: [Phone ID:1,Function:sc_ati_dmpchn_set,Line:2124][ATI][FLOW]: sc_ati_dmpchn_set 111 mutex put3
01-19 13:39:22.507132   178   178 I RIL_EMSD: [Phone ID:1,Function:sc_ati_send_data_to_hls_specified_port,Line:417][ATI][FUNC]: sc_ati_send_data_to_hls_specified_port( port=5, buff_ptr=0xbee798f8, len=10, oper_id=0, fun_ptr=0xb1c62fb1, timer_interval=-1 )
01-19 13:39:22.507211   178   178 I RIL_EMSD: [Phone ID:1,Function:sc_ati_at_cmd_trace,Line:2246][ATI][FLOW]: [AT CMD]Port06: AT^DLKS=0\\r
01-19 13:39:22.507302   178   178 I RIL_EMSD: [Phone ID:1,Function:sc_ati_dlks_set,Line:2768][ATI][FLOW]: sc_ati_dlks_set 111 mutex get3
01-19 13:39:22.507373   178   178 I RIL_EMSD: [Phone ID:1,Function:sc_ati_dlks_set,Line:2825][ATI][FLOW]: sc_ati_dlks_set 333 mutex put3
01-19 13:39:22.508408   178   616 E RIL_EMSD: [Phone ID:1,Function:sc_ati_get_hls_data,Line:634][ATI][FLOW]: sc_ati_get_hls_data port_id: 6
01-19 13:39:22.508517   178   616 E RIL_EMSD: [Phone ID:1,Function:sc_ati_get_hls_data,Line:642][ATI][FLOW]: sc_ati_get_hls_data port_info_ptr->port_state:1
01-19 13:39:22.508604   178   616 E RIL_EMSD: [Phone ID:1,Function:sc_ati_get_hls_data,Line:648][ATI][FLOW]: sc_ati_get_hls_data  port_info_ptr->dealwith_resinfo_fun_ptr
01-19 13:39:22.508674   178   616 I RIL_EMSD: [Phone ID:1,Function:sc_ati_at_cmd_trace,Line:2246][ATI][FLOW]: [AT CMD]Port06: \\r\\nOK\\r\\n
01-19 13:39:22.508803   178   616 I RIL_EMSD: [Phone ID:1,Function:sc_ati_synchronous_mode_res,Line:254][ATI][FUNC]: sc_ati_synchronous_mode_res( port=5, buffer_ptr=0xb2f82188, buffer_len=6, flag=0, g_sc_ati_mux_port_a[port]->port_state=1 )
01-19 13:39:22.508879   178   616 E RIL_EMSD: [Phone ID:1,Function:sc_ati_channel_handle_status_flag,Line:1565][ATI][FLOW]: Not found matched channel!
01-19 13:39:22.508942   178   616 I RIL_EMSD: [Phone ID:1,Function:sc_ati_synchronous_mode_res,Line:272][ATI][FLOW]: mutex get
01-19 13:39:22.509009   178   616 I RIL_EMSD: [Phone ID:1,Function:sc_ati_synchronous_mode_res,Line:292][ATI][FLOW]: mutex put
01-19 13:39:22.509113   178   178 I RIL_EMSD: [Phone ID:1,Function:sc_ati_dlks_set,Line:2768][ATI][FLOW]: sc_ati_dlks_set 111 mutex get3
01-19 13:39:22.509205   178   178 I RIL_EMSD: [Phone ID:1,Function:sc_ati_dlks_set,Line:2784][ATI][FLOW]: sc_ati_dlks_set 111 mutex put3
01-19 13:39:22.509295   178   178 I RIL_EMSD: [Phone ID:1,Function:sc_ati_give_back_mux_port,Line:1593][ATI][FUNC]: sc_ati_give_back_mux_port( port_num=5 )
01-19 13:39:22.509392   178   178 E RIL_EMSD: [Phone ID:1,Function:sc_ati_free_mux_buffer_queue,Line:1966][ATI][FLOW]: sc_ati_free_mux_buffer_queue entry port_num = 5!!!
01-19 13:39:22.509472   178   178 E RIL_EMSD: [Phone ID:1,Function:sc_ati_free_mux_buffer_queue,Line:1996][ATI][FLOW]: sc_ati_free_mux_buffer_queue exit.
01-19 13:39:22.509547   178   178 E RIL_EMSD: [Phone ID:1,Function:sc_ati_open_mux_port,Line:1298][ATI][FLOW]: g_ati_port_open port_num:6
01-19 13:39:22.509998   178   178 I RIL_EMSD: [Phone ID:1,Function:g_ati_port_open,Line:120][ATI][FLOW]: g_ati_port_open(port:7, flag:0), result
01-19 13:39:22.510453   178   178 I RIL_EMSD: [Phone ID:1,Function:sc_ati_give_back_mux_port,Line:1593][ATI][FUNC]: sc_ati_give_back_mux_port( port_num=6 )
01-19 13:39:22.510662   178   178 I RIL_EMSD: [Phone ID:1,Function:sc_ati_send_data_to_hls_specified_port,Line:417][ATI][FUNC]: sc_ati_send_data_to_hls_specified_port( port=6, buff_ptr=0xbee798f8, len=12, oper_id=0, fun_ptr=0xb1c62fb1, timer_interval=-1 )
01-19 13:39:22.510773   178   178 I RIL_EMSD: [Phone ID:1,Function:sc_ati_at_cmd_trace,Line:2246][ATI][FLOW]: [AT CMD]Port07: AT^DMPCHN=1\\r
01-19 13:39:22.510893   178   178 I RIL_EMSD: [Phone ID:1,Function:sc_ati_dmpchn_set,Line:2106][ATI][FLOW]: sc_ati_dmpchn_set 111 mutex get3
01-19 13:39:22.510982   178   178 I RIL_EMSD: [Phone ID:1,Function:sc_ati_dmpchn_set,Line:2170][ATI][FLOW]: sc_ati_dmpchn_set 333 mutex put3
01-19 13:39:22.512740   178   616 E RIL_EMSD: [Phone ID:1,Function:sc_ati_get_hls_data,Line:634][ATI][FLOW]: sc_ati_get_hls_data port_id: 7
01-19 13:39:22.512850   178   616 E RIL_EMSD: [Phone ID:1,Function:sc_ati_get_hls_data,Line:642][ATI][FLOW]: sc_ati_get_hls_data port_info_ptr->port_state:1
01-19 13:39:22.512969   178   616 E RIL_EMSD: [Phone ID:1,Function:sc_ati_get_hls_data,Line:648][ATI][FLOW]: sc_ati_get_hls_data  port_info_ptr->dealwith_resinfo_fun_ptr
01-19 13:39:22.513063   178   616 I RIL_EMSD: [Phone ID:1,Function:sc_ati_at_cmd_trace,Line:2246][ATI][FLOW]: [AT CMD]Port07: \\r\\nOK\\r\\n
01-19 13:39:22.513240   178   616 I RIL_EMSD: [Phone ID:1,Function:sc_ati_synchronous_mode_res,Line:254][ATI][FUNC]: sc_ati_synchronous_mode_res( port=6, buffer_ptr=0xb2f82190, buffer_len=6, flag=0, g_sc_ati_mux_port_a[port]->port_state=1 )
01-19 13:39:22.513336   178   616 E RIL_EMSD: [Phone ID:1,Function:sc_ati_channel_handle_status_flag,Line:1565][ATI][FLOW]: Not found matched channel!
01-19 13:39:22.513407   178   616 I RIL_EMSD: [Phone ID:1,Function:sc_ati_synchronous_mode_res,Line:272][ATI][FLOW]: mutex get
01-19 13:39:22.513475   178   616 I RIL_EMSD: [Phone ID:1,Function:sc_ati_synchronous_mode_res,Line:292][ATI][FLOW]: mutex put
01-19 13:39:22.513607   178   178 I RIL_EMSD: [Phone ID:1,Function:sc_ati_dmpchn_set,Line:2106][ATI][FLOW]: sc_ati_dmpchn_set 111 mutex get3
01-19 13:39:22.513710   178   178 I RIL_EMSD: [Phone ID:1,Function:sc_ati_give_back_mux_port,Line:1593][ATI][FUNC]: sc_ati_give_back_mux_port( port_num=6 )
01-19 13:39:22.513819   178   178 E RIL_EMSD: [Phone ID:1,Function:sc_ati_free_mux_buffer_queue,Line:1966][ATI][FLOW]: sc_ati_free_mux_buffer_queue entry port_num = 6!!!
01-19 13:39:22.513904   178   178 E RIL_EMSD: [Phone ID:1,Function:sc_ati_free_mux_buffer_queue,Line:1996][ATI][FLOW]: sc_ati_free_mux_buffer_queue exit.
01-19 13:39:22.513982   178   178 I RIL_EMSD: [Phone ID:1,Function:sc_ati_dmpchn_set,Line:2124][ATI][FLOW]: sc_ati_dmpchn_set 111 mutex put3
01-19 13:39:22.514118   178   178 I RIL_EMSD: [Phone ID:1,Function:sc_ati_send_data_to_hls_specified_port,Line:417][ATI][FUNC]: sc_ati_send_data_to_hls_specified_port( port=6, buff_ptr=0xbee798f8, len=10, oper_id=0, fun_ptr=0xb1c62fb1, timer_interval=-1 )
01-19 13:39:22.514209   178   178 I RIL_EMSD: [Phone ID:1,Function:sc_ati_at_cmd_trace,Line:2246][ATI][FLOW]: [AT CMD]Port07: AT^DLKS=0\\r
01-19 13:39:22.514317   178   178 I RIL_EMSD: [Phone ID:1,Function:sc_ati_dlks_set,Line:2768][ATI][FLOW]: sc_ati_dlks_set 111 mutex get3
01-19 13:39:22.514400   178   178 I RIL_EMSD: [Phone ID:1,Function:sc_ati_dlks_set,Line:2825][ATI][FLOW]: sc_ati_dlks_set 333 mutex put3
01-19 13:39:22.515423   178   616 E RIL_EMSD: [Phone ID:1,Function:sc_ati_get_hls_data,Line:634][ATI][FLOW]: sc_ati_get_hls_data port_id: 7
01-19 13:39:22.515542   178   616 E RIL_EMSD: [Phone ID:1,Function:sc_ati_get_hls_data,Line:642][ATI][FLOW]: sc_ati_get_hls_data port_info_ptr->port_state:1
01-19 13:39:22.515647   178   616 E RIL_EMSD: [Phone ID:1,Function:sc_ati_get_hls_data,Line:648][ATI][FLOW]: sc_ati_get_hls_data  port_info_ptr->dealwith_resinfo_fun_ptr
01-19 13:39:22.515735   178   616 I RIL_EMSD: [Phone ID:1,Function:sc_ati_at_cmd_trace,Line:2246][ATI][FLOW]: [AT CMD]Port07: \\r\\nOK\\r\\n
01-19 13:39:22.515872   178   616 I RIL_EMSD: [Phone ID:1,Function:sc_ati_synchronous_mode_res,Line:254][ATI][FUNC]: sc_ati_synchronous_mode_res( port=6, buffer_ptr=0xb2f82198, buffer_len=6, flag=0, g_sc_ati_mux_port_a[port]->port_state=1 )
01-19 13:39:22.515967   178   616 E RIL_EMSD: [Phone ID:1,Function:sc_ati_channel_handle_status_flag,Line:1565][ATI][FLOW]: Not found matched channel!
01-19 13:39:22.516046   178   616 I RIL_EMSD: [Phone ID:1,Function:sc_ati_synchronous_mode_res,Line:272][ATI][FLOW]: mutex get
01-19 13:39:22.516121   178   616 I RIL_EMSD: [Phone ID:1,Function:sc_ati_synchronous_mode_res,Line:292][ATI][FLOW]: mutex put
01-19 13:39:22.516244   178   178 I RIL_EMSD: [Phone ID:1,Function:sc_ati_dlks_set,Line:2768][ATI][FLOW]: sc_ati_dlks_set 111 mutex get3
01-19 13:39:22.516327   178   178 I RIL_EMSD: [Phone ID:1,Function:sc_ati_dlks_set,Line:2784][ATI][FLOW]: sc_ati_dlks_set 111 mutex put3
01-19 13:39:22.516418   178   178 I RIL_EMSD: [Phone ID:1,Function:sc_ati_give_back_mux_port,Line:1593][ATI][FUNC]: sc_ati_give_back_mux_port( port_num=6 )
01-19 13:39:22.516531   178   178 E RIL_EMSD: [Phone ID:1,Function:sc_ati_free_mux_buffer_queue,Line:1966][ATI][FLOW]: sc_ati_free_mux_buffer_queue entry port_num = 6!!!
01-19 13:39:22.516614   178   178 E RIL_EMSD: [Phone ID:1,Function:sc_ati_free_mux_buffer_queue,Line:1996][ATI][FLOW]: sc_ati_free_mux_buffer_queue exit.
01-19 13:39:22.516709   178   178 E RIL_EMSD: [Phone ID:1,Function:sc_ati_open_mux_port,Line:1298][ATI][FLOW]: g_ati_port_open port_num:7
01-19 13:39:22.517197   178   178 I RIL_EMSD: [Phone ID:1,Function:g_ati_port_open,Line:120][ATI][FLOW]: g_ati_port_open(port:8, flag:0), result
01-19 13:39:22.517565   178   178 I RIL_EMSD: [Phone ID:1,Function:sc_ati_give_back_mux_port,Line:1593][ATI][FUNC]: sc_ati_give_back_mux_port( port_num=7 )
01-19 13:39:22.517729   178   178 I RIL_EMSD: [Phone ID:1,Function:sc_ati_send_data_to_hls_specified_port,Line:417][ATI][FUNC]: sc_ati_send_data_to_hls_specified_port( port=7, buff_ptr=0xbee798f8, len=12, oper_id=0, fun_ptr=0xb1c62fb1, timer_interval=-1 )
01-19 13:39:22.517827   178   178 I RIL_EMSD: [Phone ID:1,Function:sc_ati_at_cmd_trace,Line:2246][ATI][FLOW]: [AT CMD]Port08: AT^DMPCHN=1\\r
01-19 13:39:22.517941   178   178 I RIL_EMSD: [Phone ID:1,Function:sc_ati_dmpchn_set,Line:2106][ATI][FLOW]: sc_ati_dmpchn_set 111 mutex get3
01-19 13:39:22.518052   178   178 I RIL_EMSD: [Phone ID:1,Function:sc_ati_dmpchn_set,Line:2170][ATI][FLOW]: sc_ati_dmpchn_set 333 mutex put3
01-19 13:39:22.519277   178   616 E RIL_EMSD: [Phone ID:1,Function:sc_ati_get_hls_data,Line:634][ATI][FLOW]: sc_ati_get_hls_data port_id: 8
01-19 13:39:22.519362   178   616 E RIL_EMSD: [Phone ID:1,Function:sc_ati_get_hls_data,Line:642][ATI][FLOW]: sc_ati_get_hls_data port_info_ptr->port_state:1
01-19 13:39:22.519444   178   616 E RIL_EMSD: [Phone ID:1,Function:sc_ati_get_hls_data,Line:648][ATI][FLOW]: sc_ati_get_hls_data  port_info_ptr->dealwith_resinfo_fun_ptr
01-19 13:39:22.519519   178   616 I RIL_EMSD: [Phone ID:1,Function:sc_ati_at_cmd_trace,Line:2246][ATI][FLOW]: [AT CMD]Port08: \\r\\nOK\\r\\n
01-19 13:39:22.519655   178   616 I RIL_EMSD: [Phone ID:1,Function:sc_ati_synchronous_mode_res,Line:254][ATI][FUNC]: sc_ati_synchronous_mode_res( port=7, buffer_ptr=0xb2f821a0, buffer_len=6, flag=0, g_sc_ati_mux_port_a[port]->port_state=1 )
01-19 13:39:22.519741   178   616 E RIL_EMSD: [Phone ID:1,Function:sc_ati_channel_handle_status_flag,Line:1565][ATI][FLOW]: Not found matched channel!
01-19 13:39:22.519803   178   616 I RIL_EMSD: [Phone ID:1,Function:sc_ati_synchronous_mode_res,Line:272][ATI][FLOW]: mutex get
01-19 13:39:22.519875   178   616 I RIL_EMSD: [Phone ID:1,Function:sc_ati_synchronous_mode_res,Line:292][ATI][FLOW]: mutex put
01-19 13:39:22.519991   178   178 I RIL_EMSD: [Phone ID:1,Function:sc_ati_dmpchn_set,Line:2106][ATI][FLOW]: sc_ati_dmpchn_set 111 mutex get3
01-19 13:39:22.520139   178   178 I RIL_EMSD: [Phone ID:1,Function:sc_ati_give_back_mux_port,Line:1593][ATI][FUNC]: sc_ati_give_back_mux_port( port_num=7 )
01-19 13:39:22.520330   178   178 E RIL_EMSD: [Phone ID:1,Function:sc_ati_free_mux_buffer_queue,Line:1966][ATI][FLOW]: sc_ati_free_mux_buffer_queue entry port_num = 7!!!
01-19 13:39:22.520434   178   178 E RIL_EMSD: [Phone ID:1,Function:sc_ati_free_mux_buffer_queue,Line:1996][ATI][FLOW]: sc_ati_free_mux_buffer_queue exit.
01-19 13:39:22.520522   178   178 I RIL_EMSD: [Phone ID:1,Function:sc_ati_dmpchn_set,Line:2124][ATI][FLOW]: sc_ati_dmpchn_set 111 mutex put3
01-19 13:39:22.520672   178   178 I RIL_EMSD: [Phone ID:1,Function:sc_ati_send_data_to_hls_specified_port,Line:417][ATI][FUNC]: sc_ati_send_data_to_hls_specified_port( port=7, buff_ptr=0xbee798f8, len=10, oper_id=0, fun_ptr=0xb1c62fb1, timer_interval=-1 )
01-19 13:39:22.520760   178   178 I RIL_EMSD: [Phone ID:1,Function:sc_ati_at_cmd_trace,Line:2246][ATI][FLOW]: [AT CMD]Port08: AT^DLKS=0\\r
01-19 13:39:22.520860   178   178 I RIL_EMSD: [Phone ID:1,Function:sc_ati_dlks_set,Line:2768][ATI][FLOW]: sc_ati_dlks_set 111 mutex get3
01-19 13:39:22.520944   178   178 I RIL_EMSD: [Phone ID:1,Function:sc_ati_dlks_set,Line:2825][ATI][FLOW]: sc_ati_dlks_set 333 mutex put3
01-19 13:39:22.521855   178   616 E RIL_EMSD: [Phone ID:1,Function:sc_ati_get_hls_data,Line:634][ATI][FLOW]: sc_ati_get_hls_data port_id: 8
01-19 13:39:22.521957   178   616 E RIL_EMSD: [Phone ID:1,Function:sc_ati_get_hls_data,Line:642][ATI][FLOW]: sc_ati_get_hls_data port_info_ptr->port_state:1
01-19 13:39:22.522062   178   616 E RIL_EMSD: [Phone ID:1,Function:sc_ati_get_hls_data,Line:648][ATI][FLOW]: sc_ati_get_hls_data  port_info_ptr->dealwith_resinfo_fun_ptr
01-19 13:39:22.522147   178   616 I RIL_EMSD: [Phone ID:1,Function:sc_ati_at_cmd_trace,Line:2246][ATI][FLOW]: [AT CMD]Port08: \\r\\nOK\\r\\n
01-19 13:39:22.522292   178   616 I RIL_EMSD: [Phone ID:1,Function:sc_ati_synchronous_mode_res,Line:254][ATI][FUNC]: sc_ati_synchronous_mode_res( port=7, buffer_ptr=0xb2f821a8, buffer_len=6, flag=0, g_sc_ati_mux_port_a[port]->port_state=1 )
01-19 13:39:22.522415   178   616 E RIL_EMSD: [Phone ID:1,Function:sc_ati_channel_handle_status_flag,Line:1565][ATI][FLOW]: Not found matched channel!
01-19 13:39:22.522506   178   616 I RIL_EMSD: [Phone ID:1,Function:sc_ati_synchronous_mode_res,Line:272][ATI][FLOW]: mutex get
01-19 13:39:22.522597   178   616 I RIL_EMSD: [Phone ID:1,Function:sc_ati_synchronous_mode_res,Line:292][ATI][FLOW]: mutex put
01-19 13:39:22.523797   178   178 I RIL_EMSD: [Phone ID:1,Function:sc_ati_dlks_set,Line:2768][ATI][FLOW]: sc_ati_dlks_set 111 mutex get3
01-19 13:39:22.523897   178   178 I RIL_EMSD: [Phone ID:1,Function:sc_ati_dlks_set,Line:2784][ATI][FLOW]: sc_ati_dlks_set 111 mutex put3
01-19 13:39:22.523979   178   178 I RIL_EMSD: [Phone ID:1,Function:sc_ati_give_back_mux_port,Line:1593][ATI][FUNC]: sc_ati_give_back_mux_port( port_num=7 )
01-19 13:39:22.524075   178   178 E RIL_EMSD: [Phone ID:1,Function:sc_ati_free_mux_buffer_queue,Line:1966][ATI][FLOW]: sc_ati_free_mux_buffer_queue entry port_num = 7!!!
01-19 13:39:22.524152   178   178 E RIL_EMSD: [Phone ID:1,Function:sc_ati_free_mux_buffer_queue,Line:1996][ATI][FLOW]: sc_ati_free_mux_buffer_queue exit.
01-19 13:39:22.524231   178   178 E RIL_EMSD: [Phone ID:1,Function:sc_ati_open_mux_port,Line:1298][ATI][FLOW]: g_ati_port_open port_num:8
01-19 13:39:22.530424   178   178 I RIL_EMSD: [Phone ID:1,Function:g_ati_port_open,Line:120][ATI][FLOW]: g_ati_port_open(port:9, flag:0), result
01-19 13:39:22.530854   178   178 I RIL_EMSD: [Phone ID:1,Function:sc_ati_give_back_mux_port,Line:1593][ATI][FUNC]: sc_ati_give_back_mux_port( port_num=8 )
01-19 13:39:22.531042   178   178 I RIL_EMSD: [Phone ID:1,Function:sc_ati_send_data_to_hls_specified_port,Line:417][ATI][FUNC]: sc_ati_send_data_to_hls_specified_port( port=8, buff_ptr=0xbee798f8, len=12, oper_id=0, fun_ptr=0xb1c62fb1, timer_interval=-1 )
01-19 13:39:22.531136   178   178 I RIL_EMSD: [Phone ID:1,Function:sc_ati_at_cmd_trace,Line:2246][ATI][FLOW]: [AT CMD]Port09: AT^DMPCHN=1\\r
01-19 13:39:22.531247   178   178 I RIL_EMSD: [Phone ID:1,Function:sc_ati_dmpchn_set,Line:2106][ATI][FLOW]: sc_ati_dmpchn_set 111 mutex get3
01-19 13:39:22.531333   178   178 I RIL_EMSD: [Phone ID:1,Function:sc_ati_dmpchn_set,Line:2170][ATI][FLOW]: sc_ati_dmpchn_set 333 mutex put3
01-19 13:39:22.532707   178   616 E RIL_EMSD: [Phone ID:1,Function:sc_ati_get_hls_data,Line:634][ATI][FLOW]: sc_ati_get_hls_data port_id: 9
01-19 13:39:22.532833   178   616 E RIL_EMSD: [Phone ID:1,Function:sc_ati_get_hls_data,Line:642][ATI][FLOW]: sc_ati_get_hls_data port_info_ptr->port_state:1
01-19 13:39:22.532970   178   616 E RIL_EMSD: [Phone ID:1,Function:sc_ati_get_hls_data,Line:648][ATI][FLOW]: sc_ati_get_hls_data  port_info_ptr->dealwith_resinfo_fun_ptr
01-19 13:39:22.533056   178   616 I RIL_EMSD: [Phone ID:1,Function:sc_ati_at_cmd_trace,Line:2246][ATI][FLOW]: [AT CMD]Port09: \\r\\nOK\\r\\n
01-19 13:39:22.533199   178   616 I RIL_EMSD: [Phone ID:1,Function:sc_ati_synchronous_mode_res,Line:254][ATI][FUNC]: sc_ati_synchronous_mode_res( port=8, buffer_ptr=0xb2f821b0, buffer_len=6, flag=0, g_sc_ati_mux_port_a[port]->port_state=1 )
01-19 13:39:22.533297   178   616 E RIL_EMSD: [Phone ID:1,Function:sc_ati_channel_handle_status_flag,Line:1565][ATI][FLOW]: Not found matched channel!
01-19 13:39:22.533376   178   616 I RIL_EMSD: [Phone ID:1,Function:sc_ati_synchronous_mode_res,Line:272][ATI][FLOW]: mutex get
01-19 13:39:22.533451   178   616 I RIL_EMSD: [Phone ID:1,Function:sc_ati_synchronous_mode_res,Line:292][ATI][FLOW]: mutex put
01-19 13:39:22.533565   178   178 I RIL_EMSD: [Phone ID:1,Function:sc_ati_dmpchn_set,Line:2106][ATI][FLOW]: sc_ati_dmpchn_set 111 mutex get3
01-19 13:39:22.533668   178   178 I RIL_EMSD: [Phone ID:1,Function:sc_ati_give_back_mux_port,Line:1593][ATI][FUNC]: sc_ati_give_back_mux_port( port_num=8 )
01-19 13:39:22.533783   178   178 E RIL_EMSD: [Phone ID:1,Function:sc_ati_free_mux_buffer_queue,Line:1966][ATI][FLOW]: sc_ati_free_mux_buffer_queue entry port_num = 8!!!
01-19 13:39:22.533886   178   178 E RIL_EMSD: [Phone ID:1,Function:sc_ati_free_mux_buffer_queue,Line:1996][ATI][FLOW]: sc_ati_free_mux_buffer_queue exit.
01-19 13:39:22.533974   178   178 I RIL_EMSD: [Phone ID:1,Function:sc_ati_dmpchn_set,Line:2124][ATI][FLOW]: sc_ati_dmpchn_set 111 mutex put3
01-19 13:39:22.534136   178   178 I RIL_EMSD: [Phone ID:1,Function:sc_ati_send_data_to_hls_specified_port,Line:417][ATI][FUNC]: sc_ati_send_data_to_hls_specified_port( port=8, buff_ptr=0xbee798f8, len=10, oper_id=0, fun_ptr=0xb1c62fb1, timer_interval=-1 )
01-19 13:39:22.534235   178   178 I RIL_EMSD: [Phone ID:1,Function:sc_ati_at_cmd_trace,Line:2246][ATI][FLOW]: [AT CMD]Port09: AT^DLKS=0\\r
01-19 13:39:22.534358   178   178 I RIL_EMSD: [Phone ID:1,Function:sc_ati_dlks_set,Line:2768][ATI][FLOW]: sc_ati_dlks_set 111 mutex get3
01-19 13:39:22.534486   178   178 I RIL_EMSD: [Phone ID:1,Function:sc_ati_dlks_set,Line:2825][ATI][FLOW]: sc_ati_dlks_set 333 mutex put3
01-19 13:39:22.535391   178   616 E RIL_EMSD: [Phone ID:1,Function:sc_ati_get_hls_data,Line:634][ATI][FLOW]: sc_ati_get_hls_data port_id: 9
01-19 13:39:22.535503   178   616 E RIL_EMSD: [Phone ID:1,Function:sc_ati_get_hls_data,Line:642][ATI][FLOW]: sc_ati_get_hls_data port_info_ptr->port_state:1
01-19 13:39:22.535603   178   616 E RIL_EMSD: [Phone ID:1,Function:sc_ati_get_hls_data,Line:648][ATI][FLOW]: sc_ati_get_hls_data  port_info_ptr->dealwith_resinfo_fun_ptr
01-19 13:39:22.535683   178   616 I RIL_EMSD: [Phone ID:1,Function:sc_ati_at_cmd_trace,Line:2246][ATI][FLOW]: [AT CMD]Port09: \\r\\nOK\\r\\n
01-19 13:39:22.535813   178   616 I RIL_EMSD: [Phone ID:1,Function:sc_ati_synchronous_mode_res,Line:254][ATI][FUNC]: sc_ati_synchronous_mode_res( port=8, buffer_ptr=0xb2f821b8, buffer_len=6, flag=0, g_sc_ati_mux_port_a[port]->port_state=1 )
01-19 13:39:22.535903   178   616 E RIL_EMSD: [Phone ID:1,Function:sc_ati_channel_handle_status_flag,Line:1565][ATI][FLOW]: Not found matched channel!
01-19 13:39:22.535979   178   616 I RIL_EMSD: [Phone ID:1,Function:sc_ati_synchronous_mode_res,Line:272][ATI][FLOW]: mutex get
01-19 13:39:22.536055   178   616 I RIL_EMSD: [Phone ID:1,Function:sc_ati_synchronous_mode_res,Line:292][ATI][FLOW]: mutex put
01-19 13:39:22.536161   178   178 I RIL_EMSD: [Phone ID:1,Function:sc_ati_dlks_set,Line:2768][ATI][FLOW]: sc_ati_dlks_set 111 mutex get3
01-19 13:39:22.536266   178   178 I RIL_EMSD: [Phone ID:1,Function:sc_ati_dlks_set,Line:2784][ATI][FLOW]: sc_ati_dlks_set 111 mutex put3
01-19 13:39:22.536401   178   178 I RIL_EMSD: [Phone ID:1,Function:sc_ati_give_back_mux_port,Line:1593][ATI][FUNC]: sc_ati_give_back_mux_port( port_num=8 )
01-19 13:39:22.536520   178   178 E RIL_EMSD: [Phone ID:1,Function:sc_ati_free_mux_buffer_queue,Line:1966][ATI][FLOW]: sc_ati_free_mux_buffer_queue entry port_num = 8!!!
01-19 13:39:22.536611   178   178 E RIL_EMSD: [Phone ID:1,Function:sc_ati_free_mux_buffer_queue,Line:1996][ATI][FLOW]: sc_ati_free_mux_buffer_queue exit.
01-19 13:39:22.536696   178   178 E RIL_EMSD: [Phone ID:1,Function:sc_ati_open_mux_port,Line:1298][ATI][FLOW]: g_ati_port_open port_num:9
01-19 13:39:22.537153   178   178 I RIL_EMSD: [Phone ID:1,Function:g_ati_port_open,Line:120][ATI][FLOW]: g_ati_port_open(port:10, flag:0), result
01-19 13:39:22.537555   178   178 I RIL_EMSD: [Phone ID:1,Function:sc_ati_give_back_mux_port,Line:1593][ATI][FUNC]: sc_ati_give_back_mux_port( port_num=9 )
01-19 13:39:22.537711   178   178 I RIL_EMSD: [Phone ID:1,Function:sc_ati_send_data_to_hls_specified_port,Line:417][ATI][FUNC]: sc_ati_send_data_to_hls_specified_port( port=9, buff_ptr=0xbee798f8, len=12, oper_id=0, fun_ptr=0xb1c62fb1, timer_interval=-1 )
01-19 13:39:22.537800   178   178 I RIL_EMSD: [Phone ID:1,Function:sc_ati_at_cmd_trace,Line:2246][ATI][FLOW]: [AT CMD]Port10: AT^DMPCHN=1\\r
01-19 13:39:22.537909   178   178 I RIL_EMSD: [Phone ID:1,Function:sc_ati_dmpchn_set,Line:2106][ATI][FLOW]: sc_ati_dmpchn_set 111 mutex get3
01-19 13:39:22.538029   178   178 I RIL_EMSD: [Phone ID:1,Function:sc_ati_dmpchn_set,Line:2170][ATI][FLOW]: sc_ati_dmpchn_set 333 mutex put3
01-19 13:39:22.539243   178   616 E RIL_EMSD: [Phone ID:1,Function:sc_ati_get_hls_data,Line:634][ATI][FLOW]: sc_ati_get_hls_data port_id: 10
01-19 13:39:22.539351   178   616 E RIL_EMSD: [Phone ID:1,Function:sc_ati_get_hls_data,Line:642][ATI][FLOW]: sc_ati_get_hls_data port_info_ptr->port_state:1
01-19 13:39:22.539448   178   616 E RIL_EMSD: [Phone ID:1,Function:sc_ati_get_hls_data,Line:648][ATI][FLOW]: sc_ati_get_hls_data  port_info_ptr->dealwith_resinfo_fun_ptr
01-19 13:39:22.539526   178   616 I RIL_EMSD: [Phone ID:1,Function:sc_ati_at_cmd_trace,Line:2246][ATI][FLOW]: [AT CMD]Port10: \\r\\nOK\\r\\n
01-19 13:39:22.539942   178   616 I RIL_EMSD: [Phone ID:1,Function:sc_ati_synchronous_mode_res,Line:254][ATI][FUNC]: sc_ati_synchronous_mode_res( port=9, buffer_ptr=0xb2f821c0, buffer_len=6, flag=0, g_sc_ati_mux_port_a[port]->port_state=1 )
01-19 13:39:22.540038   178   616 E RIL_EMSD: [Phone ID:1,Function:sc_ati_channel_handle_status_flag,Line:1565][ATI][FLOW]: Not found matched channel!
01-19 13:39:22.540110   178   616 I RIL_EMSD: [Phone ID:1,Function:sc_ati_synchronous_mode_res,Line:272][ATI][FLOW]: mutex get
01-19 13:39:22.540230   178   616 I RIL_EMSD: [Phone ID:1,Function:sc_ati_synchronous_mode_res,Line:292][ATI][FLOW]: mutex put
01-19 13:39:22.540339   178   178 I RIL_EMSD: [Phone ID:1,Function:sc_ati_dmpchn_set,Line:2106][ATI][FLOW]: sc_ati_dmpchn_set 111 mutex get3
01-19 13:39:22.540433   178   178 I RIL_EMSD: [Phone ID:1,Function:sc_ati_give_back_mux_port,Line:1593][ATI][FUNC]: sc_ati_give_back_mux_port( port_num=9 )
01-19 13:39:22.540532   178   178 E RIL_EMSD: [Phone ID:1,Function:sc_ati_free_mux_buffer_queue,Line:1966][ATI][FLOW]: sc_ati_free_mux_buffer_queue entry port_num = 9!!!
01-19 13:39:22.540615   178   178 E RIL_EMSD: [Phone ID:1,Function:sc_ati_free_mux_buffer_queue,Line:1996][ATI][FLOW]: sc_ati_free_mux_buffer_queue exit.
01-19 13:39:22.540687   178   178 I RIL_EMSD: [Phone ID:1,Function:sc_ati_dmpchn_set,Line:2124][ATI][FLOW]: sc_ati_dmpchn_set 111 mutex put3
01-19 13:39:22.540820   178   178 I RIL_EMSD: [Phone ID:1,Function:sc_ati_send_data_to_hls_specified_port,Line:417][ATI][FUNC]: sc_ati_send_data_to_hls_specified_port( port=9, buff_ptr=0xbee798f8, len=10, oper_id=0, fun_ptr=0xb1c62fb1, timer_interval=-1 )
01-19 13:39:22.540919   178   178 I RIL_EMSD: [Phone ID:1,Function:sc_ati_at_cmd_trace,Line:2246][ATI][FLOW]: [AT CMD]Port10: AT^DLKS=0\\r
01-19 13:39:22.541022   178   178 I RIL_EMSD: [Phone ID:1,Function:sc_ati_dlks_set,Line:2768][ATI][FLOW]: sc_ati_dlks_set 111 mutex get3
01-19 13:39:22.541117   178   178 I RIL_EMSD: [Phone ID:1,Function:sc_ati_dlks_set,Line:2825][ATI][FLOW]: sc_ati_dlks_set 333 mutex put3
01-19 13:39:22.542051   178   616 E RIL_EMSD: [Phone ID:1,Function:sc_ati_get_hls_data,Line:634][ATI][FLOW]: sc_ati_get_hls_data port_id: 10
01-19 13:39:22.542163   178   616 E RIL_EMSD: [Phone ID:1,Function:sc_ati_get_hls_data,Line:642][ATI][FLOW]: sc_ati_get_hls_data port_info_ptr->port_state:1
01-19 13:39:22.542276   178   616 E RIL_EMSD: [Phone ID:1,Function:sc_ati_get_hls_data,Line:648][ATI][FLOW]: sc_ati_get_hls_data  port_info_ptr->dealwith_resinfo_fun_ptr
01-19 13:39:22.542374   178   616 I RIL_EMSD: [Phone ID:1,Function:sc_ati_at_cmd_trace,Line:2246][ATI][FLOW]: [AT CMD]Port10: \\r\\nOK\\r\\n
01-19 13:39:22.542533   178   616 I RIL_EMSD: [Phone ID:1,Function:sc_ati_synchronous_mode_res,Line:254][ATI][FUNC]: sc_ati_synchronous_mode_res( port=9, buffer_ptr=0xb2f821c8, buffer_len=6, flag=0, g_sc_ati_mux_port_a[port]->port_state=1 )
01-19 13:39:22.542632   178   616 E RIL_EMSD: [Phone ID:1,Function:sc_ati_channel_handle_status_flag,Line:1565][ATI][FLOW]: Not found matched channel!
01-19 13:39:22.542715   178   616 I RIL_EMSD: [Phone ID:1,Function:sc_ati_synchronous_mode_res,Line:272][ATI][FLOW]: mutex get
01-19 13:39:22.542801   178   616 I RIL_EMSD: [Phone ID:1,Function:sc_ati_synchronous_mode_res,Line:292][ATI][FLOW]: mutex put
01-19 13:39:22.542924   178   178 I RIL_EMSD: [Phone ID:1,Function:sc_ati_dlks_set,Line:2768][ATI][FLOW]: sc_ati_dlks_set 111 mutex get3
01-19 13:39:22.543057   178   178 I RIL_EMSD: [Phone ID:1,Function:sc_ati_dlks_set,Line:2784][ATI][FLOW]: sc_ati_dlks_set 111 mutex put3
01-19 13:39:22.543192   178   178 I RIL_EMSD: [Phone ID:1,Function:sc_ati_give_back_mux_port,Line:1593][ATI][FUNC]: sc_ati_give_back_mux_port( port_num=9 )
01-19 13:39:22.543321   178   178 E RIL_EMSD: [Phone ID:1,Function:sc_ati_free_mux_buffer_queue,Line:1966][ATI][FLOW]: sc_ati_free_mux_buffer_queue entry port_num = 9!!!
01-19 13:39:22.543453   178   178 E RIL_EMSD: [Phone ID:1,Function:sc_ati_free_mux_buffer_queue,Line:1996][ATI][FLOW]: sc_ati_free_mux_buffer_queue exit.
01-19 13:39:22.543552   178   178 E RIL_EMSD: [Phone ID:1,Function:sc_ati_open_mux_port,Line:1298][ATI][FLOW]: g_ati_port_open port_num:10
01-19 13:39:22.544055   178   178 I RIL_EMSD: [Phone ID:1,Function:g_ati_port_open,Line:120][ATI][FLOW]: g_ati_port_open(port:11, flag:0), result
01-19 13:39:22.544455   178   178 I RIL_EMSD: [Phone ID:1,Function:sc_ati_give_back_mux_port,Line:1593][ATI][FUNC]: sc_ati_give_back_mux_port( port_num=10 )
01-19 13:39:22.544627   178   178 I RIL_EMSD: [Phone ID:1,Function:sc_ati_send_data_to_hls_specified_port,Line:417][ATI][FUNC]: sc_ati_send_data_to_hls_specified_port( port=10, buff_ptr=0xbee798f8, len=12, oper_id=0, fun_ptr=0xb1c62fb1, timer_interval=-1 )
01-19 13:39:22.544731   178   178 I RIL_EMSD: [Phone ID:1,Function:sc_ati_at_cmd_trace,Line:2246][ATI][FLOW]: [AT CMD]Port11: AT^DMPCHN=1\\r
01-19 13:39:22.544846   178   178 I RIL_EMSD: [Phone ID:1,Function:sc_ati_dmpchn_set,Line:2106][ATI][FLOW]: sc_ati_dmpchn_set 111 mutex get3
01-19 13:39:22.544970   178   178 I RIL_EMSD: [Phone ID:1,Function:sc_ati_dmpchn_set,Line:2170][ATI][FLOW]: sc_ati_dmpchn_set 333 mutex put3
01-19 13:39:22.545436   180   180 D         : IPC_AGENT still not created handle[1]
01-19 13:39:22.546201   178   616 E RIL_EMSD: [Phone ID:1,Function:sc_ati_get_hls_data,Line:634][ATI][FLOW]: sc_ati_get_hls_data port_id: 11
01-19 13:39:22.546311   178   616 E RIL_EMSD: [Phone ID:1,Function:sc_ati_get_hls_data,Line:642][ATI][FLOW]: sc_ati_get_hls_data port_info_ptr->port_state:1
01-19 13:39:22.546409   178   616 E RIL_EMSD: [Phone ID:1,Function:sc_ati_get_hls_data,Line:648][ATI][FLOW]: sc_ati_get_hls_data  port_info_ptr->dealwith_resinfo_fun_ptr
01-19 13:39:22.546491   178   616 I RIL_EMSD: [Phone ID:1,Function:sc_ati_at_cmd_trace,Line:2246][ATI][FLOW]: [AT CMD]Port11: \\r\\nOK\\r\\n
01-19 13:39:22.546648   178   616 I RIL_EMSD: [Phone ID:1,Function:sc_ati_synchronous_mode_res,Line:254][ATI][FUNC]: sc_ati_synchronous_mode_res( port=10, buffer_ptr=0xb2f821d0, buffer_len=6, flag=0, g_sc_ati_mux_port_a[port]->port_state=1 )
01-19 13:39:22.546743   178   616 E RIL_EMSD: [Phone ID:1,Function:sc_ati_channel_handle_status_flag,Line:1565][ATI][FLOW]: Not found matched channel!
01-19 13:39:22.547126   178   616 I RIL_EMSD: [Phone ID:1,Function:sc_ati_synchronous_mode_res,Line:272][ATI][FLOW]: mutex get
01-19 13:39:22.547241   178   616 I RIL_EMSD: [Phone ID:1,Function:sc_ati_synchronous_mode_res,Line:292][ATI][FLOW]: mutex put
01-19 13:39:22.547383   178   178 I RIL_EMSD: [Phone ID:1,Function:sc_ati_dmpchn_set,Line:2106][ATI][FLOW]: sc_ati_dmpchn_set 111 mutex get3
01-19 13:39:22.547481   178   178 I RIL_EMSD: [Phone ID:1,Function:sc_ati_give_back_mux_port,Line:1593][ATI][FUNC]: sc_ati_give_back_mux_port( port_num=10 )
01-19 13:39:22.547583   178   178 E RIL_EMSD: [Phone ID:1,Function:sc_ati_free_mux_buffer_queue,Line:1966][ATI][FLOW]: sc_ati_free_mux_buffer_queue entry port_num = 10!!!
01-19 13:39:22.547668   178   178 E RIL_EMSD: [Phone ID:1,Function:sc_ati_free_mux_buffer_queue,Line:1996][ATI][FLOW]: sc_ati_free_mux_buffer_queue exit.
01-19 13:39:22.547741   178   178 I RIL_EMSD: [Phone ID:1,Function:sc_ati_dmpchn_set,Line:2124][ATI][FLOW]: sc_ati_dmpchn_set 111 mutex put3
01-19 13:39:22.547889   178   178 I RIL_EMSD: [Phone ID:1,Function:sc_ati_send_data_to_hls_specified_port,Line:417][ATI][FUNC]: sc_ati_send_data_to_hls_specified_port( port=10, buff_ptr=0xbee798f8, len=10, oper_id=0, fun_ptr=0xb1c62fb1, timer_interval=-1 )
01-19 13:39:22.547984   178   178 I RIL_EMSD: [Phone ID:1,Function:sc_ati_at_cmd_trace,Line:2246][ATI][FLOW]: [AT CMD]Port11: AT^DLKS=0\\r
01-19 13:39:22.548095   178   178 I RIL_EMSD: [Phone ID:1,Function:sc_ati_dlks_set,Line:2768][ATI][FLOW]: sc_ati_dlks_set 111 mutex get3
01-19 13:39:22.548181   178   178 I RIL_EMSD: [Phone ID:1,Function:sc_ati_dlks_set,Line:2825][ATI][FLOW]: sc_ati_dlks_set 333 mutex put3
01-19 13:39:22.549085   178   616 E RIL_EMSD: [Phone ID:1,Function:sc_ati_get_hls_data,Line:634][ATI][FLOW]: sc_ati_get_hls_data port_id: 11
01-19 13:39:22.549175   178   616 E RIL_EMSD: [Phone ID:1,Function:sc_ati_get_hls_data,Line:642][ATI][FLOW]: sc_ati_get_hls_data port_info_ptr->port_state:1
01-19 13:39:22.549263   178   616 E RIL_EMSD: [Phone ID:1,Function:sc_ati_get_hls_data,Line:648][ATI][FLOW]: sc_ati_get_hls_data  port_info_ptr->dealwith_resinfo_fun_ptr
01-19 13:39:22.549340   178   616 I RIL_EMSD: [Phone ID:1,Function:sc_ati_at_cmd_trace,Line:2246][ATI][FLOW]: [AT CMD]Port11: \\r\\nOK\\r\\n
01-19 13:39:22.549463   178   616 I RIL_EMSD: [Phone ID:1,Function:sc_ati_synchronous_mode_res,Line:254][ATI][FUNC]: sc_ati_synchronous_mode_res( port=10, buffer_ptr=0xb2f821d8, buffer_len=6, flag=0, g_sc_ati_mux_port_a[port]->port_state=1 )
01-19 13:39:22.549542   178   616 E RIL_EMSD: [Phone ID:1,Function:sc_ati_channel_handle_status_flag,Line:1565][ATI][FLOW]: Not found matched channel!
01-19 13:39:22.549607   178   616 I RIL_EMSD: [Phone ID:1,Function:sc_ati_synchronous_mode_res,Line:272][ATI][FLOW]: mutex get
01-19 13:39:22.549677   178   616 I RIL_EMSD: [Phone ID:1,Function:sc_ati_synchronous_mode_res,Line:292][ATI][FLOW]: mutex put
01-19 13:39:22.549783   178   178 I RIL_EMSD: [Phone ID:1,Function:sc_ati_dlks_set,Line:2768][ATI][FLOW]: sc_ati_dlks_set 111 mutex get3
01-19 13:39:22.549875   178   178 I RIL_EMSD: [Phone ID:1,Function:sc_ati_dlks_set,Line:2784][ATI][FLOW]: sc_ati_dlks_set 111 mutex put3
01-19 13:39:22.549972   178   178 I RIL_EMSD: [Phone ID:1,Function:sc_ati_give_back_mux_port,Line:1593][ATI][FUNC]: sc_ati_give_back_mux_port( port_num=10 )
01-19 13:39:22.550077   178   178 E RIL_EMSD: [Phone ID:1,Function:sc_ati_free_mux_buffer_queue,Line:1966][ATI][FLOW]: sc_ati_free_mux_buffer_queue entry port_num = 10!!!
01-19 13:39:22.550161   178   178 E RIL_EMSD: [Phone ID:1,Function:sc_ati_free_mux_buffer_queue,Line:1996][ATI][FLOW]: sc_ati_free_mux_buffer_queue exit.
01-19 13:39:22.550297   178   178 E RIL_EMSD: [Phone ID:1,Function:sc_ati_open_mux_port,Line:1298][ATI][FLOW]: g_ati_port_open port_num:11
01-19 13:39:22.550739   178   178 I RIL_EMSD: [Phone ID:1,Function:g_ati_port_open,Line:120][ATI][FLOW]: g_ati_port_open(port:12, flag:0), result
01-19 13:39:22.551071   178   178 I RIL_EMSD: [Phone ID:1,Function:sc_ati_give_back_mux_port,Line:1593][ATI][FUNC]: sc_ati_give_back_mux_port( port_num=11 )
01-19 13:39:22.551214   178   178 I RIL_EMSD: [Phone ID:1,Function:sc_ati_send_data_to_hls_specified_port,Line:417][ATI][FUNC]: sc_ati_send_data_to_hls_specified_port( port=11, buff_ptr=0xbee798f8, len=12, oper_id=0, fun_ptr=0xb1c62fb1, timer_interval=-1 )
01-19 13:39:22.551299   178   178 I RIL_EMSD: [Phone ID:1,Function:sc_ati_at_cmd_trace,Line:2246][ATI][FLOW]: [AT CMD]Port12: AT^DMPCHN=1\\r
01-19 13:39:22.551396   178   178 I RIL_EMSD: [Phone ID:1,Function:sc_ati_dmpchn_set,Line:2106][ATI][FLOW]: sc_ati_dmpchn_set 111 mutex get3
01-19 13:39:22.551476   178   178 I RIL_EMSD: [Phone ID:1,Function:sc_ati_dmpchn_set,Line:2170][ATI][FLOW]: sc_ati_dmpchn_set 333 mutex put3
01-19 13:39:22.552708   178   616 E RIL_EMSD: [Phone ID:1,Function:sc_ati_get_hls_data,Line:634][ATI][FLOW]: sc_ati_get_hls_data port_id: 12
01-19 13:39:22.552803   178   616 E RIL_EMSD: [Phone ID:1,Function:sc_ati_get_hls_data,Line:642][ATI][FLOW]: sc_ati_get_hls_data port_info_ptr->port_state:1
01-19 13:39:22.552898   178   616 E RIL_EMSD: [Phone ID:1,Function:sc_ati_get_hls_data,Line:648][ATI][FLOW]: sc_ati_get_hls_data  port_info_ptr->dealwith_resinfo_fun_ptr
01-19 13:39:22.552989   178   616 I RIL_EMSD: [Phone ID:1,Function:sc_ati_at_cmd_trace,Line:2246][ATI][FLOW]: [AT CMD]Port12: \\r\\nOK\\r\\n
01-19 13:39:22.553134   178   616 I RIL_EMSD: [Phone ID:1,Function:sc_ati_synchronous_mode_res,Line:254][ATI][FUNC]: sc_ati_synchronous_mode_res( port=11, buffer_ptr=0xb2f821e0, buffer_len=6, flag=0, g_sc_ati_mux_port_a[port]->port_state=1 )
01-19 13:39:22.553229   178   616 E RIL_EMSD: [Phone ID:1,Function:sc_ati_channel_handle_status_flag,Line:1565][ATI][FLOW]: Not found matched channel!
01-19 13:39:22.553300   178   616 I RIL_EMSD: [Phone ID:1,Function:sc_ati_synchronous_mode_res,Line:272][ATI][FLOW]: mutex get
01-19 13:39:22.553369   178   616 I RIL_EMSD: [Phone ID:1,Function:sc_ati_synchronous_mode_res,Line:292][ATI][FLOW]: mutex put
01-19 13:39:22.553481   178   178 I RIL_EMSD: [Phone ID:1,Function:sc_ati_dmpchn_set,Line:2106][ATI][FLOW]: sc_ati_dmpchn_set 111 mutex get3
01-19 13:39:22.553576   178   178 I RIL_EMSD: [Phone ID:1,Function:sc_ati_give_back_mux_port,Line:1593][ATI][FUNC]: sc_ati_give_back_mux_port( port_num=11 )
01-19 13:39:22.553678   178   178 E RIL_EMSD: [Phone ID:1,Function:sc_ati_free_mux_buffer_queue,Line:1966][ATI][FLOW]: sc_ati_free_mux_buffer_queue entry port_num = 11!!!
01-19 13:39:22.553763   178   178 E RIL_EMSD: [Phone ID:1,Function:sc_ati_free_mux_buffer_queue,Line:1996][ATI][FLOW]: sc_ati_free_mux_buffer_queue exit.
01-19 13:39:22.553842   178   178 I RIL_EMSD: [Phone ID:1,Function:sc_ati_dmpchn_set,Line:2124][ATI][FLOW]: sc_ati_dmpchn_set 111 mutex put3
01-19 13:39:22.553981   178   178 I RIL_EMSD: [Phone ID:1,Function:sc_ati_send_data_to_hls_specified_port,Line:417][ATI][FUNC]: sc_ati_send_data_to_hls_specified_port( port=11, buff_ptr=0xbee798f8, len=10, oper_id=0, fun_ptr=0xb1c62fb1, timer_interval=-1 )
01-19 13:39:22.554063   178   178 I RIL_EMSD: [Phone ID:1,Function:sc_ati_at_cmd_trace,Line:2246][ATI][FLOW]: [AT CMD]Port12: AT^DLKS=0\\r
01-19 13:39:22.554160   178   178 I RIL_EMSD: [Phone ID:1,Function:sc_ati_dlks_set,Line:2768][ATI][FLOW]: sc_ati_dlks_set 111 mutex get3
01-19 13:39:22.554235   178   178 I RIL_EMSD: [Phone ID:1,Function:sc_ati_dlks_set,Line:2825][ATI][FLOW]: sc_ati_dlks_set 333 mutex put3
01-19 13:39:22.555201   178   616 E RIL_EMSD: [Phone ID:1,Function:sc_ati_get_hls_data,Line:634][ATI][FLOW]: sc_ati_get_hls_data port_id: 12
01-19 13:39:22.555305   178   616 E RIL_EMSD: [Phone ID:1,Function:sc_ati_get_hls_data,Line:642][ATI][FLOW]: sc_ati_get_hls_data port_info_ptr->port_state:1
01-19 13:39:22.555399   178   616 E RIL_EMSD: [Phone ID:1,Function:sc_ati_get_hls_data,Line:648][ATI][FLOW]: sc_ati_get_hls_data  port_info_ptr->dealwith_resinfo_fun_ptr
01-19 13:39:22.555482   178   616 I RIL_EMSD: [Phone ID:1,Function:sc_ati_at_cmd_trace,Line:2246][ATI][FLOW]: [AT CMD]Port12: \\r\\nOK\\r\\n
01-19 13:39:22.555620   178   616 I RIL_EMSD: [Phone ID:1,Function:sc_ati_synchronous_mode_res,Line:254][ATI][FUNC]: sc_ati_synchronous_mode_res( port=11, buffer_ptr=0xb2f821e8, buffer_len=6, flag=0, g_sc_ati_mux_port_a[port]->port_state=1 )
01-19 13:39:22.555709   178   616 E RIL_EMSD: [Phone ID:1,Function:sc_ati_channel_handle_status_flag,Line:1565][ATI][FLOW]: Not found matched channel!
01-19 13:39:22.555784   178   616 I RIL_EMSD: [Phone ID:1,Function:sc_ati_synchronous_mode_res,Line:272][ATI][FLOW]: mutex get
01-19 13:39:22.555869   178   616 I RIL_EMSD: [Phone ID:1,Function:sc_ati_synchronous_mode_res,Line:292][ATI][FLOW]: mutex put
01-19 13:39:22.555973   178   178 I RIL_EMSD: [Phone ID:1,Function:sc_ati_dlks_set,Line:2768][ATI][FLOW]: sc_ati_dlks_set 111 mutex get3
01-19 13:39:22.556049   178   178 I RIL_EMSD: [Phone ID:1,Function:sc_ati_dlks_set,Line:2784][ATI][FLOW]: sc_ati_dlks_set 111 mutex put3
01-19 13:39:22.556137   178   178 I RIL_EMSD: [Phone ID:1,Function:sc_ati_give_back_mux_port,Line:1593][ATI][FUNC]: sc_ati_give_back_mux_port( port_num=11 )
01-19 13:39:22.556237   178   178 E RIL_EMSD: [Phone ID:1,Function:sc_ati_free_mux_buffer_queue,Line:1966][ATI][FLOW]: sc_ati_free_mux_buffer_queue entry port_num = 11!!!
01-19 13:39:22.556318   178   178 E RIL_EMSD: [Phone ID:1,Function:sc_ati_free_mux_buffer_queue,Line:1996][ATI][FLOW]: sc_ati_free_mux_buffer_queue exit.
01-19 13:39:22.556401   178   178 E RIL_EMSD: [Phone ID:1,Function:sc_ati_open_mux_port,Line:1298][ATI][FLOW]: g_ati_port_open port_num:12
01-19 13:39:22.556838   178   178 I RIL_EMSD: [Phone ID:1,Function:g_ati_port_open,Line:120][ATI][FLOW]: g_ati_port_open(port:13, flag:0), result
01-19 13:39:22.557160   178   178 I RIL_EMSD: [Phone ID:1,Function:sc_ati_give_back_mux_port,Line:1593][ATI][FUNC]: sc_ati_give_back_mux_port( port_num=12 )
01-19 13:39:22.557310   178   178 I RIL_EMSD: [Phone ID:1,Function:sc_ati_send_data_to_hls_specified_port,Line:417][ATI][FUNC]: sc_ati_send_data_to_hls_specified_port( port=12, buff_ptr=0xbee798f8, len=12, oper_id=0, fun_ptr=0xb1c62fb1, timer_interval=-1 )
01-19 13:39:22.557400   178   178 I RIL_EMSD: [Phone ID:1,Function:sc_ati_at_cmd_trace,Line:2246][ATI][FLOW]: [AT CMD]Port13: AT^DMPCHN=1\\r
01-19 13:39:22.557497   178   178 I RIL_EMSD: [Phone ID:1,Function:sc_ati_dmpchn_set,Line:2106][ATI][FLOW]: sc_ati_dmpchn_set 111 mutex get3
01-19 13:39:22.557574   178   178 I RIL_EMSD: [Phone ID:1,Function:sc_ati_dmpchn_set,Line:2170][ATI][FLOW]: sc_ati_dmpchn_set 333 mutex put3
01-19 13:39:22.558804   178   616 E RIL_EMSD: [Phone ID:1,Function:sc_ati_get_hls_data,Line:634][ATI][FLOW]: sc_ati_get_hls_data port_id: 13
01-19 13:39:22.558893   178   616 E RIL_EMSD: [Phone ID:1,Function:sc_ati_get_hls_data,Line:642][ATI][FLOW]: sc_ati_get_hls_data port_info_ptr->port_state:1
01-19 13:39:22.558988   178   616 E RIL_EMSD: [Phone ID:1,Function:sc_ati_get_hls_data,Line:648][ATI][FLOW]: sc_ati_get_hls_data  port_info_ptr->dealwith_resinfo_fun_ptr
01-19 13:39:22.559065   178   616 I RIL_EMSD: [Phone ID:1,Function:sc_ati_at_cmd_trace,Line:2246][ATI][FLOW]: [AT CMD]Port13: \\r\\nOK\\r\\n
01-19 13:39:22.559203   178   616 I RIL_EMSD: [Phone ID:1,Function:sc_ati_synchronous_mode_res,Line:254][ATI][FUNC]: sc_ati_synchronous_mode_res( port=12, buffer_ptr=0xb2f821f0, buffer_len=6, flag=0, g_sc_ati_mux_port_a[port]->port_state=1 )
01-19 13:39:22.559291   178   616 E RIL_EMSD: [Phone ID:1,Function:sc_ati_channel_handle_status_flag,Line:1565][ATI][FLOW]: Not found matched channel!
01-19 13:39:22.559390   178   616 I RIL_EMSD: [Phone ID:1,Function:sc_ati_synchronous_mode_res,Line:272][ATI][FLOW]: mutex get
01-19 13:39:22.559470   178   616 I RIL_EMSD: [Phone ID:1,Function:sc_ati_synchronous_mode_res,Line:292][ATI][FLOW]: mutex put
01-19 13:39:22.559582   178   178 I RIL_EMSD: [Phone ID:1,Function:sc_ati_dmpchn_set,Line:2106][ATI][FLOW]: sc_ati_dmpchn_set 111 mutex get3
01-19 13:39:22.559674   178   178 I RIL_EMSD: [Phone ID:1,Function:sc_ati_give_back_mux_port,Line:1593][ATI][FUNC]: sc_ati_give_back_mux_port( port_num=12 )
01-19 13:39:22.559773   178   178 E RIL_EMSD: [Phone ID:1,Function:sc_ati_free_mux_buffer_queue,Line:1966][ATI][FLOW]: sc_ati_free_mux_buffer_queue entry port_num = 12!!!
01-19 13:39:22.559854   178   178 E RIL_EMSD: [Phone ID:1,Function:sc_ati_free_mux_buffer_queue,Line:1996][ATI][FLOW]: sc_ati_free_mux_buffer_queue exit.
01-19 13:39:22.559927   178   178 I RIL_EMSD: [Phone ID:1,Function:sc_ati_dmpchn_set,Line:2124][ATI][FLOW]: sc_ati_dmpchn_set 111 mutex put3
01-19 13:39:22.560068   178   178 I RIL_EMSD: [Phone ID:1,Function:sc_ati_send_data_to_hls_specified_port,Line:417][ATI][FUNC]: sc_ati_send_data_to_hls_specified_port( port=12, buff_ptr=0xbee798f8, len=10, oper_id=0, fun_ptr=0xb1c62fb1, timer_interval=-1 )
01-19 13:39:22.560151   178   178 I RIL_EMSD: [Phone ID:1,Function:sc_ati_at_cmd_trace,Line:2246][ATI][FLOW]: [AT CMD]Port13: AT^DLKS=0\\r
01-19 13:39:22.560312   178   178 I RIL_EMSD: [Phone ID:1,Function:sc_ati_dlks_set,Line:2768][ATI][FLOW]: sc_ati_dlks_set 111 mutex get3
01-19 13:39:22.560406   178   178 I RIL_EMSD: [Phone ID:1,Function:sc_ati_dlks_set,Line:2825][ATI][FLOW]: sc_ati_dlks_set 333 mutex put3
01-19 13:39:22.561283   178   616 E RIL_EMSD: [Phone ID:1,Function:sc_ati_get_hls_data,Line:634][ATI][FLOW]: sc_ati_get_hls_data port_id: 13
01-19 13:39:22.561385   178   616 E RIL_EMSD: [Phone ID:1,Function:sc_ati_get_hls_data,Line:642][ATI][FLOW]: sc_ati_get_hls_data port_info_ptr->port_state:1
01-19 13:39:22.561476   178   616 E RIL_EMSD: [Phone ID:1,Function:sc_ati_get_hls_data,Line:648][ATI][FLOW]: sc_ati_get_hls_data  port_info_ptr->dealwith_resinfo_fun_ptr
01-19 13:39:22.561549   178   616 I RIL_EMSD: [Phone ID:1,Function:sc_ati_at_cmd_trace,Line:2246][ATI][FLOW]: [AT CMD]Port13: \\r\\nOK\\r\\n
01-19 13:39:22.561682   178   616 I RIL_EMSD: [Phone ID:1,Function:sc_ati_synchronous_mode_res,Line:254][ATI][FUNC]: sc_ati_synchronous_mode_res( port=12, buffer_ptr=0xb2f821f8, buffer_len=6, flag=0, g_sc_ati_mux_port_a[port]->port_state=1 )
01-19 13:39:22.561779   178   616 E RIL_EMSD: [Phone ID:1,Function:sc_ati_channel_handle_status_flag,Line:1565][ATI][FLOW]: Not found matched channel!
01-19 13:39:22.561855   178   616 I RIL_EMSD: [Phone ID:1,Function:sc_ati_synchronous_mode_res,Line:272][ATI][FLOW]: mutex get
01-19 13:39:22.561936   178   616 I RIL_EMSD: [Phone ID:1,Function:sc_ati_synchronous_mode_res,Line:292][ATI][FLOW]: mutex put
01-19 13:39:22.562067   178   178 I RIL_EMSD: [Phone ID:1,Function:sc_ati_dlks_set,Line:2768][ATI][FLOW]: sc_ati_dlks_set 111 mutex get3
01-19 13:39:22.562157   178   178 I RIL_EMSD: [Phone ID:1,Function:sc_ati_dlks_set,Line:2784][ATI][FLOW]: sc_ati_dlks_set 111 mutex put3
01-19 13:39:22.562250   178   178 I RIL_EMSD: [Phone ID:1,Function:sc_ati_give_back_mux_port,Line:1593][ATI][FUNC]: sc_ati_give_back_mux_port( port_num=12 )
01-19 13:39:22.562357   178   178 E RIL_EMSD: [Phone ID:1,Function:sc_ati_free_mux_buffer_queue,Line:1966][ATI][FLOW]: sc_ati_free_mux_buffer_queue entry port_num = 12!!!
01-19 13:39:22.562449   178   178 E RIL_EMSD: [Phone ID:1,Function:sc_ati_free_mux_buffer_queue,Line:1996][ATI][FLOW]: sc_ati_free_mux_buffer_queue exit.
01-19 13:39:22.562535   178   178 E RIL_EMSD: [Phone ID:1,Function:sc_ati_open_mux_port,Line:1298][ATI][FLOW]: g_ati_port_open port_num:13
01-19 13:39:22.563006   178   178 I RIL_EMSD: [Phone ID:1,Function:g_ati_port_open,Line:120][ATI][FLOW]: g_ati_port_open(port:14, flag:0), result
01-19 13:39:22.563411   178   178 I RIL_EMSD: [Phone ID:1,Function:sc_ati_give_back_mux_port,Line:1593][ATI][FUNC]: sc_ati_give_back_mux_port( port_num=13 )
01-19 13:39:22.563562   178   178 I RIL_EMSD: [Phone ID:1,Function:sc_ati_send_data_to_hls_specified_port,Line:417][ATI][FUNC]: sc_ati_send_data_to_hls_specified_port( port=13, buff_ptr=0xbee798f8, len=12, oper_id=0, fun_ptr=0xb1c62fb1, timer_interval=-1 )
01-19 13:39:22.563651   178   178 I RIL_EMSD: [Phone ID:1,Function:sc_ati_at_cmd_trace,Line:2246][ATI][FLOW]: [AT CMD]Port14: AT^DMPCHN=1\\r
01-19 13:39:22.563757   178   178 I RIL_EMSD: [Phone ID:1,Function:sc_ati_dmpchn_set,Line:2106][ATI][FLOW]: sc_ati_dmpchn_set 111 mutex get3
01-19 13:39:22.563857   178   178 I RIL_EMSD: [Phone ID:1,Function:sc_ati_dmpchn_set,Line:2170][ATI][FLOW]: sc_ati_dmpchn_set 333 mutex put3
01-19 13:39:22.565134   178   616 E RIL_EMSD: [Phone ID:1,Function:sc_ati_get_hls_data,Line:634][ATI][FLOW]: sc_ati_get_hls_data port_id: 14
01-19 13:39:22.565246   178   616 E RIL_EMSD: [Phone ID:1,Function:sc_ati_get_hls_data,Line:642][ATI][FLOW]: sc_ati_get_hls_data port_info_ptr->port_state:1
01-19 13:39:22.565331   178   616 E RIL_EMSD: [Phone ID:1,Function:sc_ati_get_hls_data,Line:648][ATI][FLOW]: sc_ati_get_hls_data  port_info_ptr->dealwith_resinfo_fun_ptr
01-19 13:39:22.565404   178   616 I RIL_EMSD: [Phone ID:1,Function:sc_ati_at_cmd_trace,Line:2246][ATI][FLOW]: [AT CMD]Port14: \\r\\nOK\\r\\n
01-19 13:39:22.565522   178   616 I RIL_EMSD: [Phone ID:1,Function:sc_ati_synchronous_mode_res,Line:254][ATI][FUNC]: sc_ati_synchronous_mode_res( port=13, buffer_ptr=0xb2f82200, buffer_len=6, flag=0, g_sc_ati_mux_port_a[port]->port_state=1 )
01-19 13:39:22.565600   178   616 E RIL_EMSD: [Phone ID:1,Function:sc_ati_channel_handle_status_flag,Line:1565][ATI][FLOW]: Not found matched channel!
01-19 13:39:22.565670   178   616 I RIL_EMSD: [Phone ID:1,Function:sc_ati_synchronous_mode_res,Line:272][ATI][FLOW]: mutex get
01-19 13:39:22.565740   178   616 I RIL_EMSD: [Phone ID:1,Function:sc_ati_synchronous_mode_res,Line:292][ATI][FLOW]: mutex put
01-19 13:39:22.565867   178   178 I RIL_EMSD: [Phone ID:1,Function:sc_ati_dmpchn_set,Line:2106][ATI][FLOW]: sc_ati_dmpchn_set 111 mutex get3
01-19 13:39:22.566022   178   178 I RIL_EMSD: [Phone ID:1,Function:sc_ati_give_back_mux_port,Line:1593][ATI][FUNC]: sc_ati_give_back_mux_port( port_num=13 )
01-19 13:39:22.566154   178   178 E RIL_EMSD: [Phone ID:1,Function:sc_ati_free_mux_buffer_queue,Line:1966][ATI][FLOW]: sc_ati_free_mux_buffer_queue entry port_num = 13!!!
01-19 13:39:22.566251   178   178 E RIL_EMSD: [Phone ID:1,Function:sc_ati_free_mux_buffer_queue,Line:1996][ATI][FLOW]: sc_ati_free_mux_buffer_queue exit.
01-19 13:39:22.566326   178   178 I RIL_EMSD: [Phone ID:1,Function:sc_ati_dmpchn_set,Line:2124][ATI][FLOW]: sc_ati_dmpchn_set 111 mutex put3
01-19 13:39:22.566463   178   178 I RIL_EMSD: [Phone ID:1,Function:sc_ati_send_data_to_hls_specified_port,Line:417][ATI][FUNC]: sc_ati_send_data_to_hls_specified_port( port=13, buff_ptr=0xbee798f8, len=10, oper_id=0, fun_ptr=0xb1c62fb1, timer_interval=-1 )
01-19 13:39:22.566551   178   178 I RIL_EMSD: [Phone ID:1,Function:sc_ati_at_cmd_trace,Line:2246][ATI][FLOW]: [AT CMD]Port14: AT^DLKS=0\\r
01-19 13:39:22.566645   178   178 I RIL_EMSD: [Phone ID:1,Function:sc_ati_dlks_set,Line:2768][ATI][FLOW]: sc_ati_dlks_set 111 mutex get3
01-19 13:39:22.566718   178   178 I RIL_EMSD: [Phone ID:1,Function:sc_ati_dlks_set,Line:2825][ATI][FLOW]: sc_ati_dlks_set 333 mutex put3
01-19 13:39:22.567928   178   616 E RIL_EMSD: [Phone ID:1,Function:sc_ati_get_hls_data,Line:634][ATI][FLOW]: sc_ati_get_hls_data port_id: 14
01-19 13:39:22.568021   178   616 E RIL_EMSD: [Phone ID:1,Function:sc_ati_get_hls_data,Line:642][ATI][FLOW]: sc_ati_get_hls_data port_info_ptr->port_state:1
01-19 13:39:22.568107   178   616 E RIL_EMSD: [Phone ID:1,Function:sc_ati_get_hls_data,Line:648][ATI][FLOW]: sc_ati_get_hls_data  port_info_ptr->dealwith_resinfo_fun_ptr
01-19 13:39:22.568180   178   616 I RIL_EMSD: [Phone ID:1,Function:sc_ati_at_cmd_trace,Line:2246][ATI][FLOW]: [AT CMD]Port14: \\r\\nOK\\r\\n
