01-19 13:39:25.099386   178   830 I RIL_EMSD: [ATIEXT][FUNC]: g_sc_atiext_config_urc_state(com_index=52, link_id=0, channel_id=11)
01-19 13:39:25.099474   178   830 I RIL_EMSD: [ATIEXT][FUNC]: dt_at_handle_ext_cmd Process extend AT command!(,str_len =12, channel_id=11) 
01-19 13:39:25.099501   178   830 I RIL_EMSD: [ATIEXT][FLOW]: channel(11)uplink: AT^DMPCHN=0\r
01-19 13:39:25.099593   178   830 I RIL_EMSD: [Phone ID:0,Function:dt_close_at_channel,Line:238][ATI][FUNC]: dt_close_at_channel( channel_id=11 )
01-19 13:39:25.099675   178   832 I RIL_EMSD: [ATIEXT][FLOW]: channel(11)downlink: \r
01-19 13:39:25.099675   178   832 I RIL_EMSD: OK\r
01-19 13:39:25.099675   178   832 I RIL_EMSD: 
01-19 13:39:25.099758   981   993 D AT      : Open channel /dev/TTYEMS32 Success, fd:6
01-19 13:39:25.099794   981   993 D AT      : kkkkkk, write ret = 11
01-19 13:39:25.099881   178   833 I RIL_EMSD: [ATIEXT][FUNC]: dt_at_handle_ext_cmd Process extend AT command!(,str_len =10, channel_id=4) 
01-19 13:39:25.099911   178   833 I RIL_EMSD: [ATIEXT][FLOW]: channel(4)uplink: AT^DLKS=0\r
01-19 13:39:25.099972   178   834 I RIL_EMSD: [ATIEXT][FLOW]: channel(4)downlink: \r
01-19 13:39:25.099972   178   834 I RIL_EMSD: OK\r
01-19 13:39:25.099972   178   834 I RIL_EMSD: 
01-19 13:39:25.100049   981   993 D AT      : ===>the read ret=6, tmp_buf : \r
01-19 13:39:25.100049   981   993 D AT      : OK\r
01-19 13:39:25.100070   981   993 D AT      : Open channel /dev/TTYEMS03 Success, fd:7
01-19 13:39:25.100102   981   993 D AT      : kkkkkk, write ret = 11
01-19 13:39:25.100241   178   750 I RIL_EMSD: [ATIEXT][FUNC]: dt_at_handle_ext_cmd Process extend AT command!(,str_len =10, channel_id=5) 
01-19 13:39:25.100275   178   750 I RIL_EMSD: [ATIEXT][FLOW]: channel(5)uplink: AT^DLKS=0\r
01-19 13:39:25.100344   178   751 I RIL_EMSD: [ATIEXT][FLOW]: channel(5)downlink: \r
01-19 13:39:25.100344   178   751 I RIL_EMSD: OK\r
01-19 13:39:25.100344   178   751 I RIL_EMSD: 
01-19 13:39:25.100422   981   993 D AT      : ===>the read ret=6, tmp_buf : \r
01-19 13:39:25.100422   981   993 D AT      : OK\r
01-19 13:39:25.100442   981   993 D AT      : Open channel /dev/TTYEMS10 Success, fd:8
01-19 13:39:25.100473   981   993 D AT      : kkkkkk, write ret = 11
01-19 13:39:25.100560   178   768 I RIL_EMSD: [ATIEXT][FUNC]: dt_at_handle_ext_cmd Process extend AT command!(,str_len =10, channel_id=6) 
01-19 13:39:25.100601   178   768 I RIL_EMSD: [ATIEXT][FLOW]: channel(6)uplink: AT^DLKS=0\r
01-19 13:39:25.100657   178   769 I RIL_EMSD: [ATIEXT][FLOW]: channel(6)downlink: \r
01-19 13:39:25.100657   178   769 I RIL_EMSD: OK\r
01-19 13:39:25.100657   178   769 I RIL_EMSD: 
01-19 13:39:25.100731   981   993 D AT      : ===>the read ret=6, tmp_buf : \r
01-19 13:39:25.100731   981   993 D AT      : OK\r
01-19 13:39:25.100751   981   993 D AT      : Open channel /dev/TTYEMS11 Success, fd:10
01-19 13:39:25.100780   981   993 D AT      : kkkkkk, write ret = 11
01-19 13:39:25.100861   178   770 I RIL_EMSD: [ATIEXT][FUNC]: dt_at_handle_ext_cmd Process extend AT command!(,str_len =10, channel_id=7) 
01-19 13:39:25.100889   178   770 I RIL_EMSD: [ATIEXT][FLOW]: channel(7)uplink: AT^DLKS=0\r
01-19 13:39:25.100947   178   772 I RIL_EMSD: [ATIEXT][FLOW]: channel(7)downlink: \r
01-19 13:39:25.100947   178   772 I RIL_EMSD: OK\r
01-19 13:39:25.100947   178   772 I RIL_EMSD: 
01-19 13:39:25.101016   981   993 D AT      : ===>the read ret=6, tmp_buf : \r
01-19 13:39:25.101016   981   993 D AT      : OK\r
01-19 13:39:25.101035   981   993 D AT      : Open channel /dev/TTYEMS16 Success, fd:13
01-19 13:39:25.101066   981   993 D AT      : kkkkkk, write ret = 11
01-19 13:39:25.101155   178   783 I RIL_EMSD: [ATIEXT][FUNC]: dt_at_handle_ext_cmd Process extend AT command!(,str_len =10, channel_id=8) 
01-19 13:39:25.101182   178   783 I RIL_EMSD: [ATIEXT][FLOW]: channel(8)uplink: AT^DLKS=0\r
01-19 13:39:25.101237   178   784 I RIL_EMSD: [ATIEXT][FLOW]: channel(8)downlink: \r
01-19 13:39:25.101237   178   784 I RIL_EMSD: OK\r
01-19 13:39:25.101237   178   784 I RIL_EMSD: 
01-19 13:39:25.101309   981   993 D AT      : ===>the read ret=6, tmp_buf : \r
01-19 13:39:25.101309   981   993 D AT      : OK\r
01-19 13:39:25.101329   981   993 D AT      : Open channel /dev/TTYEMS26 Success, fd:14
01-19 13:39:25.101357   981   993 D AT      : kkkkkk, write ret = 11
01-19 13:39:25.101438   178   814 I RIL_EMSD: [ATIEXT][FUNC]: dt_at_handle_ext_cmd Process extend AT command!(,str_len =10, channel_id=9) 
01-19 13:39:25.101466   178   814 I RIL_EMSD: [ATIEXT][FLOW]: channel(9)uplink: AT^DLKS=0\r
01-19 13:39:25.101523   178   819 I RIL_EMSD: [ATIEXT][FLOW]: channel(9)downlink: \r
01-19 13:39:25.101523   178   819 I RIL_EMSD: OK\r
01-19 13:39:25.101523   178   819 I RIL_EMSD: 
01-19 13:39:25.101590   981   993 D AT      : ===>the read ret=6, tmp_buf : \r
01-19 13:39:25.101590   981   993 D AT      : OK\r
01-19 13:39:25.101608   981   993 D AT      : Open channel /dev/TTYEMS30 Success, fd:15
01-19 13:39:25.101639   981   993 D AT      : kkkkkk, write ret = 11
01-19 13:39:25.101726   178   828 I RIL_EMSD: [ATIEXT][FUNC]: dt_at_handle_ext_cmd Process extend AT command!(,str_len =10, channel_id=10) 
01-19 13:39:25.101751   178   828 I RIL_EMSD: [ATIEXT][FLOW]: channel(10)uplink: AT^DLKS=0\r
01-19 13:39:25.101804   178   829 I RIL_EMSD: [ATIEXT][FLOW]: channel(10)downlink: \r
01-19 13:39:25.101804   178   829 I RIL_EMSD: OK\r
01-19 13:39:25.101804   178   829 I RIL_EMSD: 
01-19 13:39:25.101873   981   993 D AT      : ===>the read ret=6, tmp_buf : \r
01-19 13:39:25.101873   981   993 D AT      : OK\r
01-19 13:39:25.101891   981   993 D AT      : Open channel /dev/TTYEMS31 Success, fd:16
01-19 13:39:25.101919   981   993 D AT      : kkkkkk, write ret = 11
01-19 13:39:25.101998   178   830 I RIL_EMSD: [ATIEXT][FUNC]: dt_at_handle_ext_cmd Process extend AT command!(,str_len =10, channel_id=11) 
01-19 13:39:25.102023   178   830 I RIL_EMSD: [ATIEXT][FLOW]: channel(11)uplink: AT^DLKS=1\r
01-19 13:39:25.102078   178   832 I RIL_EMSD: [ATIEXT][FLOW]: channel(11)downlink: \r
01-19 13:39:25.102078   178   832 I RIL_EMSD: OK\r
01-19 13:39:25.102078   178   832 I RIL_EMSD: 
01-19 13:39:25.102143   981   993 D AT      : ===>the read ret=6, tmp_buf : \r
01-19 13:39:25.102143   981   993 D AT      : OK\r
01-19 13:39:25.102179   981   993 D AT      : ____ 964, at_open_ex, s_fd=-1, fd=6
01-19 13:39:25.102636   981   992 D RIL     : *******setRadioState: sState=1, newState=0, s_rilID=0, s_closed=0 
01-19 13:39:25.103155   981   992 D AT      : AT>[7] AT
01-19 13:39:25.103291   178   830 I RIL_EMSD: [ATIEXT][FLOW]: return OK!!
01-19 13:39:25.103357   178   832 I RIL_EMSD: [ATIEXT][FLOW]: channel(11)downlink: \r
01-19 13:39:25.103357   178   832 I RIL_EMSD: OK\r
01-19 13:39:25.103357   178   832 I RIL_EMSD: 
01-19 13:39:25.103527   981   994 D AT      : AT<[7] OK
01-19 13:39:25.353773   981   992 D RIL     : ro.lc.msms value == 111
01-19 13:39:25.354768   981   992 D RIL     : initializeCallback(), set property: ril.emsd.init.complete.flag0 = 1
01-19 13:39:25.354800   981   992 D AT      : AT>[7] AT^DMODE=0
01-19 13:39:25.355005   178   830 I RIL_EMSD: [ATIEXT][FUNC]: dt_at_handle_ext_cmd Process extend AT command!(,str_len =11, channel_id=11) 
01-19 13:39:25.355045   178   830 I RIL_EMSD: [ATIEXT][FLOW]: channel(11)uplink: AT^DMODE=0\r
01-19 13:39:25.355136   178   830 I RIL_EMSD: [Phone ID:0,Function:sc_ati_get_idle_mux_port,Line:1000][ATI][FLOW]: Get a idle port! port=2
01-19 13:39:25.355218   178   830 I RIL_EMSD: [Phone ID:0,Function:sc_ati_at_cmd_trace,Line:2246][ATI][FLOW]: [AT CMD]Port03: AT^DMODE=0\\r
01-19 13:39:25.355283   178   830 I RIL_EMSD: [ATIEXT][FLOW]: Send to HLS result is 149!
01-19 13:39:25.360957   178   616 E RIL_EMSD: [Phone ID:0,Function:sc_ati_get_hls_data,Line:634][ATI][FLOW]: sc_ati_get_hls_data port_id: 3
01-19 13:39:25.361073   178   616 E RIL_EMSD: [Phone ID:0,Function:sc_ati_get_hls_data,Line:642][ATI][FLOW]: sc_ati_get_hls_data port_info_ptr->port_state:1
01-19 13:39:25.361158   178   616 E RIL_EMSD: [Phone ID:0,Function:sc_ati_get_hls_data,Line:655][ATI][FLOW]: sc_ati_get_hls_data port_info_ptr->resinfo_handle_ptr
01-19 13:39:25.361228   178   616 I RIL_EMSD: [Phone ID:0,Function:sc_ati_at_cmd_trace,Line:2246][ATI][FLOW]: [AT CMD]Port03: \\r\\nOK\\r\\n
01-19 13:39:25.361369   178   832 I RIL_EMSD: [ATIEXT][GVAL]: acm_modem_data_handle channel_id=b,buffer_len=6, flag=0
01-19 13:39:25.361410   178   832 I RIL_EMSD: [ATIEXT][FLOW]: channel(11)downlink: \r
01-19 13:39:25.361410   178   832 I RIL_EMSD: OK\r
01-19 13:39:25.361410   178   832 I RIL_EMSD: 
01-19 13:39:25.361580   981   994 D AT      : AT<[7] OK
01-19 13:39:25.361646   981   992 D AT      : AT>[7] AT+CMEE=1
01-19 13:39:25.361784   178   830 I RIL_EMSD: [ATIEXT][FUNC]: dt_at_handle_ext_cmd Process extend AT command!(,str_len =10, channel_id=11) 
01-19 13:39:25.361824   178   830 I RIL_EMSD: [ATIEXT][FLOW]: channel(11)uplink: AT+CMEE=1\r
01-19 13:39:25.361870   178   830 I RIL_EMSD: [ATIEXT][FLOW]: sc_atiext_cmee_set tmp_n = 1
01-19 13:39:25.361973   178   830 I RIL_EMSD: [Phone ID:0,Function:dt_send_synchronous_at_command,Line:747][ATI][FUNC]: dt_send_synchronous_at_command()
01-19 13:39:25.362049   178   830 I RIL_EMSD: [Phone ID:0,Function:sc_ati_get_idle_mux_port,Line:1000][ATI][FLOW]: Get a idle port! port=3
01-19 13:39:25.362143   178   830 I RIL_EMSD: [Phone ID:0,Function:sc_ati_at_cmd_trace,Line:2246][ATI][FLOW]: [AT CMD]Port04: AT+CMEE=1\\r
01-19 13:39:25.362244   178   830 I RIL_EMSD: [Phone ID:0,Function:dt_send_synchronous_at_command,Line:878][ATI][FLOW]: 111 mutex get3
01-19 13:39:25.362325   178   830 I RIL_EMSD: [Phone ID:0,Function:dt_send_synchronous_at_command,Line:963][ATI][FLOW]: 333 mutex put3
01-19 13:39:25.369289   178   616 E RIL_EMSD: [Phone ID:0,Function:sc_ati_get_hls_data,Line:634][ATI][FLOW]: sc_ati_get_hls_data port_id: 4
01-19 13:39:25.369409   178   616 E RIL_EMSD: [Phone ID:0,Function:sc_ati_get_hls_data,Line:642][ATI][FLOW]: sc_ati_get_hls_data port_info_ptr->port_state:1
01-19 13:39:25.369494   178   616 E RIL_EMSD: [Phone ID:0,Function:sc_ati_get_hls_data,Line:648][ATI][FLOW]: sc_ati_get_hls_data  port_info_ptr->dealwith_resinfo_fun_ptr
01-19 13:39:25.369564   178   616 I RIL_EMSD: [Phone ID:0,Function:sc_ati_at_cmd_trace,Line:2246][ATI][FLOW]: [AT CMD]Port04: \\r\\nOK\\r\\n
01-19 13:39:25.369683   178   616 I RIL_EMSD: [Phone ID:0,Function:sc_ati_synchronous_mode_res,Line:254][ATI][FUNC]: sc_ati_synchronous_mode_res( port=3, buffer_ptr=0xb2f82510, buffer_len=6, flag=0, g_sc_ati_mux_port_a[port]->port_state=1 )
01-19 13:39:25.369757   178   616 E RIL_EMSD: [Phone ID:0,Function:sc_ati_channel_handle_status_flag,Line:1565][ATI][FLOW]: Not found matched channel!
01-19 13:39:25.369819   178   616 I RIL_EMSD: [Phone ID:0,Function:sc_ati_synchronous_mode_res,Line:272][ATI][FLOW]: mutex get
01-19 13:39:25.369881   178   616 I RIL_EMSD: [Phone ID:0,Function:sc_ati_synchronous_mode_res,Line:292][ATI][FLOW]: mutex put
01-19 13:39:25.369992   178   830 I RIL_EMSD: [Phone ID:0,Function:dt_send_synchronous_at_command,Line:878][ATI][FLOW]: 111 mutex get3
01-19 13:39:25.370093   178   830 I RIL_EMSD: [Phone ID:0,Function:sc_ati_give_back_mux_port,Line:1593][ATI][FUNC]: sc_ati_give_back_mux_port( port_num=3 )
01-19 13:39:25.370226   178   830 E RIL_EMSD: [Phone ID:0,Function:sc_ati_free_mux_buffer_queue,Line:1966][ATI][FLOW]: sc_ati_free_mux_buffer_queue entry port_num = 3!!!
01-19 13:39:25.370314   178   830 E RIL_EMSD: [Phone ID:0,Function:sc_ati_free_mux_buffer_queue,Line:1996][ATI][FLOW]: sc_ati_free_mux_buffer_queue exit.
01-19 13:39:25.370380   178   830 I RIL_EMSD: [Phone ID:0,Function:dt_send_synchronous_at_command,Line:917][ATI][FLOW]: 111 mutex put3
01-19 13:39:25.370478   178   832 I RIL_EMSD: [ATIEXT][FLOW]: channel(11)downlink: \r
01-19 13:39:25.370478   178   832 I RIL_EMSD: OK\r
01-19 13:39:25.370478   178   832 I RIL_EMSD: 
01-19 13:39:25.370622   981   994 D AT      : AT<[7] OK
01-19 13:39:25.370685   981   992 D AT      : AT>[7] AT+HLSERROR=1
01-19 13:39:25.370802   178   830 I RIL_EMSD: [ATIEXT][FUNC]: dt_at_handle_ext_cmd Process extend AT command!(,str_len =14, channel_id=11) 
01-19 13:39:25.370830   178   830 I RIL_EMSD: [ATIEXT][FLOW]: channel(11)uplink: AT+HLSERROR=1\r
01-19 13:39:25.370905   178   830 E RIL_EMSD: [Phone ID:0,Function:dt_open_at_channel,Line:187][ATI][FLOW]: Channel is used!
01-19 13:39:25.370990   178   830 I RIL_EMSD: [Phone ID:0,Function:sc_ati_at_cmd_trace,Line:2246][ATI][FLOW]: [AT CMD]Port03: AT+HLSERROR=1\\r
01-19 13:39:25.371031   178   830 I RIL_EMSD: [ATIEXT][FLOW]: Send to HLS result is 152!
01-19 13:39:25.372805   178   616 E RIL_EMSD: [Phone ID:0,Function:sc_ati_get_hls_data,Line:634][ATI][FLOW]: sc_ati_get_hls_data port_id: 3
01-19 13:39:25.372900   178   616 E RIL_EMSD: [Phone ID:0,Function:sc_ati_get_hls_data,Line:642][ATI][FLOW]: sc_ati_get_hls_data port_info_ptr->port_state:1
01-19 13:39:25.372986   178   616 E RIL_EMSD: [Phone ID:0,Function:sc_ati_get_hls_data,Line:655][ATI][FLOW]: sc_ati_get_hls_data port_info_ptr->resinfo_handle_ptr
01-19 13:39:25.373054   178   616 I RIL_EMSD: [Phone ID:0,Function:sc_ati_at_cmd_trace,Line:2246][ATI][FLOW]: [AT CMD]Port03: \\r\\nOK\\r\\n
01-19 13:39:25.373132   178   832 I RIL_EMSD: [ATIEXT][GVAL]: acm_modem_data_handle channel_id=b,buffer_len=6, flag=0
01-19 13:39:25.373180   178   832 I RIL_EMSD: [ATIEXT][FLOW]: channel(11)downlink: \r
01-19 13:39:25.373180   178   832 I RIL_EMSD: OK\r
01-19 13:39:25.373180   178   832 I RIL_EMSD: 
01-19 13:39:25.373308   981   994 D AT      : AT<[7] OK
01-19 13:39:25.373366   981   992 D AT      : AT>[7] AT^DPIRN=1
01-19 13:39:25.373476   178   830 I RIL_EMSD: [ATIEXT][FUNC]: dt_at_handle_ext_cmd Process extend AT command!(,str_len =11, channel_id=11) 
01-19 13:39:25.373503   178   830 I RIL_EMSD: [ATIEXT][FLOW]: channel(11)uplink: AT^DPIRN=1\r
01-19 13:39:25.373575   178   830 E RIL_EMSD: [Phone ID:0,Function:dt_open_at_channel,Line:187][ATI][FLOW]: Channel is used!
01-19 13:39:25.373653   178   830 I RIL_EMSD: [Phone ID:0,Function:sc_ati_at_cmd_trace,Line:2246][ATI][FLOW]: [AT CMD]Port03: AT^DPIRN=1\\r
01-19 13:39:25.373695   178   830 I RIL_EMSD: [ATIEXT][FLOW]: Send to HLS result is 154!
01-19 13:39:25.375491   178   616 E RIL_EMSD: [Phone ID:0,Function:sc_ati_get_hls_data,Line:634][ATI][FLOW]: sc_ati_get_hls_data port_id: 3
01-19 13:39:25.375585   178   616 E RIL_EMSD: [Phone ID:0,Function:sc_ati_get_hls_data,Line:642][ATI][FLOW]: sc_ati_get_hls_data port_info_ptr->port_state:1
01-19 13:39:25.375662   178   616 E RIL_EMSD: [Phone ID:0,Function:sc_ati_get_hls_data,Line:655][ATI][FLOW]: sc_ati_get_hls_data port_info_ptr->resinfo_handle_ptr
01-19 13:39:25.375731   178   616 I RIL_EMSD: [Phone ID:0,Function:sc_ati_at_cmd_trace,Line:2246][ATI][FLOW]: [AT CMD]Port03: \\r\\nOK\\r\\n
01-19 13:39:25.375806   178   832 I RIL_EMSD: [ATIEXT][GVAL]: acm_modem_data_handle channel_id=b,buffer_len=6, flag=0
01-19 13:39:25.375850   178   832 I RIL_EMSD: [ATIEXT][FLOW]: channel(11)downlink: \r
01-19 13:39:25.375850   178   832 I RIL_EMSD: OK\r
01-19 13:39:25.375850   178   832 I RIL_EMSD: 
01-19 13:39:25.375975   981   994 D AT      : AT<[7] OK
01-19 13:39:25.376032   981   992 D AT      : AT>[7] AT+CCWA=1
01-19 13:39:25.376155   178   830 I RIL_EMSD: [ATIEXT][FUNC]: dt_at_handle_ext_cmd Process extend AT command!(,str_len =10, channel_id=11) 
01-19 13:39:25.376184   178   830 I RIL_EMSD: [ATIEXT][FLOW]: channel(11)uplink: AT+CCWA=1\r
01-19 13:39:25.376254   178   830 E RIL_EMSD: [Phone ID:0,Function:dt_open_at_channel,Line:187][ATI][FLOW]: Channel is used!
01-19 13:39:25.376334   178   830 I RIL_EMSD: [Phone ID:0,Function:sc_ati_at_cmd_trace,Line:2246][ATI][FLOW]: [AT CMD]Port03: AT+CCWA=1\\r
01-19 13:39:25.376372   178   830 I RIL_EMSD: [ATIEXT][FLOW]: Send to HLS result is 156!
01-19 13:39:25.378008   178   616 E RIL_EMSD: [Phone ID:0,Function:sc_ati_get_hls_data,Line:634][ATI][FLOW]: sc_ati_get_hls_data port_id: 3
01-19 13:39:25.378104   178   616 E RIL_EMSD: [Phone ID:0,Function:sc_ati_get_hls_data,Line:642][ATI][FLOW]: sc_ati_get_hls_data port_info_ptr->port_state:1
01-19 13:39:25.378185   178   616 E RIL_EMSD: [Phone ID:0,Function:sc_ati_get_hls_data,Line:655][ATI][FLOW]: sc_ati_get_hls_data port_info_ptr->resinfo_handle_ptr
01-19 13:39:25.378256   178   616 I RIL_EMSD: [Phone ID:0,Function:sc_ati_at_cmd_trace,Line:2246][ATI][FLOW]: [AT CMD]Port03: \\r\\nOK\\r\\n
01-19 13:39:25.378331   178   832 I RIL_EMSD: [ATIEXT][GVAL]: acm_modem_data_handle channel_id=b,buffer_len=6, flag=0
01-19 13:39:25.378364   178   832 I RIL_EMSD: [ATIEXT][FLOW]: channel(11)downlink: \r
01-19 13:39:25.378364   178   832 I RIL_EMSD: OK\r
01-19 13:39:25.378364   178   832 I RIL_EMSD: 
01-19 13:39:25.378490   981   994 D AT      : AT<[7] OK
01-19 13:39:25.378540   981   992 D AT      : AT>[7] AT+CRC=1
01-19 13:39:25.378652   178   830 I RIL_EMSD: [ATIEXT][FUNC]: dt_at_handle_ext_cmd Process extend AT command!(,str_len =9, channel_id=11) 
01-19 13:39:25.378680   178   830 I RIL_EMSD: [ATIEXT][FLOW]: channel(11)uplink: AT+CRC=1\r
01-19 13:39:25.378749   178   830 E RIL_EMSD: [Phone ID:0,Function:dt_open_at_channel,Line:187][ATI][FLOW]: Channel is used!
01-19 13:39:25.378827   178   830 I RIL_EMSD: [Phone ID:0,Function:sc_ati_at_cmd_trace,Line:2246][ATI][FLOW]: [AT CMD]Port03: AT+CRC=1\\r
01-19 13:39:25.378867   178   830 I RIL_EMSD: [ATIEXT][FLOW]: Send to HLS result is 158!
01-19 13:39:25.380553   178   616 E RIL_EMSD: [Phone ID:0,Function:sc_ati_get_hls_data,Line:634][ATI][FLOW]: sc_ati_get_hls_data port_id: 3
01-19 13:39:25.380645   178   616 E RIL_EMSD: [Phone ID:0,Function:sc_ati_get_hls_data,Line:642][ATI][FLOW]: sc_ati_get_hls_data port_info_ptr->port_state:1
01-19 13:39:25.380724   178   616 E RIL_EMSD: [Phone ID:0,Function:sc_ati_get_hls_data,Line:655][ATI][FLOW]: sc_ati_get_hls_data port_info_ptr->resinfo_handle_ptr
01-19 13:39:25.380792   178   616 I RIL_EMSD: [Phone ID:0,Function:sc_ati_at_cmd_trace,Line:2246][ATI][FLOW]: [AT CMD]Port03: \\r\\nOK\\r\\n
01-19 13:39:25.380869   178   832 I RIL_EMSD: [ATIEXT][GVAL]: acm_modem_data_handle channel_id=b,buffer_len=6, flag=0
01-19 13:39:25.380904   178   832 I RIL_EMSD: [ATIEXT][FLOW]: channel(11)downlink: \r
01-19 13:39:25.380904   178   832 I RIL_EMSD: OK\r
01-19 13:39:25.380904   178   832 I RIL_EMSD: 
01-19 13:39:25.381026   981   994 D AT      : AT<[7] OK
01-19 13:39:25.381082   981   992 D AT      : AT>[7] AT+CLIP=1
01-19 13:39:25.381198   178   830 I RIL_EMSD: [ATIEXT][FUNC]: dt_at_handle_ext_cmd Process extend AT command!(,str_len =10, channel_id=11) 
01-19 13:39:25.381226   178   830 I RIL_EMSD: [ATIEXT][FLOW]: channel(11)uplink: AT+CLIP=1\r
01-19 13:39:25.381298   178   830 E RIL_EMSD: [Phone ID:0,Function:dt_open_at_channel,Line:187][ATI][FLOW]: Channel is used!
01-19 13:39:25.381378   178   830 I RIL_EMSD: [Phone ID:0,Function:sc_ati_at_cmd_trace,Line:2246][ATI][FLOW]: [AT CMD]Port03: AT+CLIP=1\\r
01-19 13:39:25.381416   178   830 I RIL_EMSD: [ATIEXT][FLOW]: Send to HLS result is 160!
01-19 13:39:25.386199   178   616 E RIL_EMSD: [Phone ID:0,Function:sc_ati_get_hls_data,Line:634][ATI][FLOW]: sc_ati_get_hls_data port_id: 3
01-19 13:39:25.386309   178   616 E RIL_EMSD: [Phone ID:0,Function:sc_ati_get_hls_data,Line:642][ATI][FLOW]: sc_ati_get_hls_data port_info_ptr->port_state:1
01-19 13:39:25.386391   178   616 E RIL_EMSD: [Phone ID:0,Function:sc_ati_get_hls_data,Line:655][ATI][FLOW]: sc_ati_get_hls_data port_info_ptr->resinfo_handle_ptr
01-19 13:39:25.386459   178   616 I RIL_EMSD: [Phone ID:0,Function:sc_ati_at_cmd_trace,Line:2246][ATI][FLOW]: [AT CMD]Port03: \\r\\nOK\\r\\n
01-19 13:39:25.386543   178   832 I RIL_EMSD: [ATIEXT][GVAL]: acm_modem_data_handle channel_id=b,buffer_len=6, flag=0
01-19 13:39:25.386581   178   832 I RIL_EMSD: [ATIEXT][FLOW]: channel(11)downlink: \r
01-19 13:39:25.386581   178   832 I RIL_EMSD: OK\r
01-19 13:39:25.386581   178   832 I RIL_EMSD: 
01-19 13:39:25.386718   981   994 D AT      : AT<[7] OK
01-19 13:39:25.386773   981   992 D AT      : AT>[7] AT+COLP=1
01-19 13:39:25.386898   178   830 I RIL_EMSD: [ATIEXT][FUNC]: dt_at_handle_ext_cmd Process extend AT command!(,str_len =10, channel_id=11) 
01-19 13:39:25.386923   178   830 I RIL_EMSD: [ATIEXT][FLOW]: channel(11)uplink: AT+COLP=1\r
01-19 13:39:25.386998   178   830 E RIL_EMSD: [Phone ID:0,Function:dt_open_at_channel,Line:187][ATI][FLOW]: Channel is used!
01-19 13:39:25.387072   178   830 I RIL_EMSD: [Phone ID:0,Function:sc_ati_at_cmd_trace,Line:2246][ATI][FLOW]: [AT CMD]Port03: AT+COLP=1\\r
01-19 13:39:25.387114   178   830 I RIL_EMSD: [ATIEXT][FLOW]: Send to HLS result is 162!
01-19 13:39:25.393166   178   616 E RIL_EMSD: [Phone ID:0,Function:sc_ati_get_hls_data,Line:634][ATI][FLOW]: sc_ati_get_hls_data port_id: 3
01-19 13:39:25.393275   178   616 E RIL_EMSD: [Phone ID:0,Function:sc_ati_get_hls_data,Line:642][ATI][FLOW]: sc_ati_get_hls_data port_info_ptr->port_state:1
01-19 13:39:25.393359   178   616 E RIL_EMSD: [Phone ID:0,Function:sc_ati_get_hls_data,Line:655][ATI][FLOW]: sc_ati_get_hls_data port_info_ptr->resinfo_handle_ptr
01-19 13:39:25.393428   178   616 I RIL_EMSD: [Phone ID:0,Function:sc_ati_at_cmd_trace,Line:2246][ATI][FLOW]: [AT CMD]Port03: \\r\\nOK\\r\\n
01-19 13:39:25.393519   178   832 I RIL_EMSD: [ATIEXT][GVAL]: acm_modem_data_handle channel_id=b,buffer_len=6, flag=0
01-19 13:39:25.393558   178   832 I RIL_EMSD: [ATIEXT][FLOW]: channel(11)downlink: \r
01-19 13:39:25.393558   178   832 I RIL_EMSD: OK\r
01-19 13:39:25.393558   178   832 I RIL_EMSD: 
01-19 13:39:25.393713   981   994 D AT      : AT<[7] OK
01-19 13:39:25.393906   981   992 D AT      : AT>[7] AT+CREG=2
01-19 13:39:25.394044   178   830 I RIL_EMSD: [ATIEXT][FUNC]: dt_at_handle_ext_cmd Process extend AT command!(,str_len =10, channel_id=11) 
01-19 13:39:25.394071   178   830 I RIL_EMSD: [ATIEXT][FLOW]: channel(11)uplink: AT+CREG=2\r
01-19 13:39:25.394156   178   830 E RIL_EMSD: [Phone ID:0,Function:dt_open_at_channel,Line:187][ATI][FLOW]: Channel is used!
01-19 13:39:25.394254   178   830 I RIL_EMSD: [Phone ID:0,Function:sc_ati_at_cmd_trace,Line:2246][ATI][FLOW]: [AT CMD]Port03: AT+CREG=2\\r
01-19 13:39:25.394304   178   830 I RIL_EMSD: [ATIEXT][FLOW]: Send to HLS result is 164!
01-19 13:39:25.397210   178   616 E RIL_EMSD: [Phone ID:0,Function:sc_ati_get_hls_data,Line:634][ATI][FLOW]: sc_ati_get_hls_data port_id: 3
01-19 13:39:25.397299   178   616 E RIL_EMSD: [Phone ID:0,Function:sc_ati_get_hls_data,Line:642][ATI][FLOW]: sc_ati_get_hls_data port_info_ptr->port_state:1
01-19 13:39:25.397376   178   616 E RIL_EMSD: [Phone ID:0,Function:sc_ati_get_hls_data,Line:655][ATI][FLOW]: sc_ati_get_hls_data port_info_ptr->resinfo_handle_ptr
01-19 13:39:25.397444   178   616 I RIL_EMSD: [Phone ID:0,Function:sc_ati_at_cmd_trace,Line:2246][ATI][FLOW]: [AT CMD]Port03: \\r\\nOK\\r\\n
01-19 13:39:25.397534   178   832 I RIL_EMSD: [ATIEXT][GVAL]: acm_modem_data_handle channel_id=b,buffer_len=6, flag=0
01-19 13:39:25.397567   178   832 I RIL_EMSD: [ATIEXT][FLOW]: channel(11)downlink: \r
01-19 13:39:25.397567   178   832 I RIL_EMSD: OK\r
01-19 13:39:25.397567   178   832 I RIL_EMSD: 
01-19 13:39:25.397704   981   994 D AT      : AT<[7] OK
01-19 13:39:25.397753   981   992 D AT      : AT>[7] AT+CGREG=2
01-19 13:39:25.397875   178   830 I RIL_EMSD: [ATIEXT][FUNC]: dt_at_handle_ext_cmd Process extend AT command!(,str_len =11, channel_id=11) 
01-19 13:39:25.397902   178   830 I RIL_EMSD: [ATIEXT][FLOW]: channel(11)uplink: AT+CGREG=2\r
01-19 13:39:25.397970   178   830 E RIL_EMSD: [Phone ID:0,Function:dt_open_at_channel,Line:187][ATI][FLOW]: Channel is used!
01-19 13:39:25.398044   178   830 I RIL_EMSD: [Phone ID:0,Function:sc_ati_at_cmd_trace,Line:2246][ATI][FLOW]: [AT CMD]Port03: AT+CGREG=2\\r
01-19 13:39:25.398082   178   830 I RIL_EMSD: [ATIEXT][FLOW]: Send to HLS result is 166!
01-19 13:39:25.400995   178   616 E RIL_EMSD: [Phone ID:0,Function:sc_ati_get_hls_data,Line:634][ATI][FLOW]: sc_ati_get_hls_data port_id: 3
01-19 13:39:25.401111   178   616 E RIL_EMSD: [Phone ID:0,Function:sc_ati_get_hls_data,Line:642][ATI][FLOW]: sc_ati_get_hls_data port_info_ptr->port_state:1
01-19 13:39:25.401214   178   616 E RIL_EMSD: [Phone ID:0,Function:sc_ati_get_hls_data,Line:655][ATI][FLOW]: sc_ati_get_hls_data port_info_ptr->resinfo_handle_ptr
01-19 13:39:25.401292   178   616 I RIL_EMSD: [Phone ID:0,Function:sc_ati_at_cmd_trace,Line:2246][ATI][FLOW]: [AT CMD]Port03: \\r\\nOK\\r\\n
01-19 13:39:25.401371   178   832 I RIL_EMSD: [ATIEXT][GVAL]: acm_modem_data_handle channel_id=b,buffer_len=6, flag=0
01-19 13:39:25.401411   178   832 I RIL_EMSD: [ATIEXT][FLOW]: channel(11)downlink: \r
01-19 13:39:25.401411   178   832 I RIL_EMSD: OK\r
01-19 13:39:25.401411   178   832 I RIL_EMSD: 
01-19 13:39:25.401554   981   994 D AT      : AT<[7] OK
01-19 13:39:25.401618   981   992 D AT      : AT>[7] AT^DACTI=1
01-19 13:39:25.401754   178   830 I RIL_EMSD: [ATIEXT][FUNC]: dt_at_handle_ext_cmd Process extend AT command!(,str_len =11, channel_id=11) 
01-19 13:39:25.401787   178   830 I RIL_EMSD: [ATIEXT][FLOW]: channel(11)uplink: AT^DACTI=1\r
01-19 13:39:25.401857   178   830 E RIL_EMSD: [Phone ID:0,Function:dt_open_at_channel,Line:187][ATI][FLOW]: Channel is used!
01-19 13:39:25.401933   178   830 I RIL_EMSD: [Phone ID:0,Function:sc_ati_at_cmd_trace,Line:2246][ATI][FLOW]: [AT CMD]Port03: AT^DACTI=1\\r
01-19 13:39:25.401983   178   830 I RIL_EMSD: [ATIEXT][FLOW]: Send to HLS result is 168!
01-19 13:39:25.403364   178   616 E RIL_EMSD: [Phone ID:0,Function:sc_ati_get_hls_data,Line:634][ATI][FLOW]: sc_ati_get_hls_data port_id: 3
01-19 13:39:25.403461   178   616 E RIL_EMSD: [Phone ID:0,Function:sc_ati_get_hls_data,Line:642][ATI][FLOW]: sc_ati_get_hls_data port_info_ptr->port_state:1
01-19 13:39:25.403541   178   616 E RIL_EMSD: [Phone ID:0,Function:sc_ati_get_hls_data,Line:655][ATI][FLOW]: sc_ati_get_hls_data port_info_ptr->resinfo_handle_ptr
01-19 13:39:25.403615   178   616 I RIL_EMSD: [Phone ID:0,Function:sc_ati_at_cmd_trace,Line:2246][ATI][FLOW]: [AT CMD]Port03: \\r\\nOK\\r\\n
01-19 13:39:25.403694   178   832 I RIL_EMSD: [ATIEXT][GVAL]: acm_modem_data_handle channel_id=b,buffer_len=6, flag=0
01-19 13:39:25.403732   178   832 I RIL_EMSD: [ATIEXT][FLOW]: channel(11)downlink: \r
01-19 13:39:25.403732   178   832 I RIL_EMSD: OK\r
01-19 13:39:25.403732   178   832 I RIL_EMSD: 
01-19 13:39:25.403869   981   994 D AT      : AT<[7] OK
01-19 13:39:25.403925   981   992 D AT      : AT>[7] AT^DCINFO=1
01-19 13:39:25.404041   178   830 I RIL_EMSD: [ATIEXT][FUNC]: dt_at_handle_ext_cmd Process extend AT command!(,str_len =12, channel_id=11) 
01-19 13:39:25.404067   178   830 I RIL_EMSD: [ATIEXT][FLOW]: channel(11)uplink: AT^DCINFO=1\r
01-19 13:39:25.404142   178   830 E RIL_EMSD: [Phone ID:0,Function:dt_open_at_channel,Line:187][ATI][FLOW]: Channel is used!
01-19 13:39:25.404225   178   830 I RIL_EMSD: [Phone ID:0,Function:sc_ati_at_cmd_trace,Line:2246][ATI][FLOW]: [AT CMD]Port03: AT^DCINFO=1\\r
01-19 13:39:25.404275   178   830 I RIL_EMSD: [ATIEXT][FLOW]: Send to HLS result is 170!
01-19 13:39:25.405706   178   616 E RIL_EMSD: [Phone ID:0,Function:sc_ati_get_hls_data,Line:634][ATI][FLOW]: sc_ati_get_hls_data port_id: 3
01-19 13:39:25.405807   178   616 E RIL_EMSD: [Phone ID:0,Function:sc_ati_get_hls_data,Line:642][ATI][FLOW]: sc_ati_get_hls_data port_info_ptr->port_state:1
01-19 13:39:25.405891   178   616 E RIL_EMSD: [Phone ID:0,Function:sc_ati_get_hls_data,Line:655][ATI][FLOW]: sc_ati_get_hls_data port_info_ptr->resinfo_handle_ptr
01-19 13:39:25.405958   178   616 I RIL_EMSD: [Phone ID:0,Function:sc_ati_at_cmd_trace,Line:2246][ATI][FLOW]: [AT CMD]Port03: \\r\\nOK\\r\\n
01-19 13:39:25.406029   178   832 I RIL_EMSD: [ATIEXT][GVAL]: acm_modem_data_handle channel_id=b,buffer_len=6, flag=0
01-19 13:39:25.406063   178   832 I RIL_EMSD: [ATIEXT][FLOW]: channel(11)downlink: \r
01-19 13:39:25.406063   178   832 I RIL_EMSD: OK\r
01-19 13:39:25.406063   178   832 I RIL_EMSD: 
01-19 13:39:25.406187   981   994 D AT      : AT<[7] OK
01-19 13:39:25.406244   981   992 D AT      : AT>[7] AT^DSQRP=5
01-19 13:39:25.406358   178   830 I RIL_EMSD: [ATIEXT][FUNC]: dt_at_handle_ext_cmd Process extend AT command!(,str_len =11, channel_id=11) 
01-19 13:39:25.406385   178   830 I RIL_EMSD: [ATIEXT][FLOW]: channel(11)uplink: AT^DSQRP=5\r
01-19 13:39:25.406456   178   830 E RIL_EMSD: [Phone ID:0,Function:dt_open_at_channel,Line:187][ATI][FLOW]: Channel is used!
01-19 13:39:25.406541   178   830 I RIL_EMSD: [Phone ID:0,Function:sc_ati_at_cmd_trace,Line:2246][ATI][FLOW]: [AT CMD]Port03: AT^DSQRP=5\\r
01-19 13:39:25.406580   178   830 I RIL_EMSD: [ATIEXT][FLOW]: Send to HLS result is 172!
01-19 13:39:25.412023   178   616 E RIL_EMSD: [Phone ID:0,Function:sc_ati_get_hls_data,Line:634][ATI][FLOW]: sc_ati_get_hls_data port_id: 3
01-19 13:39:25.412131   178   616 E RIL_EMSD: [Phone ID:0,Function:sc_ati_get_hls_data,Line:642][ATI][FLOW]: sc_ati_get_hls_data port_info_ptr->port_state:1
01-19 13:39:25.412215   178   616 E RIL_EMSD: [Phone ID:0,Function:sc_ati_get_hls_data,Line:655][ATI][FLOW]: sc_ati_get_hls_data port_info_ptr->resinfo_handle_ptr
01-19 13:39:25.412287   178   616 I RIL_EMSD: [Phone ID:0,Function:sc_ati_at_cmd_trace,Line:2246][ATI][FLOW]: [AT CMD]Port03: \\r\\nOK\\r\\n
01-19 13:39:25.412368   178   832 I RIL_EMSD: [ATIEXT][GVAL]: acm_modem_data_handle channel_id=b,buffer_len=6, flag=0
01-19 13:39:25.412407   178   832 I RIL_EMSD: [ATIEXT][FLOW]: channel(11)downlink: \r
01-19 13:39:25.412407   178   832 I RIL_EMSD: OK\r
01-19 13:39:25.412407   178   832 I RIL_EMSD: 
01-19 13:39:25.412555   981   994 D AT      : AT<[7] OK
01-19 13:39:25.412616   981   992 D AT      : AT>[7] AT^DSQ=1
01-19 13:39:25.412738   178   830 I RIL_EMSD: [ATIEXT][FUNC]: dt_at_handle_ext_cmd Process extend AT command!(,str_len =9, channel_id=11) 
01-19 13:39:25.412766   178   830 I RIL_EMSD: [ATIEXT][FLOW]: channel(11)uplink: AT^DSQ=1\r
01-19 13:39:25.412840   178   830 E RIL_EMSD: [Phone ID:0,Function:dt_open_at_channel,Line:187][ATI][FLOW]: Channel is used!
01-19 13:39:25.412915   178   830 I RIL_EMSD: [Phone ID:0,Function:sc_ati_at_cmd_trace,Line:2246][ATI][FLOW]: [AT CMD]Port03: AT^DSQ=1\\r
01-19 13:39:25.412956   178   830 I RIL_EMSD: [ATIEXT][FLOW]: Send to HLS result is 174!
01-19 13:39:25.415868   178   616 E RIL_EMSD: [Phone ID:0,Function:sc_ati_get_hls_data,Line:634][ATI][FLOW]: sc_ati_get_hls_data port_id: 3
01-19 13:39:25.415966   178   616 E RIL_EMSD: [Phone ID:0,Function:sc_ati_get_hls_data,Line:642][ATI][FLOW]: sc_ati_get_hls_data port_info_ptr->port_state:1
01-19 13:39:25.416043   178   616 E RIL_EMSD: [Phone ID:0,Function:sc_ati_get_hls_data,Line:655][ATI][FLOW]: sc_ati_get_hls_data port_info_ptr->resinfo_handle_ptr
01-19 13:39:25.416109   178   616 I RIL_EMSD: [Phone ID:0,Function:sc_ati_at_cmd_trace,Line:2246][ATI][FLOW]: [AT CMD]Port03: \\r\\n+CME ERROR: 100\\r
01-19 13:39:25.416256   178   832 I RIL_EMSD: [ATIEXT][GVAL]: acm_modem_data_handle channel_id=b,buffer_len=19, flag=0
01-19 13:39:25.416293   178   832 I RIL_EMSD: [ATIEXT][FLOW]: channel(11)downlink: \r
01-19 13:39:25.416293   178   832 I RIL_EMSD: +CME ERROR: 100\r
01-19 13:39:25.416293   178   832 I RIL_EMSD: 
01-19 13:39:25.416434   981   994 D AT      : AT<[7] +CME ERROR: 100
01-19 13:39:25.416514   981   992 D AT      : AT>[7] AT^DGSQ=1
01-19 13:39:25.416649   178   830 I RIL_EMSD: [ATIEXT][FUNC]: dt_at_handle_ext_cmd Process extend AT command!(,str_len =10, channel_id=11) 
01-19 13:39:25.416681   178   830 I RIL_EMSD: [ATIEXT][FLOW]: channel(11)uplink: AT^DGSQ=1\r
01-19 13:39:25.416772   178   830 E RIL_EMSD: [Phone ID:0,Function:dt_open_at_channel,Line:187][ATI][FLOW]: Channel is used!
01-19 13:39:25.416849   178   830 I RIL_EMSD: [Phone ID:0,Function:sc_ati_at_cmd_trace,Line:2246][ATI][FLOW]: [AT CMD]Port03: AT^DGSQ=1\\r
01-19 13:39:25.416893   178   830 I RIL_EMSD: [ATIEXT][FLOW]: Send to HLS result is 176!
01-19 13:39:25.419829   178   616 E RIL_EMSD: [Phone ID:0,Function:sc_ati_get_hls_data,Line:634][ATI][FLOW]: sc_ati_get_hls_data port_id: 3
01-19 13:39:25.419938   178   616 E RIL_EMSD: [Phone ID:0,Function:sc_ati_get_hls_data,Line:642][ATI][FLOW]: sc_ati_get_hls_data port_info_ptr->port_state:1
01-19 13:39:25.420019   178   616 E RIL_EMSD: [Phone ID:0,Function:sc_ati_get_hls_data,Line:655][ATI][FLOW]: sc_ati_get_hls_data port_info_ptr->resinfo_handle_ptr
01-19 13:39:25.420086   178   616 I RIL_EMSD: [Phone ID:0,Function:sc_ati_at_cmd_trace,Line:2246][ATI][FLOW]: [AT CMD]Port03: \\r\\nOK\\r\\n
01-19 13:39:25.420169   178   832 I RIL_EMSD: [ATIEXT][GVAL]: acm_modem_data_handle channel_id=b,buffer_len=6, flag=0
01-19 13:39:25.420277   178   832 I RIL_EMSD: [ATIEXT][FLOW]: channel(11)downlink: \r
01-19 13:39:25.420277   178   832 I RIL_EMSD: OK\r
01-19 13:39:25.420277   178   832 I RIL_EMSD: 
01-19 13:39:25.420447   981   994 D AT      : AT<[7] OK
01-19 13:39:25.420510   981   992 D AT      : AT>[7] AT^DESQ=1
01-19 13:39:25.420657   178   830 I RIL_EMSD: [ATIEXT][FUNC]: dt_at_handle_ext_cmd Process extend AT command!(,str_len =10, channel_id=11) 
01-19 13:39:25.420689   178   830 I RIL_EMSD: [ATIEXT][FLOW]: channel(11)uplink: AT^DESQ=1\r
01-19 13:39:25.420771   178   830 E RIL_EMSD: [Phone ID:0,Function:dt_open_at_channel,Line:187][ATI][FLOW]: Channel is used!
01-19 13:39:25.420851   178   830 I RIL_EMSD: [Phone ID:0,Function:sc_ati_at_cmd_trace,Line:2246][ATI][FLOW]: [AT CMD]Port03: AT^DESQ=1\\r
01-19 13:39:25.420898   178   830 I RIL_EMSD: [ATIEXT][FLOW]: Send to HLS result is 178!
01-19 13:39:25.425175   178   616 E RIL_EMSD: [Phone ID:0,Function:sc_ati_get_hls_data,Line:634][ATI][FLOW]: sc_ati_get_hls_data port_id: 3
01-19 13:39:25.425278   178   616 E RIL_EMSD: [Phone ID:0,Function:sc_ati_get_hls_data,Line:642][ATI][FLOW]: sc_ati_get_hls_data port_info_ptr->port_state:1
01-19 13:39:25.425357   178   616 E RIL_EMSD: [Phone ID:0,Function:sc_ati_get_hls_data,Line:655][ATI][FLOW]: sc_ati_get_hls_data port_info_ptr->resinfo_handle_ptr
01-19 13:39:25.425429   178   616 I RIL_EMSD: [Phone ID:0,Function:sc_ati_at_cmd_trace,Line:2246][ATI][FLOW]: [AT CMD]Port03: \\r\\n+CME ERROR: 100\\r
01-19 13:39:25.425520   178   832 I RIL_EMSD: [ATIEXT][GVAL]: acm_modem_data_handle channel_id=b,buffer_len=19, flag=0
01-19 13:39:25.425557   178   832 I RIL_EMSD: [ATIEXT][FLOW]: channel(11)downlink: \r
01-19 13:39:25.425557   178   832 I RIL_EMSD: +CME ERROR: 100\r
01-19 13:39:25.425557   178   832 I RIL_EMSD: 
01-19 13:39:25.425709   981   994 D AT      : AT<[7] +CME ERROR: 100
01-19 13:39:25.425776   981   992 D AT      : AT>[7] AT+CMER=2,0,0,2,0
01-19 13:39:25.425907   178   830 I RIL_EMSD: [ATIEXT][FUNC]: dt_at_handle_ext_cmd Process extend AT command!(,str_len =18, channel_id=11) 
01-19 13:39:25.425942   178   830 I RIL_EMSD: [ATIEXT][FLOW]: channel(11)uplink: AT+CMER=2,0,0,2,0\r
01-19 13:39:25.426031   178   830 E RIL_EMSD: [Phone ID:0,Function:dt_open_at_channel,Line:187][ATI][FLOW]: Channel is used!
01-19 13:39:25.426128   178   830 I RIL_EMSD: [Phone ID:0,Function:sc_ati_at_cmd_trace,Line:2246][ATI][FLOW]: [AT CMD]Port03: AT+CMER=2,0,0,2,0\\r
01-19 13:39:25.426198   178   830 I RIL_EMSD: [ATIEXT][FLOW]: Send to HLS result is 180!
01-19 13:39:25.435967   178   616 E RIL_EMSD: [Phone ID:0,Function:sc_ati_get_hls_data,Line:634][ATI][FLOW]: sc_ati_get_hls_data port_id: 3
01-19 13:39:25.436114   178   616 E RIL_EMSD: [Phone ID:0,Function:sc_ati_get_hls_data,Line:642][ATI][FLOW]: sc_ati_get_hls_data port_info_ptr->port_state:1
01-19 13:39:25.436243   178   616 E RIL_EMSD: [Phone ID:0,Function:sc_ati_get_hls_data,Line:655][ATI][FLOW]: sc_ati_get_hls_data port_info_ptr->resinfo_handle_ptr
01-19 13:39:25.436366   178   616 I RIL_EMSD: [Phone ID:0,Function:sc_ati_at_cmd_trace,Line:2246][ATI][FLOW]: [AT CMD]Port03: \\r\\n+CIEV: 1,0\\r\\n+CI
01-19 13:39:25.436488   178   832 I RIL_EMSD: [ATIEXT][GVAL]: acm_modem_data_handle channel_id=b,buffer_len=104, flag=0
01-19 13:39:25.436533   178   832 I RIL_EMSD: [ATIEXT][FLOW]: channel(11)downlink: \r
01-19 13:39:25.436533   178   832 I RIL_EMSD: +CIEV: 1,0\r
01-19 13:39:25.436533   178   832 I RIL_EMSD: +CIEV: 2,0\r
01-19 13:39:25.436533   178   832 I RIL_EMSD: +CIEV: 3,0\r
01-19 13:39:25.436533   178   832 I RIL_EMSD: +CIEV: 4,0\r
01-19 13:39:25.436702   981   994 D AT      : AT<[7] +CIEV: 1,0
01-19 13:39:25.436778   981   994 D RIL     : >>> new onUnsolicited = +CIEV: 1,0
01-19 13:39:25.436836   981   994 D AT      : AT<[7] +CIEV: 2,0
01-19 13:39:25.436860   981   994 D RIL     : >>> new onUnsolicited = +CIEV: 2,0
01-19 13:39:25.436912   981   994 D AT      : AT<[7] +CIEV: 3,0
01-19 13:39:25.436930   981   994 D RIL     : >>> new onUnsolicited = +CIEV: 3,0
01-19 13:39:25.436949   981   994 D AT      : AT<[7] +CIEV: 4,0
01-19 13:39:25.436968   981   994 D RIL     : >>> new onUnsolicited = +CIEV: 4,0
01-19 13:39:25.436989   981   994 D AT      : AT<[7] +CIEV: 5,0
01-19 13:39:25.437007   981   994 D RIL     : >>> new onUnsolicited = +CIEV: 5,0
01-19 13:39:25.437030   981   994 D AT      : AT<[7] +CIEV: 6,0
01-19 13:39:25.437050   981   994 D RIL     : >>> new onUnsolicited = +CIEV: 6,0
01-19 13:39:25.437070   981   994 D AT      : AT<[7] +CIEV: 7,0
01-19 13:39:25.437086   981   994 D RIL     : >>> new onUnsolicited = +CIEV: 7,0
01-19 13:39:25.437105   981   994 D AT      : AT<[7] +CIEV: 8,0
01-19 13:39:25.437123   981   994 D RIL     : >>> new onUnsolicited = +CIEV: 8,0
01-19 13:39:25.437168   981   994 D RIL     : ===SM memory storage:(0),g_sim_exist=0
01-19 13:39:25.437238   981   994 D AT      : AT<[7] OK
01-19 13:39:25.437250   178   616 E RIL_EMSD: [Phone ID:0,Function:sc_ati_get_hls_data,Line:634][ATI][FLOW]: sc_ati_get_hls_data port_id: 1
01-19 13:39:25.437345   178   616 E RIL_EMSD: [Phone ID:0,Function:sc_ati_get_hls_data,Line:642][ATI][FLOW]: sc_ati_get_hls_data port_info_ptr->port_state:1
01-19 13:39:25.437429   178   616 E RIL_EMSD: [Phone ID:0,Function:sc_ati_get_hls_data,Line:648][ATI][FLOW]: sc_ati_get_hls_data  port_info_ptr->dealwith_resinfo_fun_ptr
01-19 13:39:25.437517   178   616 I RIL_EMSD: [Phone ID:0,Function:sc_ati_at_cmd_trace,Line:2246][ATI][FLOW]: [AT CMD]Port01: \\r\\n+CREG: 0\\r\\n
01-19 13:39:25.437692   178   616 I RIL_EMSD: [Phone ID:0,Function:sc_ati_dealwith_unsol_code,Line:200][ATI][FUNC]: Unsolicited CMD handle result:4294967295
01-19 13:39:25.437752   981   992 D AT      : AT>[7] AT^DSCI=1
01-19 13:39:25.437772   178   832 I RIL_EMSD: [ATIEXT][GVAL]: acm_modem_data_handle channel_id=b,buffer_len=12, flag=0
01-19 13:39:25.437838   178   616 E RIL_EMSD: [Phone ID:0,Function:sc_ati_free_mux_buffer_queue,Line:1966][ATI][FLOW]: sc_ati_free_mux_buffer_queue entry port_num = 0!!!
01-19 13:39:25.437880   178   832 I RIL_EMSD: [ATIEXT][FLOW]: channel(11)downlink: \r
01-19 13:39:25.437880   178   832 I RIL_EMSD: +CREG: 0\r
01-19 13:39:25.437880   178   832 I RIL_EMSD: 
01-19 13:39:25.437930   178   830 I RIL_EMSD: [ATIEXT][FUNC]: dt_at_handle_ext_cmd Process extend AT command!(,str_len =10, channel_id=11) 
01-19 13:39:25.437964   178   830 I RIL_EMSD: [ATIEXT][FLOW]: channel(11)uplink: AT^DSCI=1\r
01-19 13:39:25.438015   178   616 E RIL_EMSD: [Phone ID:0,Function:sc_ati_free_mux_buffer_queue,Line:1996][ATI][FLOW]: sc_ati_free_mux_buffer_queue exit.
01-19 13:39:25.438077   981   994 D AT      : AT<[7] +CREG: 0
01-19 13:39:25.438099   981   994 D RIL     : >>> new onUnsolicited = +CREG: 0
01-19 13:39:25.438100   178   830 E RIL_EMSD: [Phone ID:0,Function:dt_open_at_channel,Line:187][ATI][FLOW]: Channel is used!
01-19 13:39:25.438124   981   994 D RIL     : +CREG: at_tok_hasnotmore
01-19 13:39:25.438148   981   994 D RIL     : creg: mNetState = 0, newState = 0, g_pukLock = 0
01-19 13:39:25.438188   981   994 D RIL     : not timer: unsolicited
01-19 13:39:25.438190   178   830 I RIL_EMSD: [Phone ID:0,Function:sc_ati_at_cmd_trace,Line:2246][ATI][FLOW]: [AT CMD]Port03: AT^DSCI=1\\r
01-19 13:39:25.438235   178   830 I RIL_EMSD: [ATIEXT][FLOW]: Send to HLS result is 182!
01-19 13:39:25.439682   178   616 E RIL_EMSD: [Phone ID:0,Function:sc_ati_get_hls_data,Line:634][ATI][FLOW]: sc_ati_get_hls_data port_id: 3
01-19 13:39:25.439773   178   616 E RIL_EMSD: [Phone ID:0,Function:sc_ati_get_hls_data,Line:642][ATI][FLOW]: sc_ati_get_hls_data port_info_ptr->port_state:1
01-19 13:39:25.439869   178   616 E RIL_EMSD: [Phone ID:0,Function:sc_ati_get_hls_data,Line:655][ATI][FLOW]: sc_ati_get_hls_data port_info_ptr->resinfo_handle_ptr
01-19 13:39:25.439947   178   616 I RIL_EMSD: [Phone ID:0,Function:sc_ati_at_cmd_trace,Line:2246][ATI][FLOW]: [AT CMD]Port03: \\r\\nOK\\r\\n
01-19 13:39:25.440033   178   832 I RIL_EMSD: [ATIEXT][GVAL]: acm_modem_data_handle channel_id=b,buffer_len=6, flag=0
01-19 13:39:25.440068   178   832 I RIL_EMSD: [ATIEXT][FLOW]: channel(11)downlink: \r
01-19 13:39:25.440068   178   832 I RIL_EMSD: OK\r
01-19 13:39:25.440068   178   832 I RIL_EMSD: 
01-19 13:39:25.440233   981   994 D AT      : AT<[7] OK
01-19 13:39:25.440307   981   992 D AT      : AT>[7] AT^DTSER
01-19 13:39:25.440444   178   830 I RIL_EMSD: [ATIEXT][FUNC]: dt_at_handle_ext_cmd Process extend AT command!(,str_len =9, channel_id=11) 
01-19 13:39:25.440481   178   830 I RIL_EMSD: [ATIEXT][FLOW]: channel(11)uplink: AT^DTSER\r
01-19 13:39:25.440534   178   616 E RIL_EMSD: [Phone ID:0,Function:sc_ati_get_hls_data,Line:634][ATI][FLOW]: sc_ati_get_hls_data port_id: 1
01-19 13:39:25.440631   178   616 E RIL_EMSD: [Phone ID:0,Function:sc_ati_get_hls_data,Line:642][ATI][FLOW]: sc_ati_get_hls_data port_info_ptr->port_state:1
01-19 13:39:25.440734   178   616 E RIL_EMSD: [Phone ID:0,Function:sc_ati_get_hls_data,Line:648][ATI][FLOW]: sc_ati_get_hls_data  port_info_ptr->dealwith_resinfo_fun_ptr
01-19 13:39:25.440823   178   616 I RIL_EMSD: [Phone ID:0,Function:sc_ati_at_cmd_trace,Line:2246][ATI][FLOW]: [AT CMD]Port01: \\r\\n+CGREG: 0\\r\\n
01-19 13:39:25.440933   178   830 E RIL_EMSD: [Phone ID:0,Function:dt_open_at_channel,Line:187][ATI][FLOW]: Channel is used!
01-19 13:39:25.441046   178   616 I RIL_EMSD: [Phone ID:0,Function:sc_ati_dealwith_unsol_code,Line:200][ATI][FUNC]: Unsolicited CMD handle result:4294967295
01-19 13:39:25.441105   178   832 I RIL_EMSD: [ATIEXT][GVAL]: acm_modem_data_handle channel_id=b,buffer_len=13, flag=0
01-19 13:39:25.441168   178   616 E RIL_EMSD: [Phone ID:0,Function:sc_ati_free_mux_buffer_queue,Line:1966][ATI][FLOW]: sc_ati_free_mux_buffer_queue entry port_num = 0!!!
01-19 13:39:25.441209   178   832 I RIL_EMSD: [ATIEXT][FLOW]: channel(11)downlink: \r
01-19 13:39:25.441209   178   832 I RIL_EMSD: +CGREG: 0\r
01-19 13:39:25.441209   178   832 I RIL_EMSD: 
01-19 13:39:25.441264   178   616 E RIL_EMSD: [Phone ID:0,Function:sc_ati_free_mux_buffer_queue,Line:1996][ATI][FLOW]: sc_ati_free_mux_buffer_queue exit.
01-19 13:39:25.441361   178   830 I RIL_EMSD: [Phone ID:0,Function:sc_ati_at_cmd_trace,Line:2246][ATI][FLOW]: [AT CMD]Port03: AT^DTSER\\r
01-19 13:39:25.441409   178   830 I RIL_EMSD: [ATIEXT][FLOW]: Send to HLS result is 184!
01-19 13:39:25.441456   178   616 E RIL_EMSD: [Phone ID:1,Function:sc_ati_get_hls_data,Line:634][ATI][FLOW]: sc_ati_get_hls_data port_id: 1
01-19 13:39:25.441536   178   616 E RIL_EMSD: [Phone ID:1,Function:sc_ati_get_hls_data,Line:642][ATI][FLOW]: sc_ati_get_hls_data port_info_ptr->port_state:1
01-19 13:39:25.441615   178   616 E RIL_EMSD: [Phone ID:1,Function:sc_ati_get_hls_data,Line:648][ATI][FLOW]: sc_ati_get_hls_data  port_info_ptr->dealwith_resinfo_fun_ptr
01-19 13:39:25.441693   178   616 I RIL_EMSD: [Phone ID:1,Function:sc_ati_at_cmd_trace,Line:2246][ATI][FLOW]: [AT CMD]Port01: \\r\\n+CGREG: 0\\r\\n
01-19 13:39:25.441735   178   616 I RIL_EMSD: [TPM][FLOW]: tpm_ph1_msg_post, msg_id=10953.
01-19 13:39:25.441846   178   353 E RIL_EMSD: [ATIEXT][FLOW]: TPM_TPH_TELEPHONY_STATE_IND send urc error
01-19 13:39:25.441904   178   616 I RIL_EMSD: [Phone ID:1,Function:sc_ati_dealwith_unsol_code,Line:200][ATI][FUNC]: Unsolicited CMD handle result:4294967295
01-19 13:39:25.442203   178   616 E RIL_EMSD: [Phone ID:1,Function:sc_ati_free_mux_buffer_queue,Line:1966][ATI][FLOW]: sc_ati_free_mux_buffer_queue entry port_num = 0!!!
01-19 13:39:25.442307   178   616 E RIL_EMSD: [Phone ID:1,Function:sc_ati_free_mux_buffer_queue,Line:1996][ATI][FLOW]: sc_ati_free_mux_buffer_queue exit.
01-19 13:39:25.441853   981   994 D AT      : AT<[7] +CGREG: 0
01-19 13:39:25.442371   981   994 D RIL     : >>> new onUnsolicited = +CGREG: 0
01-19 13:39:25.442410   981   994 D RIL     : creg: mNetState = 0, newState = 0, g_pukLock = 0
01-19 13:39:25.442432   981   994 D RIL     : not timer: unsolicited
01-19 13:39:25.442994   178   616 E RIL_EMSD: [Phone ID:0,Function:sc_ati_get_hls_data,Line:634][ATI][FLOW]: sc_ati_get_hls_data port_id: 3
01-19 13:39:25.443087   178   616 E RIL_EMSD: [Phone ID:0,Function:sc_ati_get_hls_data,Line:642][ATI][FLOW]: sc_ati_get_hls_data port_info_ptr->port_state:1
01-19 13:39:25.443169   178   616 E RIL_EMSD: [Phone ID:0,Function:sc_ati_get_hls_data,Line:655][ATI][FLOW]: sc_ati_get_hls_data port_info_ptr->resinfo_handle_ptr
01-19 13:39:25.443237   178   616 I RIL_EMSD: [Phone ID:0,Function:sc_ati_at_cmd_trace,Line:2246][ATI][FLOW]: [AT CMD]Port03: \\r\\nOK\\r\\n
01-19 13:39:25.443321   178   832 I RIL_EMSD: [ATIEXT][GVAL]: acm_modem_data_handle channel_id=b,buffer_len=6, flag=0
01-19 13:39:25.443363   178   832 I RIL_EMSD: [ATIEXT][FLOW]: channel(11)downlink: \r
01-19 13:39:25.443363   178   832 I RIL_EMSD: OK\r
01-19 13:39:25.443363   178   832 I RIL_EMSD: 
01-19 13:39:25.443498   981   994 D AT      : AT<[7] OK
01-19 13:39:25.443556   981   992 D AT      : AT>[7] AT+CNMI=2,2,2,1,0
01-19 13:39:25.443700   178   830 I RIL_EMSD: [ATIEXT][FUNC]: dt_at_handle_ext_cmd Process extend AT command!(,str_len =18, channel_id=11) 
01-19 13:39:25.443729   178   830 I RIL_EMSD: [ATIEXT][FLOW]: channel(11)uplink: AT+CNMI=2,2,2,1,0\r
01-19 13:39:25.443819   178   830 E RIL_EMSD: [Phone ID:0,Function:dt_open_at_channel,Line:187][ATI][FLOW]: Channel is used!
01-19 13:39:25.443905   178   830 I RIL_EMSD: [Phone ID:0,Function:sc_ati_at_cmd_trace,Line:2246][ATI][FLOW]: [AT CMD]Port03: AT+CNMI=2,2,2,1,0\\r
01-19 13:39:25.443950   178   830 I RIL_EMSD: [ATIEXT][FLOW]: Send to HLS result is 186!
01-19 13:39:25.445536   178   616 E RIL_EMSD: [Phone ID:0,Function:sc_ati_get_hls_data,Line:634][ATI][FLOW]: sc_ati_get_hls_data port_id: 3
01-19 13:39:25.445630   178   616 E RIL_EMSD: [Phone ID:0,Function:sc_ati_get_hls_data,Line:642][ATI][FLOW]: sc_ati_get_hls_data port_info_ptr->port_state:1
01-19 13:39:25.445709   178   616 E RIL_EMSD: [Phone ID:0,Function:sc_ati_get_hls_data,Line:655][ATI][FLOW]: sc_ati_get_hls_data port_info_ptr->resinfo_handle_ptr
01-19 13:39:25.445776   178   616 I RIL_EMSD: [Phone ID:0,Function:sc_ati_at_cmd_trace,Line:2246][ATI][FLOW]: [AT CMD]Port03: \\r\\nOK\\r\\n
01-19 13:39:25.445858   178   832 I RIL_EMSD: [ATIEXT][GVAL]: acm_modem_data_handle channel_id=b,buffer_len=6, flag=0
01-19 13:39:25.445902   178   832 I RIL_EMSD: [ATIEXT][FLOW]: channel(11)downlink: \r
01-19 13:39:25.445902   178   832 I RIL_EMSD: OK\r
01-19 13:39:25.445902   178   832 I RIL_EMSD: 
01-19 13:39:25.446048   981   994 D AT      : AT<[7] OK
01-19 13:39:25.446099   981   992 D AT      : AT>[7] AT^DMMNA=1
01-19 13:39:25.446231   178   830 I RIL_EMSD: [ATIEXT][FUNC]: dt_at_handle_ext_cmd Process extend AT command!(,str_len =11, channel_id=11) 
01-19 13:39:25.446258   178   830 I RIL_EMSD: [ATIEXT][FLOW]: channel(11)uplink: AT^DMMNA=1\r
01-19 13:39:25.446331   178   830 E RIL_EMSD: [Phone ID:0,Function:dt_open_at_channel,Line:187][ATI][FLOW]: Channel is used!
01-19 13:39:25.446407   178   830 I RIL_EMSD: [Phone ID:0,Function:sc_ati_at_cmd_trace,Line:2246][ATI][FLOW]: [AT CMD]Port03: AT^DMMNA=1\\r
01-19 13:39:25.446465   178   830 I RIL_EMSD: [ATIEXT][FLOW]: Send to HLS result is 188!
01-19 13:39:25.448243   178   616 E RIL_EMSD: [Phone ID:0,Function:sc_ati_get_hls_data,Line:634][ATI][FLOW]: sc_ati_get_hls_data port_id: 3
01-19 13:39:25.448333   178   616 E RIL_EMSD: [Phone ID:0,Function:sc_ati_get_hls_data,Line:642][ATI][FLOW]: sc_ati_get_hls_data port_info_ptr->port_state:1
01-19 13:39:25.448413   178   616 E RIL_EMSD: [Phone ID:0,Function:sc_ati_get_hls_data,Line:655][ATI][FLOW]: sc_ati_get_hls_data port_info_ptr->resinfo_handle_ptr
01-19 13:39:25.448490   178   616 I RIL_EMSD: [Phone ID:0,Function:sc_ati_at_cmd_trace,Line:2246][ATI][FLOW]: [AT CMD]Port03: \\r\\nOK\\r\\n
01-19 13:39:25.448582   178   832 I RIL_EMSD: [ATIEXT][GVAL]: acm_modem_data_handle channel_id=b,buffer_len=6, flag=0
01-19 13:39:25.448620   178   832 I RIL_EMSD: [ATIEXT][FLOW]: channel(11)downlink: \r
01-19 13:39:25.448620   178   832 I RIL_EMSD: OK\r
01-19 13:39:25.448620   178   832 I RIL_EMSD: 
01-19 13:39:25.448753   981   994 D AT      : AT<[7] OK
01-19 13:39:25.448809   981   992 D AT      : AT>[7] AT+CGEREP=1,0
01-19 13:39:25.448934   178   830 I RIL_EMSD: [ATIEXT][FUNC]: dt_at_handle_ext_cmd Process extend AT command!(,str_len =14, channel_id=11) 
01-19 13:39:25.448970   178   830 I RIL_EMSD: [ATIEXT][FLOW]: channel(11)uplink: AT+CGEREP=1,0\r
01-19 13:39:25.449049   178   830 E RIL_EMSD: [Phone ID:0,Function:dt_open_at_channel,Line:187][ATI][FLOW]: Channel is used!
01-19 13:39:25.449128   178   830 I RIL_EMSD: [Phone ID:0,Function:sc_ati_at_cmd_trace,Line:2246][ATI][FLOW]: [AT CMD]Port03: AT+CGEREP=1,0\\r
01-19 13:39:25.449175   178   830 I RIL_EMSD: [ATIEXT][FLOW]: Send to HLS result is 190!
01-19 13:39:25.452928   178   616 E RIL_EMSD: [Phone ID:0,Function:sc_ati_get_hls_data,Line:634][ATI][FLOW]: sc_ati_get_hls_data port_id: 3
01-19 13:39:25.453035   178   616 E RIL_EMSD: [Phone ID:0,Function:sc_ati_get_hls_data,Line:642][ATI][FLOW]: sc_ati_get_hls_data port_info_ptr->port_state:1
