01-19 13:39:19.646609   185   185 D lc-oms-pub: begin to check if can open device "/dev/TTYEMS02"
01-19 13:39:19.646633   185   185 D lc-oms-pub: (0/30)try to open device "/dev/TTYEMS02"
01-19 13:39:19.646692   185   185 D lc-oms-pub: FILE-leadcore/service/lc-oms-serv/lc-oms-amt/lc-oms-amt/../../lc-oms-pub/lc-oms-pub/util/util.c, LINE-914, FUNC-pub_util_try_to_open_device(), error_code=-118, errno=2
01-19 13:39:19.646721   185   185 D lc-oms-pub: open device "/dev/TTYEMS02" fail: 2 - No such file or directory
01-19 13:39:19.693486   223   223 D lc-oms-sa: start_logcat_service_ex sa_create_subproc_thread[311]
01-19 13:39:19.693730   223   223 D lc-oms-sa: start_lc_log_service()
01-19 13:39:19.693849   223   223 D lc-oms-sa: start_lc_log_service type_id[3] file_num_val[5] file_size_val[20480]
01-19 13:39:19.694064   223   223 D lc-oms-sa: start_lc_log_service m_read_kernel_log_tid[3061852464] ret_val[0]
01-19 13:39:19.694090   223   319 D lc-oms-sa: read_kernel_log_loop()
01-19 13:39:19.694195   223   223 D lc-oms-sa: start_log_service All Log Service Start Success.
01-19 13:39:19.694255   223   319 D lc-oms-sa: update_lc_log_file()
01-19 13:39:19.694369   223   319 D lc-oms-sa: update_lc_log_file log_file_org[/data/local/log/kmsg.log] file_num_val[5] file_size_val[20480]
01-19 13:39:19.694372   223   223 D lc-oms-sa: sa_handle_init m_read_cmd_thread_id[3060807984] ret_val[0]
01-19 13:39:19.694394   223   319 D lc-oms-sa: update_lc_log_file log_file_old[/data/local/log/kmsg.log.4]
01-19 13:39:19.694458   223   319 D lc-oms-sa: sys call: remove() failed! errno = 2
01-19 13:39:19.694486   223   319 D lc-oms-sa: FILE-leadcore/service/lc-oms-serv/lc-oms-sa/lc-oms-sa/./sa/sa-handle.c, LINE-4178, FUNC-update_lc_log_file(), error_code=-1, errno=2
01-19 13:39:19.694516   223   319 D lc-oms-sa: update_lc_log_file [4] log_file_old[/data/local/log/kmsg.log.3] log_file_new[/data/local/log/kmsg.log.4]
01-19 13:39:19.694559   223   319 D lc-oms-sa: sys call: rename() failed! errno = 2
01-19 13:39:19.694588   223   319 D lc-oms-sa: FILE-leadcore/service/lc-oms-serv/lc-oms-sa/lc-oms-sa/./sa/sa-handle.c, LINE-4200, FUNC-update_lc_log_file(), error_code=-1, errno=2
01-19 13:39:19.694619   223   319 D lc-oms-sa: update_lc_log_file [3] log_file_old[/data/local/log/kmsg.log.2] log_file_new[/data/local/log/kmsg.log.3]
01-19 13:39:19.694659   223   319 D lc-oms-sa: sys call: rename() failed! errno = 2
01-19 13:39:19.694685   223   319 D lc-oms-sa: FILE-leadcore/service/lc-oms-serv/lc-oms-sa/lc-oms-sa/./sa/sa-handle.c, LINE-4200, FUNC-update_lc_log_file(), error_code=-1, errno=2
01-19 13:39:19.694716   223   319 D lc-oms-sa: update_lc_log_file [2] log_file_old[/data/local/log/kmsg.log.1] log_file_new[/data/local/log/kmsg.log.2]
01-19 13:39:19.694757   223   319 D lc-oms-sa: sys call: rename() failed! errno = 2
01-19 13:39:19.694785   223   319 D lc-oms-sa: FILE-leadcore/service/lc-oms-serv/lc-oms-sa/lc-oms-sa/./sa/sa-handle.c, LINE-4200, FUNC-update_lc_log_file(), error_code=-1, errno=2
01-19 13:39:19.694825   223   319 D lc-oms-sa: read_kernel_log_loop log_path[/data/local/log/kmsg.log]
01-19 13:39:19.695038   223   319 D lc-oms-sa: read_kernel_log_loop fd_r[8]
01-19 13:39:19.695568   223   319 D lc-oms-sa: read_kernel_log_loop fd_w[10]
01-19 13:39:19.695714   223   319 D lc-oms-sa: read_kernel_log_loop fd_w[10]
01-19 13:39:19.695770   223   319 D lc-oms-sa: read_kernel_log_loop buf_a[[2021-01-19 13:39:19]
01-19 13:39:19.695770   223   319 D lc-oms-sa: ]
01-19 13:39:19.700335   223   320 D lc-oms-sa: sa_handle_read_cmd_loop()
01-19 13:39:19.700694   223   320 D lc-oms-pub: pub_pty_open()
01-19 13:39:19.700718   223   320 D lc-oms-pub: pub_pty_open m_ptm_fd[0]
01-19 13:39:19.701065   223   320 D lc-oms-pub: pub_pty_open m_ptm_fd[11]
01-19 13:39:19.701083   223   320 D lc-oms-pub: create_pts_mapping()
01-19 13:39:19.701142   223   320 D lc-oms-pub: create_pts_mapping pts_name_ptr[/dev/pts/2]
01-19 13:39:19.701165   223   320 D lc-oms-pub: create_pts_mapping m_pts_name_a[/dev/pts/2] ret_val[0]
01-19 13:39:19.701212   223   320 D lc-oms-pub: create_pts_mapping unlink(/dev/ttySA) ret_val[-1]
01-19 13:39:19.701321   223   320 D lc-oms-pub: create_pts_mapping symlink(/dev/pts/2, /dev/ttySA) ret_val[0]
01-19 13:39:19.701419   223   320 D lc-oms-pub: create_pts_mapping chmod(/dev/ttySA, 432) ret_val[0]
01-19 13:39:19.701472   223   320 D lc-oms-pub: create_pts_mapping chown(/dev/ttySA, 1000, 1001) ret_val[0]
01-19 13:39:19.701498   223   320 D lc-oms-pub: create_pts_mapping m_pts_mapping_name_a[/dev/ttySA] ret_val[0]
01-19 13:39:19.701510   223   320 D lc-oms-pub: set_ptm_attr()
01-19 13:39:19.701524   223   320 D lc-oms-pub: set_ptm_attr fd[11]
01-19 13:39:19.701553   223   320 D lc-oms-pub: set_ptm_attr tcgetattr(11) ret_val[0]
01-19 13:39:19.701585   223   320 D lc-oms-pub: set_ptm_attr tcsetattr(11) ret_val[0]
01-19 13:39:19.701604   223   320 D lc-oms-pub: set_ptm_attr grantpt(11) ret_val[0]
01-19 13:39:19.701627   223   320 D lc-oms-pub: set_ptm_attr unlockpt(11) ret_val[0]
01-19 13:39:19.701643   223   320 D lc-oms-pub: set_ptm_attr fd[11] ret_val[0]
01-19 13:39:19.701686   223   320 D lc-oms-pub: pub_pty_open "/dev/ttySA" exists
01-19 13:39:19.701715   223   320 D lc-oms-pub: pub_pty_open m_ptm_fd[11]; m_pts_name_a[/dev/pts/2] m_pts_mapping_name_a[/dev/ttySA]
01-19 13:39:19.701758   223   320 D lc-oms-sa: sa_handle_read_cmd_loop pub_pty_open m_ptm_fd[11] pts_name_a[/dev/pts/2] pts_mapping_name_a[/dev/ttySA] is_nonblock_mode[0] ret_val[0]
01-19 13:39:19.210000   223   223 W lc-oms-sa: type=1400 audit(0.0:4): avc: denied { getattr } for path="/proc/199/cmdline" dev="proc" ino=3587 scontext=u:r:lc-oms-sa:s0 tcontext=u:r:perfprofd:s0 tclass=file permissive=0
01-19 13:39:19.410000   296   296 W ApmAudio: type=1400 audit(0.0:6): avc: denied { open } for path="/sys/power/wake_lock" dev="sysfs" ino=72 scontext=u:r:mediaserver:s0 tcontext=u:object_r:sysfs_wake_lock:s0 tclass=file permissive=0
01-19 13:39:19.410000   295   295 W ApmTone : type=1400 audit(0.0:5): avc: denied { open } for path="/sys/power/wake_lock" dev="sysfs" ino=72 scontext=u:r:mediaserver:s0 tcontext=u:object_r:sysfs_wake_lock:s0 tclass=file permissive=0
01-19 13:39:19.410000   297   297 W ApmOutput: type=1400 audit(0.0:7): avc: denied { open } for path="/sys/power/wake_lock" dev="sysfs" ino=72 scontext=u:r:mediaserver:s0 tcontext=u:object_r:sysfs_wake_lock:s0 tclass=file permissive=0
01-19 13:39:19.839143   286   317 D libEGL  : loaded /system/lib/egl/libGLES_mali.so
01-19 13:39:19.873219   286   317 D mali_winsys: new_window_surface returns 0x3000
01-19 13:39:19.904527   223   223 D lc-oms-sa: sa_handle_init exit
01-19 13:39:19.904840   223   223 D lc-oms-sa: sa_listener_loop()
01-19 13:39:19.904937   223   223 D lc-oms-sa: open_ptm symname[/dev/ttysa1]
01-19 13:39:19.905315   223   223 D lc-oms-sa: open_ptm ptm[12]
01-19 13:39:19.905384   223   223 D lc-oms-sa: open_ptm devname[/dev/pts/3]
01-19 13:39:19.905485   223   223 D lc-oms-sa: open_ptm ret[0]
01-19 13:39:19.905589   223   223 D lc-oms-sa: sa_listener_loop fd[12]
01-19 13:39:19.996493   173   173 V NuPlayerDriver: NuPlayerDriver(0xb609dcc0)
01-19 13:39:19.996891   173   173 V NuPlayerDriver: setDataSource(0xb609dcc0) url(<no-scheme URI suppressed>)
01-19 13:39:19.999063   173   173 V NuPlayerDriver: prepareAsync(0xb609dcc0)
01-19 13:39:20.025934   173   356 E WVMExtractor: Failed to open libwvm.so: dlopen failed: library "libwvm.so" not found
01-19 13:39:20.027237   173   356 D APEExtractor: SniffAPE start
01-19 13:39:20.027295   173   356 V DataSource: mimeType is audio/mpeg
01-19 13:39:20.027345   173   356 V MediaExtractor: Autodetected media content as 'audio/mpeg' with confidence 0.20
01-19 13:39:20.028223   173   351 D NuPlayerDriver: notifyListener_l(0xb609dcc0), (1, 0, 0)
01-19 13:39:20.029656   173   352 V APM::AudioPolicyManager: getDeviceConnectionState, device=4 address=AudioPolicyThreadStart
01-19 13:39:20.029709   173   352 V APM::AudioPolicyManager: AudioPolicyThread contructor
01-19 13:39:20.030371   173   358 V APM::AudioPolicyManager: setDeviceConnectionStateInt() device: 0x4, state 0, address AudioPolicyThread name WIRED_HEADSET
01-19 13:39:20.030432   173   358 W APM::AudioPolicyManager: setDeviceConnectionState() device not connected: 4
01-19 13:39:20.030470   173   358 V APM::AudioPolicyManager: setDeviceConnectionStateInt() device: 0x8, state 0, address AudioPolicyThread name WIRED_HEADPHONE
01-19 13:39:20.030503   173   358 W APM::AudioPolicyManager: setDeviceConnectionState() device not connected: 8
01-19 13:39:20.072704   355   355 D LC-POWERON-LOG: 
01-19 13:39:20.072704   355   355 D LC-POWERON-LOG:     lc-poweron-log, version lc-poweron-log v1.0.1 2016-10-17
01-19 13:39:20.072704   355   355 D LC-POWERON-LOG:     COPYRIGHT (C) 2013-2014 LeadCore Technology CO., LTD
01-19 13:39:20.072704   355   355 D LC-POWERON-LOG:     Build time: Sep 18 2020 17:51:15
01-19 13:39:20.072795   355   355 D LC-POWERON-LOG: will check lc-poweron-log to be already run or not.
01-19 13:39:20.073181   355   355 D LC-POWERON-LOG: run as normal. \r
01-19 13:39:20.073210   355   355 D LC-POWERON-LOG: dump_start begin 
01-19 13:39:20.073232   355   355 D LC-POWERON-LOG: try to open device "/dev/socbridge"
01-19 13:39:20.073284   355   355 D LC-POWERON-LOG: failed to open device /dev/socbridge,error:2-No such file or directory 
01-19 13:39:20.130824   173   173 D NuPlayerDriver: start(0xb609dcc0), state is 4, eos is 0
01-19 13:39:20.130995   173   351 I GenericSource: start
01-19 13:39:20.131255   286   317 D BootAnimation: now start to run animation
01-19 13:39:20.141096   173   351 V APM::AudioPolicyManager: isOffloadSupported: SR=44100, CM=0x3, Format=0x1000000, StreamType=3, BitRate=192000, duration=6091875 us, has_video=0
01-19 13:39:20.141194   173   351 V APM::AudioPolicyManager: Offload denied by duration < default min(=60)
01-19 13:39:20.142236   173   351 V APM::AudioPolicyManager: isOffloadSupported: SR=44100, CM=0x3, Format=0x1000000, StreamType=3, BitRate=192000, duration=6091875 us, has_video=0
01-19 13:39:20.142291   173   351 V APM::AudioPolicyManager: Offload denied by duration < default min(=60)
01-19 13:39:20.174753   173   365 I Hantro_omx_core: init count = 1
01-19 13:39:20.179525   173   365 I ion     : open /dev/ion success fd 19!
01-19 13:39:20.179596   173   365 I Hantro_omx_OSAL: open ion success!alloc 0xb367d310 ion_client 19
01-19 13:39:20.181990   173   365 E Hantro_omx_81x0_component: Unsupported format (dec->in.def.format.video.eCompressionFormat=0)
01-19 13:39:20.182140   173   365 W ACodec  : do not know color format 0x19 = 25
01-19 13:39:20.182193   173   365 W ACodec  : do not know color format 0x1a = 26
01-19 13:39:20.182224   173   365 W ACodec  : do not know color format 0x1b = 27
01-19 13:39:20.182253   173   365 W ACodec  : do not know color format 0x1c = 28
01-19 13:39:20.182281   173   365 W ACodec  : do not know color format 0x10 = 16
01-19 13:39:20.182311   173   365 W ACodec  : do not know color format 0xf = 15
01-19 13:39:20.182338   173   365 W ACodec  : do not know color format 0x5 = 5
01-19 13:39:20.182367   173   365 W ACodec  : do not know color format 0x4 = 4
01-19 13:39:20.182392   173   365 W ACodec  : do not know color format 0x6 = 6
01-19 13:39:20.182416   173   365 W ACodec  : do not know color format 0x7 = 7
01-19 13:39:20.182475   173   365 E OMXNodeInstance: getExtensionIndex(1:hantro.81x0.decoder, OMX.google.android.index.storeMetaDataInBuffers) ERROR: NotImplemented(0x80001006)
01-19 13:39:20.182520   173   365 E OMXNodeInstance: getExtensionIndex(1:hantro.81x0.decoder, OMX.google.android.index.prepareForAdaptivePlayback) ERROR: NotImplemented(0x80001006)
01-19 13:39:20.184959   173   365 I Hantro_omx_OSAL: Close ion! alloc 0xb367d310 ion_client 19
01-19 13:39:20.185877   173   365 I ion     : open /dev/ion success fd 19!
01-19 13:39:20.185922   173   365 I Hantro_omx_OSAL: open ion success!alloc 0xb367d310 ion_client 19
01-19 13:39:20.186607   173   365 E Hantro_omx_81x0_component: Unsupported format (dec->in.def.format.video.eCompressionFormat=0)
01-19 13:39:20.186670   173   365 W ACodec  : do not know color format 0x19 = 25
01-19 13:39:20.186702   173   365 W ACodec  : do not know color format 0x1a = 26
01-19 13:39:20.186726   173   365 W ACodec  : do not know color format 0x1b = 27
01-19 13:39:20.186748   173   365 W ACodec  : do not know color format 0x1c = 28
01-19 13:39:20.186772   173   365 W ACodec  : do not know color format 0x10 = 16
01-19 13:39:20.186797   173   365 W ACodec  : do not know color format 0xf = 15
01-19 13:39:20.186819   173   365 W ACodec  : do not know color format 0x5 = 5
01-19 13:39:20.186841   173   365 W ACodec  : do not know color format 0x4 = 4
01-19 13:39:20.186863   173   365 W ACodec  : do not know color format 0x6 = 6
01-19 13:39:20.186885   173   365 W ACodec  : do not know color format 0x7 = 7
01-19 13:39:20.186916   173   365 E OMXNodeInstance: getExtensionIndex(2:hantro.81x0.decoder, OMX.google.android.index.storeMetaDataInBuffers) ERROR: NotImplemented(0x80001006)
01-19 13:39:20.186941   173   365 E OMXNodeInstance: getExtensionIndex(2:hantro.81x0.decoder, OMX.google.android.index.prepareForAdaptivePlayback) ERROR: NotImplemented(0x80001006)
01-19 13:39:20.189254   173   365 I Hantro_omx_OSAL: Close ion! alloc 0xb367d310 ion_client 19
01-19 13:39:20.189997   173   365 I ion     : open /dev/ion success fd 19!
01-19 13:39:20.190030   173   365 I Hantro_omx_OSAL: open ion success!alloc 0xb367d310 ion_client 19
01-19 13:39:20.190725   173   365 E Hantro_omx_81x0_component: Unsupported format (dec->in.def.format.video.eCompressionFormat=0)
01-19 13:39:20.190785   173   365 W ACodec  : do not know color format 0x19 = 25
01-19 13:39:20.190818   173   365 W ACodec  : do not know color format 0x1a = 26
01-19 13:39:20.190842   173   365 W ACodec  : do not know color format 0x1b = 27
01-19 13:39:20.190870   173   365 W ACodec  : do not know color format 0x1c = 28
01-19 13:39:20.190898   173   365 W ACodec  : do not know color format 0x10 = 16
01-19 13:39:20.190925   173   365 W ACodec  : do not know color format 0xf = 15
01-19 13:39:20.190950   173   365 W ACodec  : do not know color format 0x5 = 5
01-19 13:39:20.190975   173   365 W ACodec  : do not know color format 0x4 = 4
01-19 13:39:20.191001   173   365 W ACodec  : do not know color format 0x6 = 6
01-19 13:39:20.191027   173   365 W ACodec  : do not know color format 0x7 = 7
01-19 13:39:20.191062   173   365 E OMXNodeInstance: getExtensionIndex(3:hantro.81x0.decoder, OMX.google.android.index.storeMetaDataInBuffers) ERROR: NotImplemented(0x80001006)
01-19 13:39:20.191089   173   365 E OMXNodeInstance: getExtensionIndex(3:hantro.81x0.decoder, OMX.google.android.index.prepareForAdaptivePlayback) ERROR: NotImplemented(0x80001006)
01-19 13:39:20.193410   173   365 I Hantro_omx_OSAL: Close ion! alloc 0xb367d310 ion_client 19
01-19 13:39:20.194267   173   365 I ion     : open /dev/ion success fd 19!
01-19 13:39:20.194307   173   365 I Hantro_omx_OSAL: open ion success!alloc 0xb367d310 ion_client 19
01-19 13:39:20.194991   173   365 E Hantro_omx_81x0_component: Unsupported format (dec->in.def.format.video.eCompressionFormat=0)
01-19 13:39:20.195085   173   365 W ACodec  : do not know color format 0x19 = 25
01-19 13:39:20.195131   173   365 W ACodec  : do not know color format 0x1a = 26
01-19 13:39:20.195168   173   365 W ACodec  : do not know color format 0x1b = 27
01-19 13:39:20.195196   173   365 W ACodec  : do not know color format 0x1c = 28
01-19 13:39:20.195222   173   365 W ACodec  : do not know color format 0x10 = 16
01-19 13:39:20.195256   173   365 W ACodec  : do not know color format 0xf = 15
01-19 13:39:20.195291   173   365 W ACodec  : do not know color format 0x5 = 5
01-19 13:39:20.195322   173   365 W ACodec  : do not know color format 0x4 = 4
01-19 13:39:20.195348   173   365 W ACodec  : do not know color format 0x6 = 6
01-19 13:39:20.195375   173   365 W ACodec  : do not know color format 0x7 = 7
01-19 13:39:20.195416   173   365 E OMXNodeInstance: getExtensionIndex(4:hantro.81x0.decoder, OMX.google.android.index.storeMetaDataInBuffers) ERROR: NotImplemented(0x80001006)
01-19 13:39:20.195448   173   365 E OMXNodeInstance: getExtensionIndex(4:hantro.81x0.decoder, OMX.google.android.index.prepareForAdaptivePlayback) ERROR: NotImplemented(0x80001006)
01-19 13:39:20.197809   173   365 I Hantro_omx_OSAL: Close ion! alloc 0xb367d310 ion_client 19
01-19 13:39:20.198612   173   365 I ion     : open /dev/ion success fd 19!
01-19 13:39:20.198654   173   365 I Hantro_omx_OSAL: open ion success!alloc 0xb367d310 ion_client 19
01-19 13:39:20.199312   173   365 E Hantro_omx_81x0_component: Unsupported format (dec->in.def.format.video.eCompressionFormat=0)
01-19 13:39:20.199371   173   365 W ACodec  : do not know color format 0x19 = 25
01-19 13:39:20.199405   173   365 W ACodec  : do not know color format 0x1a = 26
01-19 13:39:20.199430   173   365 W ACodec  : do not know color format 0x1b = 27
01-19 13:39:20.199453   173   365 W ACodec  : do not know color format 0x1c = 28
01-19 13:39:20.199477   173   365 W ACodec  : do not know color format 0x10 = 16
01-19 13:39:20.199502   173   365 W ACodec  : do not know color format 0xf = 15
01-19 13:39:20.199531   173   365 W ACodec  : do not know color format 0x5 = 5
01-19 13:39:20.199557   173   365 W ACodec  : do not know color format 0x4 = 4
01-19 13:39:20.199583   173   365 W ACodec  : do not know color format 0x6 = 6
01-19 13:39:20.199610   173   365 W ACodec  : do not know color format 0x7 = 7
01-19 13:39:20.199640   173   365 E OMXNodeInstance: getExtensionIndex(5:hantro.81x0.decoder, OMX.google.android.index.storeMetaDataInBuffers) ERROR: NotImplemented(0x80001006)
01-19 13:39:20.199665   173   365 E OMXNodeInstance: getExtensionIndex(5:hantro.81x0.decoder, OMX.google.android.index.prepareForAdaptivePlayback) ERROR: NotImplemented(0x80001006)
01-19 13:39:20.202006   173   365 I Hantro_omx_OSAL: Close ion! alloc 0xb367d310 ion_client 19
01-19 13:39:20.202832   173   365 I ion     : open /dev/ion success fd 19!
01-19 13:39:20.202875   173   365 I Hantro_omx_OSAL: open ion success!alloc 0xb367d310 ion_client 19
01-19 13:39:20.203530   173   365 E Hantro_omx_81x0_component: Unsupported format (dec->in.def.format.video.eCompressionFormat=0)
01-19 13:39:20.203595   173   365 W ACodec  : do not know color format 0x19 = 25
01-19 13:39:20.203626   173   365 W ACodec  : do not know color format 0x1a = 26
01-19 13:39:20.203650   173   365 W ACodec  : do not know color format 0x1b = 27
01-19 13:39:20.203674   173   365 W ACodec  : do not know color format 0x1c = 28
01-19 13:39:20.203698   173   365 W ACodec  : do not know color format 0x10 = 16
01-19 13:39:20.203724   173   365 W ACodec  : do not know color format 0xf = 15
01-19 13:39:20.203748   173   365 W ACodec  : do not know color format 0x5 = 5
01-19 13:39:20.203771   173   365 W ACodec  : do not know color format 0x4 = 4
01-19 13:39:20.203794   173   365 W ACodec  : do not know color format 0x6 = 6
01-19 13:39:20.203817   173   365 W ACodec  : do not know color format 0x7 = 7
01-19 13:39:20.203848   173   365 E OMXNodeInstance: getExtensionIndex(6:hantro.81x0.decoder, OMX.google.android.index.storeMetaDataInBuffers) ERROR: NotImplemented(0x80001006)
01-19 13:39:20.203873   173   365 E OMXNodeInstance: getExtensionIndex(6:hantro.81x0.decoder, OMX.google.android.index.prepareForAdaptivePlayback) ERROR: NotImplemented(0x80001006)
01-19 13:39:20.206238   173   365 I Hantro_omx_OSAL: Close ion! alloc 0xb367d310 ion_client 19
01-19 13:39:20.207053   173   365 I ion     : open /dev/ion success fd 19!
01-19 13:39:20.207090   173   365 I Hantro_omx_OSAL: open ion success!alloc 0xb367d310 ion_client 19
01-19 13:39:20.207746   173   365 E Hantro_omx_81x0_component: Unsupported format (dec->in.def.format.video.eCompressionFormat=0)
01-19 13:39:20.207811   173   365 W ACodec  : do not know color format 0x19 = 25
01-19 13:39:20.207845   173   365 W ACodec  : do not know color format 0x1a = 26
01-19 13:39:20.207873   173   365 W ACodec  : do not know color format 0x1b = 27
01-19 13:39:20.207896   173   365 W ACodec  : do not know color format 0x1c = 28
01-19 13:39:20.207923   173   365 W ACodec  : do not know color format 0x10 = 16
01-19 13:39:20.207958   173   365 W ACodec  : do not know color format 0xf = 15
01-19 13:39:20.207988   173   365 W ACodec  : do not know color format 0x5 = 5
01-19 13:39:20.208014   173   365 W ACodec  : do not know color format 0x4 = 4
01-19 13:39:20.208042   173   365 W ACodec  : do not know color format 0x6 = 6
01-19 13:39:20.208071   173   365 W ACodec  : do not know color format 0x7 = 7
01-19 13:39:20.208109   173   365 E OMXNodeInstance: getExtensionIndex(7:hantro.81x0.decoder, OMX.google.android.index.storeMetaDataInBuffers) ERROR: NotImplemented(0x80001006)
01-19 13:39:20.208141   173   365 E OMXNodeInstance: getExtensionIndex(7:hantro.81x0.decoder, OMX.google.android.index.prepareForAdaptivePlayback) ERROR: NotImplemented(0x80001006)
01-19 13:39:20.210485   173   365 I Hantro_omx_OSAL: Close ion! alloc 0xb367d310 ion_client 19
01-19 13:39:20.211746   173   365 I ion     : open /dev/ion success fd 19!
01-19 13:39:20.211800   173   365 I Hantro_omx_OSAL: open ion success!alloc 0xb367d310 ion_client 19
01-19 13:39:20.212539   173   365 E Hantro_omx_81x0_component: Unsupported format (dec->in.def.format.video.eCompressionFormat=0)
01-19 13:39:20.212612   173   365 W ACodec  : do not know color format 0x19 = 25
01-19 13:39:20.212645   173   365 W ACodec  : do not know color format 0x1a = 26
01-19 13:39:20.212671   173   365 W ACodec  : do not know color format 0x1b = 27
01-19 13:39:20.212696   173   365 W ACodec  : do not know color format 0x1c = 28
01-19 13:39:20.212723   173   365 W ACodec  : do not know color format 0x10 = 16
01-19 13:39:20.212749   173   365 W ACodec  : do not know color format 0xf = 15
01-19 13:39:20.212774   173   365 W ACodec  : do not know color format 0x5 = 5
01-19 13:39:20.212797   173   365 W ACodec  : do not know color format 0x4 = 4
01-19 13:39:20.212824   173   365 W ACodec  : do not know color format 0x6 = 6
01-19 13:39:20.212852   173   365 W ACodec  : do not know color format 0x7 = 7
01-19 13:39:20.212884   173   365 E OMXNodeInstance: getExtensionIndex(8:hantro.81x0.decoder, OMX.google.android.index.storeMetaDataInBuffers) ERROR: NotImplemented(0x80001006)
01-19 13:39:20.212909   173   365 E OMXNodeInstance: getExtensionIndex(8:hantro.81x0.decoder, OMX.google.android.index.prepareForAdaptivePlayback) ERROR: NotImplemented(0x80001006)
01-19 13:39:20.215230   173   365 I Hantro_omx_OSAL: Close ion! alloc 0xb367d310 ion_client 19
01-19 13:39:20.216124   173   365 I ion     : open /dev/ion success fd 19!
01-19 13:39:20.216170   173   365 I Hantro_omx_OSAL: open ion success!alloc 0xb367d310 ion_client 19
01-19 13:39:20.216843   173   365 E Hantro_omx_81x0_component: Unsupported format (dec->in.def.format.video.eCompressionFormat=0)
01-19 13:39:20.216910   173   365 W ACodec  : do not know color format 0x19 = 25
01-19 13:39:20.216944   173   365 W ACodec  : do not know color format 0x1a = 26
01-19 13:39:20.216976   173   365 W ACodec  : do not know color format 0x1b = 27
01-19 13:39:20.217007   173   365 W ACodec  : do not know color format 0x1c = 28
01-19 13:39:20.217036   173   365 W ACodec  : do not know color format 0x10 = 16
01-19 13:39:20.217062   173   365 W ACodec  : do not know color format 0xf = 15
01-19 13:39:20.217094   173   365 W ACodec  : do not know color format 0x5 = 5
01-19 13:39:20.217125   173   365 W ACodec  : do not know color format 0x4 = 4
01-19 13:39:20.217154   173   365 W ACodec  : do not know color format 0x6 = 6
01-19 13:39:20.217179   173   365 W ACodec  : do not know color format 0x7 = 7
01-19 13:39:20.217211   173   365 E OMXNodeInstance: getExtensionIndex(9:hantro.81x0.decoder, OMX.google.android.index.storeMetaDataInBuffers) ERROR: NotImplemented(0x80001006)
01-19 13:39:20.217242   173   365 E OMXNodeInstance: getExtensionIndex(9:hantro.81x0.decoder, OMX.google.android.index.prepareForAdaptivePlayback) ERROR: NotImplemented(0x80001006)
01-19 13:39:20.219611   173   365 I Hantro_omx_OSAL: Close ion! alloc 0xb367d310 ion_client 19
01-19 13:39:20.220584   173   365 I ion     : open /dev/ion success fd 19!
01-19 13:39:20.220640   173   365 I Hantro_omx_OSAL: open ion success!alloc 0xb367d310 ion_client 19
01-19 13:39:20.221363   173   365 E Hantro_omx_81x0_component: Unsupported format (dec->in.def.format.video.eCompressionFormat=0)
01-19 13:39:20.221438   173   365 W ACodec  : do not know color format 0x19 = 25
01-19 13:39:20.221474   173   365 W ACodec  : do not know color format 0x1a = 26
01-19 13:39:20.221501   173   365 W ACodec  : do not know color format 0x1b = 27
01-19 13:39:20.221527   173   365 W ACodec  : do not know color format 0x1c = 28
01-19 13:39:20.221551   173   365 W ACodec  : do not know color format 0x10 = 16
01-19 13:39:20.221575   173   365 W ACodec  : do not know color format 0xf = 15
01-19 13:39:20.221598   173   365 W ACodec  : do not know color format 0x5 = 5
01-19 13:39:20.221620   173   365 W ACodec  : do not know color format 0x4 = 4
01-19 13:39:20.221642   173   365 W ACodec  : do not know color format 0x6 = 6
01-19 13:39:20.221664   173   365 W ACodec  : do not know color format 0x7 = 7
01-19 13:39:20.221699   173   365 E OMXNodeInstance: getExtensionIndex(a:hantro.81x0.decoder, OMX.google.android.index.storeMetaDataInBuffers) ERROR: NotImplemented(0x80001006)
01-19 13:39:20.221727   173   365 E OMXNodeInstance: getExtensionIndex(a:hantro.81x0.decoder, OMX.google.android.index.prepareForAdaptivePlayback) ERROR: NotImplemented(0x80001006)
01-19 13:39:20.224044   173   365 I Hantro_omx_OSAL: Close ion! alloc 0xb367d310 ion_client 19
01-19 13:39:20.234933   169   326 I ion     : open /dev/ion success fd 19!
01-19 13:39:20.235013   169   326 I [Gralloc]: open gralloc device refcount 1!
01-19 13:39:20.235082   169   326 I gralloc : alloc_device_alloc: prepare to alloc buffer, [240 x 320], size = 307200, pixel_stride =240 byte_stride =960 req_format = 2, internal_format=2, usage = 0xb00 
01-19 13:39:20.239437   169   326 I gralloc : alloc_device_alloc, gc_gralloc_wrap succeed, phys = 0xffffffff, vaddr = 0xb35b7000, i = 0 
01-19 13:39:20.239490   169   326 I gralloc : alloc_device_alloc: alloc phys_addr = 0, base = 0xb35b7000, ion_hnd_debug = 1
01-19 13:39:20.239553   169   326 E         : yao6 GraphicBufferAlloc: format 2
01-19 13:39:20.240643   286   317 I ion     : open /dev/ion success fd 16!
01-19 13:39:20.240749   173   365 W linker  : /system/lib/liblcmedia.so has text relocations. This is wasting memory and prevents security hardening. Please fix.
01-19 13:39:20.240836   286   317 I [Gralloc]: gralloc_backend_register line 85 size307200 base0xb37e5000 phys_addr0 share_fd15 usage0xb00 ion_hnd_debug1
01-19 13:39:20.273519   355   355 D LC-POWERON-LOG: failed to open device /dev/socbridge,error:2-No such file or directory 
01-19 13:39:20.308743   173   365 W linker  : /system/lib/liblcmedia.so has text relocations. This is wasting memory and prevents security hardening. Please fix.
01-19 13:39:20.317737   169   169 I SurfaceFlinger: Now show the first frame Animate.
01-19 13:39:20.354656   173   365 W linker  : /system/lib/liblcmedia.so has text relocations. This is wasting memory and prevents security hardening. Please fix.
01-19 13:39:20.365178   173   365 W linker  : /system/lib/liblcmedia.so has text relocations. This is wasting memory and prevents security hardening. Please fix.
01-19 13:39:20.370985   286   317 D BootAnimation: In checkExit function,the value of service.bootanim.exit is 0 
01-19 13:39:20.375762   173   365 W linker  : /system/lib/liblcmedia.so has text relocations. This is wasting memory and prevents security hardening. Please fix.
01-19 13:39:20.382122   169   326 I gralloc : alloc_device_alloc: prepare to alloc buffer, [240 x 320], size = 307200, pixel_stride =240 byte_stride =960 req_format = 2, internal_format=2, usage = 0xb00 
01-19 13:39:20.383063   169   326 I gralloc : alloc_device_alloc, gc_gralloc_wrap succeed, phys = 0xffffffff, vaddr = 0xb355c000, i = 1 
01-19 13:39:20.383122   169   326 I gralloc : alloc_device_alloc: alloc phys_addr = 0, base = 0xb355c000, ion_hnd_debug = 2
01-19 13:39:20.383163   169   326 E         : yao6 GraphicBufferAlloc: format 2
01-19 13:39:20.383650   286   317 I [Gralloc]: gralloc_backend_register line 85 size307200 base0xb36f5000 phys_addr0 share_fd17 usage0xb00 ion_hnd_debug2
01-19 13:39:20.392927   173   365 W linker  : /system/lib/liblcmedia.so has text relocations. This is wasting memory and prevents security hardening. Please fix.
01-19 13:39:20.404241   173   365 W linker  : /system/lib/liblcmedia.so has text relocations. This is wasting memory and prevents security hardening. Please fix.
01-19 13:39:20.417437   173   365 W linker  : /system/lib/liblcmedia.so has text relocations. This is wasting memory and prevents security hardening. Please fix.
01-19 13:39:20.428134   173   365 W linker  : /system/lib/liblcmedia.so has text relocations. This is wasting memory and prevents security hardening. Please fix.
01-19 13:39:20.438571   173   365 W linker  : /system/lib/liblcmedia.so has text relocations. This is wasting memory and prevents security hardening. Please fix.
01-19 13:39:20.449134   173   365 W linker  : /system/lib/liblcmedia.so has text relocations. This is wasting memory and prevents security hardening. Please fix.
01-19 13:39:20.460526   173   365 W linker  : /system/lib/liblcmedia.so has text relocations. This is wasting memory and prevents security hardening. Please fix.
01-19 13:39:20.470882   173   365 W linker  : /system/lib/liblcmedia.so has text relocations. This is wasting memory and prevents security hardening. Please fix.
01-19 13:39:20.473792   355   355 D LC-POWERON-LOG: failed to open device /dev/socbridge,error:2-No such file or directory 
01-19 13:39:20.482059   173   365 W linker  : /system/lib/liblcmedia.so has text relocations. This is wasting memory and prevents security hardening. Please fix.
01-19 13:39:20.496269   173   365 W linker  : /system/lib/liblcmedia.so has text relocations. This is wasting memory and prevents security hardening. Please fix.
01-19 13:39:20.512978   181   181 I IpsmVmSrv: main: persist.sys.calls.on.ims: [true]
01-19 13:39:20.513085   181   181 I IpsmVmSrv: main: IpsmVideoServer
01-19 13:39:20.513254   181   181 I IpsmVmVS: IpsmVideoServer: start
01-19 13:39:20.513332   181   181 I IpsmVmIpc: IpsmIpcAgent: start
01-19 13:39:20.513349   181   181 I IpsmVmIpc: IpsmIpcAgent: ok
01-19 13:39:20.513407   181   181 I IpsmVmCSock: IpsmSocket: start, name=/tmp/ipsmvideoserver
01-19 13:39:20.513422   181   181 I IpsmVmCSock: IpsmSocket: ok
01-19 13:39:20.513441   181   181 I IpsmVmSSock: IpsmSrvSocket: start, name=/tmp/ipsmvideoserver
01-19 13:39:20.513456   181   181 I IpsmVmSSock: IpsmSrvSocket: ok
01-19 13:39:20.513470   181   181 I IpsmVmVS: IpsmVideoServer: ok
01-19 13:39:20.518326   173   365 W linker  : /system/lib/liblcmedia.so has text relocations. This is wasting memory and prevents security hardening. Please fix.
01-19 13:39:20.526298   173   365 E OMXNodeInstance: getParameter(1a:google.wmv1.decoder, ParamVideoProfileLevelQuerySupported(0x600000f)) ERROR: UnsupportedIndex(0x8000101a)
01-19 13:39:20.526399   173   365 W OMXNodeInstance: [1a:google.wmv1.decoder] component does not support metadata mode; using fallback
01-19 13:39:20.526431   173   365 E OMXNodeInstance: getExtensionIndex(1a:google.wmv1.decoder, OMX.google.android.index.prepareForAdaptivePlayback) ERROR: UnsupportedIndex(0x8000101a)
01-19 13:39:20.526899   173   365 V SoftFFmpegVideo: FFMpeg Video Decoder Performance: Total Frame: 0, Total Time: 0(ms), Decoding FPS: nan, Max frame decoding time:0(us)
01-19 13:39:20.530149   182   182 D lc-oms-mla: sys call: open() failed! errno = 2
01-19 13:39:20.530254   182   182 D lc-oms-mla: FILE-leadcore/service/lc-oms-serv/lc-oms-mla/lc-oms-mla/./mla/mla-handle.c, LINE-1330, FUNC-mla_start(), error_code=-1, errno=2
01-19 13:39:20.530999   173   365 W linker  : /system/lib/liblcmedia.so has text relocations. This is wasting memory and prevents security hardening. Please fix.
01-19 13:39:20.537864   286   317 D BootAnimation: In checkExit function,the value of service.bootanim.exit is 0 
01-19 13:39:20.538665   173   365 E OMXNodeInstance: getParameter(1b:google.wmv2.decoder, ParamVideoProfileLevelQuerySupported(0x600000f)) ERROR: UnsupportedIndex(0x8000101a)
01-19 13:39:20.538749   173   365 W OMXNodeInstance: [1b:google.wmv2.decoder] component does not support metadata mode; using fallback
01-19 13:39:20.538781   173   365 E OMXNodeInstance: getExtensionIndex(1b:google.wmv2.decoder, OMX.google.android.index.prepareForAdaptivePlayback) ERROR: UnsupportedIndex(0x8000101a)
01-19 13:39:20.540417   173   365 V SoftFFmpegVideo: FFMpeg Video Decoder Performance: Total Frame: 0, Total Time: 0(ms), Decoding FPS: nan, Max frame decoding time:0(us)
01-19 13:39:20.548524   169   326 I gralloc : alloc_device_alloc: prepare to alloc buffer, [240 x 320], size = 307200, pixel_stride =240 byte_stride =960 req_format = 2, internal_format=2, usage = 0xb00 
01-19 13:39:20.549343   169   326 I gralloc : alloc_device_alloc, gc_gralloc_wrap succeed, phys = 0xffffffff, vaddr = 0xb31b5000, i = 2 
01-19 13:39:20.549397   169   326 I gralloc : alloc_device_alloc: alloc phys_addr = 0, base = 0xb31b5000, ion_hnd_debug = 3
01-19 13:39:20.549434   169   326 E         : yao6 GraphicBufferAlloc: format 2
01-19 13:39:20.549988   286   317 I [Gralloc]: gralloc_backend_register line 85 size307200 base0xb36aa000 phys_addr0 share_fd18 usage0xb00 ion_hnd_debug3
01-19 13:39:20.559268   173   365 W linker  : /system/lib/liblcmedia.so has text relocations. This is wasting memory and prevents security hardening. Please fix.
01-19 13:39:20.568134   173   365 E OMXNodeInstance: getParameter(1c:google.msmpeg4v3.decoder, ParamVideoProfileLevelQuerySupported(0x600000f)) ERROR: UnsupportedIndex(0x8000101a)
01-19 13:39:20.568232   173   365 W OMXNodeInstance: [1c:google.msmpeg4v3.decoder] component does not support metadata mode; using fallback
01-19 13:39:20.568267   173   365 E OMXNodeInstance: getExtensionIndex(1c:google.msmpeg4v3.decoder, OMX.google.android.index.prepareForAdaptivePlayback) ERROR: UnsupportedIndex(0x8000101a)
01-19 13:39:20.568486   173   365 V SoftFFmpegVideo: FFMpeg Video Decoder Performance: Total Frame: 0, Total Time: 0(ms), Decoding FPS: nan, Max frame decoding time:0(us)
01-19 13:39:20.579468   173   365 I ion     : open /dev/ion success fd 17!
01-19 13:39:20.579534   173   365 I Hantro_omx_OSAL: open ion success!alloc 0xb35c2bac ion_client 17
01-19 13:39:20.579959   173   365 E h1_video_encoder: API: extensions not supported OMX.google.android.index.describeColorFormat
01-19 13:39:20.580008   173   365 E h1_video_encoder: API: extensions not supported OMX.google.android.index.describeColorFormat
01-19 13:39:20.580037   173   365 E h1_video_encoder: API: extensions not supported OMX.google.android.index.describeColorFormat
01-19 13:39:20.580065   173   365 E h1_video_encoder: API: extensions not supported OMX.google.android.index.describeColorFormat
01-19 13:39:20.580098   173   365 E h1_video_encoder: API: extensions not supported OMX.google.android.index.describeColorFormat
01-19 13:39:20.580124   173   365 W ACodec  : do not know color format 0x19 = 25
01-19 13:39:20.580152   173   365 E h1_video_encoder: API: extensions not supported OMX.google.android.index.describeColorFormat
01-19 13:39:20.580174   173   365 W ACodec  : do not know color format 0x1b = 27
01-19 13:39:20.580268   173   365 E h1_video_encoder: API: extensions not supported OMX.google.android.index.describeColorFormat
01-19 13:39:20.580292   173   365 W ACodec  : do not know color format 0x6 = 6
01-19 13:39:20.580318   173   365 E h1_video_encoder: API: extensions not supported OMX.google.android.index.describeColorFormat
01-19 13:39:20.580339   173   365 W ACodec  : do not know color format 0x7 = 7
01-19 13:39:20.580370   173   365 E h1_video_encoder: API: extensions not supported OMX.google.android.index.describeColorFormat
01-19 13:39:20.580390   173   365 W ACodec  : do not know color format 0x3 = 3
01-19 13:39:20.580414   173   365 E h1_video_encoder: API: extensions not supported OMX.google.android.index.describeColorFormat
01-19 13:39:20.580434   173   365 W ACodec  : do not know color format 0x4 = 4
01-19 13:39:20.580459   173   365 E h1_video_encoder: API: extensions not supported OMX.google.android.index.describeColorFormat
01-19 13:39:20.580479   173   365 W ACodec  : do not know color format 0xb = 11
01-19 13:39:20.580503   173   365 E h1_video_encoder: API: extensions not supported OMX.google.android.index.describeColorFormat
01-19 13:39:20.580522   173   365 W ACodec  : do not know color format 0xc = 12
01-19 13:39:20.580545   173   365 E h1_video_encoder: API: extensions not supported OMX.google.android.index.describeColorFormat
01-19 13:39:20.580565   173   365 W ACodec  : do not know color format 0xe = 14
01-19 13:39:20.580587   173   365 E h1_video_encoder: API: extensions not supported OMX.google.android.index.describeColorFormat
01-19 13:39:20.580608   173   365 W ACodec  : do not know color format 0x10 = 16
01-19 13:39:20.580631   173   365 E h1_video_encoder: API: extensions not supported OMX.google.android.index.describeColorFormat
01-19 13:39:20.580651   173   365 W ACodec  : do not know color format 0x5 = 5
01-19 13:39:20.580673   173   365 E h1_video_encoder: API: extensions not supported OMX.google.android.index.describeColorFormat
01-19 13:39:20.580696   173   365 W ACodec  : do not know color format 0x7f000789 = 2130708361
01-19 13:39:20.580718   173   365 E h1_video_encoder: OMX_ErrorNoMore (16)
01-19 13:39:20.580882   173   444 E h1_video_encoder: ASYNC: got CMD_EXIT_LOOP
01-19 13:39:20.585052   173   365 I Hantro_omx_OSAL: Close ion! alloc 0xb35c2bac ion_client 17
01-19 13:39:20.590166   173   365 I ion     : open /dev/ion success fd 17!
01-19 13:39:20.590343   173   365 I Hantro_omx_OSAL: open ion success!alloc 0xb35c2bac ion_client 17
01-19 13:39:20.590755   173   365 E 7280_video_encoder: API: extensions not supported OMX.google.android.index.describeColorFormat
01-19 13:39:20.590808   173   365 E 7280_video_encoder: API: extensions not supported OMX.google.android.index.describeColorFormat
01-19 13:39:20.590839   173   365 E 7280_video_encoder: API: extensions not supported OMX.google.android.index.describeColorFormat
01-19 13:39:20.590863   173   365 E 7280_video_encoder: API: extensions not supported OMX.google.android.index.describeColorFormat
01-19 13:39:20.590896   173   365 E 7280_video_encoder: API: extensions not supported OMX.google.android.index.describeColorFormat
01-19 13:39:20.590924   173   365 W ACodec  : do not know color format 0x19 = 25
01-19 13:39:20.590952   173   365 E 7280_video_encoder: API: extensions not supported OMX.google.android.index.describeColorFormat
01-19 13:39:20.590974   173   365 W ACodec  : do not know color format 0x1b = 27
01-19 13:39:20.591000   173   365 E 7280_video_encoder: API: extensions not supported OMX.google.android.index.describeColorFormat
01-19 13:39:20.591021   173   365 W ACodec  : do not know color format 0x6 = 6
01-19 13:39:20.591048   173   365 E 7280_video_encoder: API: extensions not supported OMX.google.android.index.describeColorFormat
01-19 13:39:20.591070   173   365 W ACodec  : do not know color format 0x7 = 7
01-19 13:39:20.591103   173   365 E 7280_video_encoder: API: extensions not supported OMX.google.android.index.describeColorFormat
01-19 13:39:20.591129   173   365 W ACodec  : do not know color format 0x3 = 3
01-19 13:39:20.591158   173   365 E 7280_video_encoder: API: extensions not supported OMX.google.android.index.describeColorFormat
01-19 13:39:20.591181   173   365 W ACodec  : do not know color format 0x4 = 4
01-19 13:39:20.591208   173   365 E 7280_video_encoder: API: extensions not supported OMX.google.android.index.describeColorFormat
01-19 13:39:20.591234   173   365 W ACodec  : do not know color format 0x16 = 22
01-19 13:39:20.591261   173   365 E 7280_video_encoder: API: extensions not supported OMX.google.android.index.describeColorFormat
01-19 13:39:20.591284   173   365 W ACodec  : do not know color format 0x5 = 5
01-19 13:39:20.591307   173   365 E 7280_video_encoder: API: extensions not supported OMX.google.android.index.describeColorFormat
01-19 13:39:20.591332   173   365 W ACodec  : do not know color format 0x7f000789 = 2130708361
01-19 13:39:20.595772   173   365 I Hantro_omx_OSAL: Close ion! alloc 0xb35c2bac ion_client 17
01-19 13:39:20.597491   173   365 I ion     : open /dev/ion success fd 17!
01-19 13:39:20.597560   173   365 I Hantro_omx_OSAL: open ion success!alloc 0xb35c2bac ion_client 17
01-19 13:39:20.597912   173   365 E 7280_video_encoder: API: extensions not supported OMX.google.android.index.describeColorFormat
01-19 13:39:20.597959   173   365 E 7280_video_encoder: API: extensions not supported OMX.google.android.index.describeColorFormat
01-19 13:39:20.597990   173   365 E 7280_video_encoder: API: extensions not supported OMX.google.android.index.describeColorFormat
01-19 13:39:20.598017   173   365 E 7280_video_encoder: API: extensions not supported OMX.google.android.index.describeColorFormat
01-19 13:39:20.598051   173   365 E 7280_video_encoder: API: extensions not supported OMX.google.android.index.describeColorFormat
01-19 13:39:20.598080   173   365 W ACodec  : do not know color format 0x19 = 25
01-19 13:39:20.598106   173   365 E 7280_video_encoder: API: extensions not supported OMX.google.android.index.describeColorFormat
01-19 13:39:20.598129   173   365 W ACodec  : do not know color format 0x1b = 27
01-19 13:39:20.598157   173   365 E 7280_video_encoder: API: extensions not supported OMX.google.android.index.describeColorFormat
01-19 13:39:20.598182   173   365 W ACodec  : do not know color format 0x6 = 6
01-19 13:39:20.598209   173   365 E 7280_video_encoder: API: extensions not supported OMX.google.android.index.describeColorFormat
01-19 13:39:20.598229   173   365 W ACodec  : do not know color format 0x7 = 7
01-19 13:39:20.598256   173   365 E 7280_video_encoder: API: extensions not supported OMX.google.android.index.describeColorFormat
01-19 13:39:20.598277   173   365 W ACodec  : do not know color format 0x3 = 3
01-19 13:39:20.598302   173   365 E 7280_video_encoder: API: extensions not supported OMX.google.android.index.describeColorFormat
01-19 13:39:20.598324   173   365 W ACodec  : do not know color format 0x4 = 4
01-19 13:39:20.598347   173   365 E 7280_video_encoder: API: extensions not supported OMX.google.android.index.describeColorFormat
01-19 13:39:20.598370   173   365 W ACodec  : do not know color format 0x16 = 22
01-19 13:39:20.598395   173   365 E 7280_video_encoder: API: extensions not supported OMX.google.android.index.describeColorFormat
01-19 13:39:20.598416   173   365 W ACodec  : do not know color format 0x5 = 5
01-19 13:39:20.598444   173   365 E 7280_video_encoder: API: extensions not supported OMX.google.android.index.describeColorFormat
01-19 13:39:20.598469   173   365 W ACodec  : do not know color format 0x7f000789 = 2130708361
01-19 13:39:20.598621   173   450 E 7280_video_encoder: ASYNC: got CMD_EXIT_LOOP
01-19 13:39:20.600575   197   197 D AndroidRuntime: >>>>>> START com.android.internal.os.ZygoteInit uid 0 <<<<<<
01-19 13:39:20.601153   197   197 W JniInvocation: Falling back from libart to libart.so after dlopen error: dlopen failed: library "libart" not found
01-19 13:39:20.602836   173   365 I Hantro_omx_OSAL: Close ion! alloc 0xb35c2bac ion_client 17
01-19 13:39:20.610631   173   365 W OMXNodeInstance: [20:google.mpeg4.decoder] component does not support metadata mode; using fallback
01-19 13:39:20.622898   173   365 W OMXNodeInstance: [21:google.h263.decoder] component does not support metadata mode; using fallback
01-19 13:39:20.636651   173   365 W OMXNodeInstance: [22:google.h264.decoder] component does not support metadata mode; using fallback
01-19 13:39:20.646819   185   185 D lc-oms-pub: (1/30)try to open device "/dev/TTYEMS02"
01-19 13:39:20.646955   185   185 D lc-oms-pub: FILE-leadcore/service/lc-oms-serv/lc-oms-amt/lc-oms-amt/../../lc-oms-pub/lc-oms-pub/util/util.c, LINE-914, FUNC-pub_util_try_to_open_device(), error_code=-118, errno=2
01-19 13:39:20.646984   185   185 D lc-oms-pub: open device "/dev/TTYEMS02" fail: 2 - No such file or directory
01-19 13:39:20.650108   173   365 W OMXNodeInstance: [23:google.hevc.decoder] component does not support metadata mode; using fallback
01-19 13:39:20.658712   173   365 W OMXNodeInstance: [24:google.vp8.decoder] component does not support metadata mode; using fallback
01-19 13:39:20.663354   169   169 D SurfaceFlinger: shader cache generated - 24 shaders in 344.881531 ms
01-19 13:39:20.663705   173   365 W OMXNodeInstance: [25:google.vp9.decoder] component does not support metadata mode; using fallback
01-19 13:39:20.663742   169   169 I gralloc : alloc_device_alloc: prepare to alloc framebuffer, [240 x 320], size = 153600, pixel_stride =240 byte_stride =480 req_format = 4, internal_format=4, usage = 0x1a00 
01-19 13:39:20.663836   169   169 I [Gralloc]: framebuffer accessed with dma buf (fd 0x1b)
01-19 13:39:20.663867   169   169 I gralloc : alloc FB: phys = 0x3f400000, hnd->offset = 0 
01-19 13:39:20.663966   169   169 I gralloc : alloc_device_alloc, gc_gralloc_wrap succeed, phys = 0x3f400000, vaddr = 0xb410f000, i = 3 
01-19 13:39:20.664000   169   169 I gralloc : alloc_device_alloc: alloc phys_addr = 0, base = 0xb410f000, ion_hnd_debug = 0
01-19 13:39:20.664034   169   169 E         : yao6 GraphicBufferAlloc: format 4
01-19 13:39:20.671374   169   169 I gralloc : alloc_device_alloc: prepare to alloc framebuffer, [240 x 320], size = 153600, pixel_stride =240 byte_stride =480 req_format = 4, internal_format=4, usage = 0x1a00 
01-19 13:39:20.671483   169   169 I [Gralloc]: framebuffer accessed with dma buf (fd 0x21)
01-19 13:39:20.671515   169   169 I gralloc : alloc FB: phys = 0x3f425800, hnd->offset = 153600 
01-19 13:39:20.671599   169   169 I gralloc : alloc_device_alloc, gc_gralloc_wrap succeed, phys = 0x3f425800, vaddr = 0xb4134800, i = 4 
01-19 13:39:20.671635   169   169 I gralloc : alloc_device_alloc: alloc phys_addr = 0, base = 0xb4134800, ion_hnd_debug = 0
01-19 13:39:20.671676   169   169 E         : yao6 GraphicBufferAlloc: format 4
01-19 13:39:20.676294   173   365 I SoftMPEG4Encoder: Construct SoftMPEG4Encoder
01-19 13:39:20.677533   355   355 D LC-POWERON-LOG: failed to open device /dev/socbridge,error:2-No such file or directory 
01-19 13:39:20.677785   173   365 W ACodec  : do not know color format 0x7f000789 = 2130708361
01-19 13:39:20.681218   169   169 I v_hwc   : Display(0xb4e29000) detected: format=209 240x320
01-19 13:39:20.681290   169   169 I v_hwc   : Display buffer(0xb38be300) detected: physical=0x3f425800
01-19 13:39:20.686247   169   169 I gralloc : alloc_device_alloc: prepare to alloc framebuffer, [240 x 320], size = 153600, pixel_stride =240 byte_stride =480 req_format = 4, internal_format=4, usage = 0x1a00 
01-19 13:39:20.686337   169   169 I [Gralloc]: framebuffer accessed with dma buf (fd 0x22)
01-19 13:39:20.686367   169   169 I gralloc : alloc FB: phys = 0x3f44b000, hnd->offset = 307200 
01-19 13:39:20.686462   169   169 I gralloc : alloc_device_alloc, gc_gralloc_wrap succeed, phys = 0x3f44b000, vaddr = 0xb415a000, i = 5 
01-19 13:39:20.686496   169   169 I gralloc : alloc_device_alloc: alloc phys_addr = 0, base = 0xb415a000, ion_hnd_debug = 0
01-19 13:39:20.686527   169   169 E         : yao6 GraphicBufferAlloc: format 4
01-19 13:39:20.686995   169   169 I v_hwc   : Display buffer(0xb38be320) detected: physical=0x3f44b000
01-19 13:39:20.688163   173   365 W ACodec  : do not know color format 0x7f000789 = 2130708361
01-19 13:39:20.691631   173   365 I SoftMPEG4Encoder: Construct SoftMPEG4Encoder
01-19 13:39:20.691846   173   365 W ACodec  : do not know color format 0x7f000789 = 2130708361
01-19 13:39:20.704735   286   317 D BootAnimation: In checkExit function,the value of service.bootanim.exit is 0 
01-19 13:39:20.715948   173   365 W ACodec  : do not know color format 0x7f000789 = 2130708361
01-19 13:39:20.796988   173   365 W MediaCodecList: unable to open media codecs configuration xml file: /etc/media_codecs_performance.xml
01-19 13:39:20.797319   173   365 W MediaCodecList: unable to open media codecs configuration xml file: /data/misc/media/media_codecs_profiling_results.xml
01-19 13:39:20.800542   173   366 E OMXNodeInstance: setConfig(38:google.mp3.decoder, ConfigPriority(0x6f800002)) ERROR: Undefined(0x80001001)
01-19 13:39:20.800614   173   366 I ACodec  : codec does not support config priority (err -2147483648)
01-19 13:39:20.801240   173   366 E         : batterystats service unavailable!
01-19 13:39:20.801521   173   366 I MediaCodec: MediaCodec will operate in async mode
01-19 13:39:20.805811   173   363 V APM::AudioPolicyManager: getOutput() device 2, stream 3, samplingRate 0, format 0, channelMask 3, flags 0
01-19 13:39:20.805909   173   363 W APM::AudioPolicyManager: getOutput() could not find output for stream 3, samplingRate 0,format 0, channels 3, flags 0
01-19 13:39:20.805939   173   363 V APM::AudioPolicyManager:   getOutputForDevice() returns output 0
01-19 13:39:20.805976   173   363 W NuPlayerRenderer: openAudioSink: non offloaded open failed status: -19
01-19 13:39:20.806143   173   351 E NuPlayer: received error(0xffffffed) from audio decoder, flushing(0), now shutting down
01-19 13:39:20.806212   173   351 D NuPlayerDriver: notifyListener_l(0xb609dcc0), (100, 1, -19)
