01-19 13:41:40.845175  1053  1926 D Ethernet: got request NetworkRequest [ id=1, legacyType=-1, [ Capabilities: INTERNET&NOT_RESTRICTED&TRUSTED&NOT_VPN] ] with score 0
01-19 13:41:40.845318  1053  1926 D Ethernet: evalRequest: n.score = 0, mScore = -1
01-19 13:41:40.845343  1053  1926 D Ethernet: evalRequest:  done
01-19 13:41:40.860603  1053  1053 I SELinux : SELinux: Loaded file_contexts contexts from /file_contexts.
01-19 13:41:40.863546  1053  1053 V BackupManagerService: No ancestral data
01-19 13:41:40.865156   286   317 D BootAnimation: In checkExit function,the value of service.bootanim.exit is 0 
01-19 13:41:40.912385  1053  1053 V KeyValueBackupJob: Scheduling k/v pass in 245 minutes
01-19 13:41:40.927709  1053  1053 V BackupManagerService: Starting with transport android/com.android.internal.backup.LocalTransport
01-19 13:41:40.927896  1053  1053 V BackupManagerService: Found transports: 1
01-19 13:41:40.941936  1053  1053 I DefaultPermGrantPolicy: Granting permissions to platform components for user 0
01-19 13:41:40.943056  1053  1053 D VoldConnector: SND -> {4 volume remount_uid 1001 none}
01-19 13:41:40.943519   154   157 D vold    : Remounting 1001 as mode none
01-19 13:41:40.945042  1053  1093 I WindowManager: Screen turning on...
01-19 13:41:40.945196  1053  1093 W KeyguardServiceDelegate: onScreenTurningOn(): no keyguard service!
01-19 13:41:40.948216  1053  1093 I Sensors-leadcore: Activate for handle 5(light)
01-19 13:41:40.948266  1053  1093 I sensor-Sensors: activate,handle: 5, enabled: 1,index:3,mAccMask[0x0],mMagMask[0x0]
01-19 13:41:40.948292  1053  1093 E Sensors : LightSensor::enable,handle = 5,flags = 1,mEnabled=0
01-19 13:41:40.950238  1053  1483 D VoldConnector: RCV <- {200 4 Command succeeded}
01-19 13:41:40.950848  1053  1053 D VoldConnector: SND -> {5 volume remount_uid 1001 none}
01-19 13:41:40.951205   154   157 D vold    : Remounting 1001 as mode none
01-19 13:41:40.956156  1053  1483 D VoldConnector: RCV <- {200 5 Command succeeded}
01-19 13:41:40.960648  1053  1053 D VoldConnector: SND -> {6 volume remount_uid 2000 none}
01-19 13:41:40.960992   154   157 D vold    : Remounting 2000 as mode none
01-19 13:41:40.965168   154   157 D vold    : Found matching PID 161
01-19 13:41:40.965304   154   157 W vold    : Skipping due to root namespace
01-19 13:41:40.965747   154   157 D vold    : Found matching PID 292
01-19 13:41:40.965821   154   157 W vold    : Skipping due to root namespace
01-19 13:41:40.965863   154   157 D vold    : Found matching PID 304
01-19 13:41:40.965914   154   157 W vold    : Skipping due to root namespace
01-19 13:41:40.965954   154   157 D vold    : Found matching PID 311
01-19 13:41:40.966003   154   157 W vold    : Skipping due to root namespace
01-19 13:41:40.966110   154   157 D vold    : Found matching PID 1900
01-19 13:41:40.966190   154   157 W vold    : Skipping due to root namespace
01-19 13:41:40.966364  1053  1483 D VoldConnector: RCV <- {200 6 Command succeeded}
01-19 13:41:40.966823  1053  1053 D VoldConnector: SND -> {7 volume remount_uid 2000 none}
01-19 13:41:40.967108   154   157 D vold    : Remounting 2000 as mode none
01-19 13:41:40.971173   154   157 D vold    : Found matching PID 161
01-19 13:41:40.971224   154   157 W vold    : Skipping due to root namespace
01-19 13:41:40.971659   154   157 D vold    : Found matching PID 292
01-19 13:41:40.971696   154   157 W vold    : Skipping due to root namespace
01-19 13:41:40.971740   154   157 D vold    : Found matching PID 304
01-19 13:41:40.971774   154   157 W vold    : Skipping due to root namespace
01-19 13:41:40.971814   154   157 D vold    : Found matching PID 311
01-19 13:41:40.971847   154   157 W vold    : Skipping due to root namespace
01-19 13:41:40.971948   154   157 D vold    : Found matching PID 1900
01-19 13:41:40.971985   154   157 W vold    : Skipping due to root namespace
01-19 13:41:40.972144  1053  1483 D VoldConnector: RCV <- {200 7 Command succeeded}
01-19 13:41:40.972905  1053  1053 D VoldConnector: SND -> {8 volume remount_uid 10020 none}
01-19 13:41:40.973199   154   157 D vold    : Remounting 10020 as mode none
01-19 13:41:40.977906  1053  1483 D VoldConnector: RCV <- {200 8 Command succeeded}
01-19 13:41:40.978319  1053  1053 D VoldConnector: SND -> {9 volume remount_uid 10020 none}
01-19 13:41:40.978589   154   157 D vold    : Remounting 10020 as mode none
01-19 13:41:40.983287  1053  1483 D VoldConnector: RCV <- {200 9 Command succeeded}
01-19 13:41:40.984244  1053  1053 D VoldConnector: SND -> {10 volume remount_uid 1002 none}
01-19 13:41:40.984536   154   157 D vold    : Remounting 1002 as mode none
01-19 13:41:40.989197  1053  1483 D VoldConnector: RCV <- {200 10 Command succeeded}
01-19 13:41:40.989620  1053  1053 D VoldConnector: SND -> {11 volume remount_uid 1002 none}
01-19 13:41:40.989906   154   157 D vold    : Remounting 1002 as mode none
01-19 13:41:40.994552  1053  1483 D VoldConnector: RCV <- {200 11 Command succeeded}
01-19 13:41:40.995350  1053  1053 I DefaultPermGrantPolicy: Granting permissions to default platform handlers for user 0
01-19 13:41:40.995803  1053  1053 W VoiceInteractionManagerService: no available voice interaction services found for user 0
01-19 13:41:40.995878  1053  1053 W VoiceInteractionManagerService: no available voice recognition services found for user 0
01-19 13:41:40.996372  1053  1053 D VoldConnector: SND -> {12 volume remount_uid 10014 none}
01-19 13:41:40.996723   154   157 D vold    : Remounting 10014 as mode none
01-19 13:41:41.001541  1053  1483 D VoldConnector: RCV <- {200 12 Command succeeded}
01-19 13:41:41.002531  1053  1053 I DefaultPermGrantPolicy: Granting recorderPackage =Package{2dfe2ac com.android.soundrecorder}
01-19 13:41:41.003055  1053  1053 D VoldConnector: SND -> {13 volume remount_uid 10041 none}
01-19 13:41:41.003405   154   157 D vold    : Remounting 10041 as mode none
01-19 13:41:41.008227  1053  1483 D VoldConnector: RCV <- {200 13 Command succeeded}
01-19 13:41:41.008688  1053  1053 D VoldConnector: SND -> {14 volume remount_uid 10051 none}
01-19 13:41:41.008983   154   157 D vold    : Remounting 10051 as mode none
01-19 13:41:41.013704  1053  1483 D VoldConnector: RCV <- {200 14 Command succeeded}
01-19 13:41:41.014112  1053  1053 D VoldConnector: SND -> {15 volume remount_uid 10051 none}
01-19 13:41:41.014398   154   157 D vold    : Remounting 10051 as mode none
01-19 13:41:41.019060  1053  1483 D VoldConnector: RCV <- {200 15 Command succeeded}
01-19 13:41:41.019575  1053  1053 D VoldConnector: SND -> {16 volume remount_uid 10042 none}
01-19 13:41:41.019860   154   157 D vold    : Remounting 10042 as mode none
01-19 13:41:41.024857  1053  1483 D VoldConnector: RCV <- {200 16 Command succeeded}
01-19 13:41:41.025399  1053  1053 D VoldConnector: SND -> {17 volume remount_uid 10042 none}
01-19 13:41:41.025725   154   157 D vold    : Remounting 10042 as mode none
01-19 13:41:41.030911  1053  1483 D VoldConnector: RCV <- {200 17 Command succeeded}
01-19 13:41:41.031624  1053  1053 D VoldConnector: SND -> {18 volume remount_uid 10006 none}
01-19 13:41:41.032000   154   157 D vold    : Remounting 10006 as mode none
01-19 13:41:41.032415   286   317 D BootAnimation: In checkExit function,the value of service.bootanim.exit is 0 
01-19 13:41:41.037270  1053  1483 D VoldConnector: RCV <- {200 18 Command succeeded}
01-19 13:41:41.037928  1053  1053 D VoldConnector: SND -> {19 volume remount_uid 10006 none}
01-19 13:41:41.038340   154   157 D vold    : Remounting 10006 as mode none
01-19 13:41:41.043861  1053  1483 D VoldConnector: RCV <- {200 19 Command succeeded}
01-19 13:41:41.044727  1053  1053 D VoldConnector: SND -> {20 volume remount_uid 10007 none}
01-19 13:41:41.045104   154   157 D vold    : Remounting 10007 as mode none
01-19 13:41:41.050133  1053  1483 D VoldConnector: RCV <- {200 20 Command succeeded}
01-19 13:41:41.050687  1053  1053 D VoldConnector: SND -> {21 volume remount_uid 10007 none}
01-19 13:41:41.050988   154   157 D vold    : Remounting 10007 as mode none
01-19 13:41:41.055784  1053  1483 D VoldConnector: RCV <- {200 21 Command succeeded}
01-19 13:41:41.059144  1053  1053 D VoldConnector: SND -> {22 volume remount_uid 10002 none}
01-19 13:41:41.059407   154   157 D vold    : Remounting 10002 as mode none
01-19 13:41:41.064333  1053  1483 D VoldConnector: RCV <- {200 22 Command succeeded}
01-19 13:41:41.064770  1053  1053 D VoldConnector: SND -> {23 volume remount_uid 10002 none}
01-19 13:41:41.064994   154   157 D vold    : Remounting 10002 as mode none
01-19 13:41:41.069712  1053  1483 D VoldConnector: RCV <- {200 23 Command succeeded}
01-19 13:41:41.071234  1053  1053 I DefaultPermGrantPolicy: Granting permissions to enabled carrier apps for user:0
01-19 13:41:41.072842  1053  1053 D VoldConnector: SND -> {24 volume remount_uid 10026 none}
01-19 13:41:41.073119   154   157 D vold    : Remounting 10026 as mode none
01-19 13:41:41.077927  1053  1483 D VoldConnector: RCV <- {200 24 Command succeeded}
01-19 13:41:41.078376  1053  1053 D VoldConnector: SND -> {25 volume remount_uid 10026 none}
01-19 13:41:41.078632   154   157 D vold    : Remounting 10026 as mode none
01-19 13:41:41.083412  1053  1483 D VoldConnector: RCV <- {200 25 Command succeeded}
01-19 13:41:41.088962  1053  1053 I ActivityManager: Pre-boot of {com.android.providers.calendar/com.android.providers.calendar.CalendarUpgradeReceiver} for user 0
01-19 13:41:41.100402  1053  1093 E Sensors : LightSensor::enable 0
01-19 13:41:41.100543  1053  1093 I Sensors-leadcore: Set delay for handle 5(light), ns = 250000000 sub_dev->setDelay= 0xa173eb2d
01-19 13:41:41.100576  1053  1093 I sensor-Sensors: setDelay,handle: 5, ns: 250000000,index:3
01-19 13:41:41.100600  1053  1093 E Sensors : LightSensor::enable 0
01-19 13:41:41.101850  1053  1093 D DisplayPowerState: notify set backlight thread run
01-19 13:41:41.104057  1053  1053 I SystemServer: Enabled StrictMode for system server main thread.
01-19 13:41:41.109188  1053  1085 I Zygote  : Process: zygote socket opened, supported ABIS: armeabi-v7a,armeabi
01-19 13:41:41.121107  1053  1085 I ActivityManager: Start proc 1932:com.android.providers.calendar/u0a2 for broadcast com.android.providers.calendar/.CalendarUpgradeReceiver
01-19 13:41:41.125545  1053  1087 D UsbDeviceManager: setEnabledFunctions functions=mtp,adb, forceRestart=false
01-19 13:41:41.125661  1053  1087 I UsbDeviceManager: functionsCompatiableSupported : function = mtp, functionsArray = adb
01-19 13:41:41.125711  1053  1087 I UsbDeviceManager: compatiableFunctions = mtp,adb
01-19 13:41:41.125747  1053  1087 I UsbDeviceManager: isUsbConfigurationsCombinationSupported : mtp,adb
01-19 13:41:41.125932  1053  1087 I UsbDeviceManager: functionsCompatiableSupported : functions = mtp, functionsArray = adb, return = mtp,adb
01-19 13:41:41.125937  1053  1053 D RttService: SCAN_AVAILABLE : 1
01-19 13:41:41.125962  1053  1087 I UsbDeviceManager: getDefaultFunctions , return mtp,adb
01-19 13:41:41.125987  1053  1087 I UsbDeviceManager: fixFuntions(mtp,adb) ,defaultfunctions = mtp,adb
01-19 13:41:41.126017  1053  1087 I UsbDeviceManager: functionsCompatiableSupported : function = mtp,adb, functionsArray = mtp,adb
01-19 13:41:41.126049  1053  1087 I UsbDeviceManager: fixedFunctions :mtp,adb, sys.usb.config = mtp,adb, return :mtp,adb,mOldConfiguration =null
01-19 13:41:41.126083  1053  1087 I UsbDeviceManager: trySetEnabledFunctions : functions =mtp,adb, forceRestart =false
01-19 13:41:41.132908  1053  1053 D UsbDeviceManager: mBatteryChangedReceiver onReceive action:android.intent.action.BATTERY_CHANGED plugType:1, sys.usb.config = mtp,adb
01-19 13:41:41.133941  1053  1053 W InputMethodManagerService: Illegal subtype state: old subtype = null, new subtype = android.view.inputmethod.InputMethodSubtype@12770f77
01-19 13:41:41.136295  1053  1053 D PowerManagerService: releaseWakeLockInternal: lock=165698204 [*alarm*], flags=0x0
01-19 13:41:41.143344  1053  1887 D WifiController: battery changed pluggedType: 1
01-19 13:41:41.145206   173   173 V APM::AudioPolicyManager: setForceUse() usage 3, config 8, mPhoneState 0
01-19 13:41:41.145280   173   173 E APM::AudioPolicyEngine: getDeviceForStrategy() speaker device not found for STRATEGY_SONIFICATION
01-19 13:41:41.145336   173   173 E APM::AudioPolicyEngine: getDeviceForStrategy() speaker device not found for STRATEGY_SONIFICATION
01-19 13:41:41.145379   173   173 E APM::AudioPolicyEngine: getDeviceForStrategy() speaker device not found for STRATEGY_SONIFICATION
01-19 13:41:41.145428   173   173 E APM::AudioPolicyEngine: getDeviceForStrategy() speaker device not found for STRATEGY_SONIFICATION
01-19 13:41:41.145468   173   173 E APM::AudioPolicyEngine: getDeviceForStrategy() speaker device not found for STRATEGY_SONIFICATION
01-19 13:41:41.145503   173   173 E APM::AudioPolicyEngine: getDeviceForStrategy() speaker device not found for STRATEGY_SONIFICATION
01-19 13:41:41.145542   173   173 E APM::AudioPolicyEngine: getDeviceForStrategy() no device found for STRATEGY_TRANSMITTED_THROUGH_SPEAKER
01-19 13:41:41.146897  1053  1053 V BackupManagerService: Connected to transport ComponentInfo{android/com.android.internal.backup.LocalTransportService}
01-19 13:41:41.147189  1053  1053 V BackupManagerService: Registering transport android/com.android.internal.backup.LocalTransportService::android/com.android.internal.backup.LocalTransport = android.app.backup.BackupTransport$TransportImpl@bd50559
01-19 13:41:41.149748  1053  1925 D RttService: DefaultState got{ when=-18ms what=160513 target=com.android.internal.util.StateMachine$SmHandler }
01-19 13:41:41.151192  1053  1053 D UsbDeviceManager: mBatteryChangedReceiver onReceive action:android.intent.action.BATTERY_CHANGED plugType:2, sys.usb.config = mtp,adb
01-19 13:41:41.151587  1053  1887 D WifiController: battery changed pluggedType: 2
01-19 13:41:41.161359  1053  1053 D UsbDeviceManager: mBatteryChangedReceiver onReceive action:android.intent.action.BATTERY_CHANGED plugType:2, sys.usb.config = mtp,adb
01-19 13:41:41.161557  1053  1887 D WifiController: battery changed pluggedType: 2
01-19 13:41:41.169123  1053  1082 I ActivityManager: Launching preboot mode app: ProcessRecord{d2a951e 1932:com.android.providers.calendar/u0a2}
01-19 13:41:41.199210   286   317 D BootAnimation: In checkExit function,the value of service.bootanim.exit is 0 
01-19 13:41:41.259752  1932  1932 W System  : ClassLoader referenced unknown path: /system/priv-app/CalendarProvider/lib/arm
01-19 13:41:41.316910  1053  1949 I ActivityManager: Pre-boot of {com.android.providers.contacts/com.android.providers.contacts.ContactsUpgradeReceiver} for user 0
01-19 13:41:41.334135  1053  1949 I ActivityManager: Start proc 1952:android.process.acore/u0a0 for broadcast com.android.providers.contacts/.ContactsUpgradeReceiver
01-19 13:41:41.366083   286   317 D BootAnimation: In checkExit function,the value of service.bootanim.exit is 0 
01-19 13:41:41.372776  1053  1083 I ActivityManager: Launching preboot mode app: ProcessRecord{7c4d1ff 1952:android.process.acore/u0a0}
01-19 13:41:41.430526  1053  1473 E Sensors : read light lux = 32000
01-19 13:41:41.458764  1952  1952 W System  : ClassLoader referenced unknown path: /system/priv-app/ContactsProvider/lib/arm
01-19 13:41:41.489408  1952  1952 I ContactsUpgradeReceiver: Creating or opening contacts database
01-19 13:41:41.523389  1952  1952 I ContactsDatabaseHelper: Bootstrapping database version: 1012
01-19 13:41:41.532971   286   317 D BootAnimation: In checkExit function,the value of service.bootanim.exit is 0 
01-19 13:41:41.668852  1952  1952 I ContactsProviderV1: Bootstrapping database legacy support
01-19 13:41:41.699811   286   317 D BootAnimation: In checkExit function,the value of service.bootanim.exit is 0 
01-19 13:41:41.825400  1952  1952 I ContactsDatabaseHelper: Bootstrapping database version: 1012
01-19 13:41:41.866660   286   317 D BootAnimation: In checkExit function,the value of service.bootanim.exit is 0 
01-19 13:41:41.944861  1053  1086 W WindowManager: Keyguard drawn timeout. Setting mKeyguardDrawComplete
01-19 13:41:41.945123  1053  1086 I WindowManager: All windows ready for display!
01-19 13:41:41.945172  1053  1086 I WindowManager: In the function mWaitingForDrawn.isEmpty()
01-19 13:41:41.945290  1053  1086 W WindowManager: Setting mWindowManagerDrawComplete
01-19 13:41:41.945479  1053  1086 D WindowManager: finishScreenTurningOn: mAwake=false, mScreenOnEarly=true, mScreenOnFully=false, mKeyguardDrawComplete=true, mWindowManagerDrawComplete=true
01-19 13:41:41.945775  1053  1086 I WindowManager: Finished screen turning on...
01-19 13:41:41.947097  1952  1952 I ContactsProviderV1: Bootstrapping database legacy support
01-19 13:41:41.985332  1900  1900 I adbd    : handle_packet: A_CNXN handle_online
01-19 13:41:41.985462  1900  1900 I adbd    : handle_packet: A_CNXN send_connect
01-19 13:41:42.033499   286   317 D BootAnimation: In checkExit function,the value of service.bootanim.exit is 0 
01-19 13:41:42.100938  1952  1952 I ContactsProvider: Locale has changed from null to de-DE
01-19 13:41:42.102468  1952  1952 I ContactsDatabaseHelper: Switching to locale de-DE (ICU v55.1)
01-19 13:41:42.144433  1952  1952 I ContactsDatabaseHelper: Locale change completed in 42ms
01-19 13:41:42.145624  1952  1952 I ContactsDatabaseHelper: Switching to locale de-DE (ICU v55.1)
01-19 13:41:42.181730  1952  1952 I ContactsDatabaseHelper: Locale change completed in 36ms
01-19 13:41:42.200339   286   317 D BootAnimation: In checkExit function,the value of service.bootanim.exit is 0 
01-19 13:41:42.225978  1053  1083 I ActivityManager: Pre-boot of {com.android.managedprovisioning/com.android.managedprovisioning.PreBootListener} for user 0
01-19 13:41:42.237623  1053  1083 I ActivityManager: Start proc 1968:com.android.managedprovisioning/u0a10 for broadcast com.android.managedprovisioning/.PreBootListener
01-19 13:41:42.262120  1053  1083 I ActivityManager: Launching preboot mode app: ProcessRecord{1034bcc 1968:com.android.managedprovisioning/u0a10}
01-19 13:41:42.332155  1968  1968 W System  : ClassLoader referenced unknown path: /system/priv-app/ManagedProvisioning/lib/arm
01-19 13:41:42.337780  1053  1949 I ActivityManager: Pre-boot of {com.android.providers.media/com.android.providers.media.MediaUpgradeReceiver} for user 0
01-19 13:41:42.351673  1053  1949 I ActivityManager: Start proc 1981:android.process.media/u0a6 for broadcast com.android.providers.media/.MediaUpgradeReceiver
01-19 13:41:42.367224   286   317 D BootAnimation: In checkExit function,the value of service.bootanim.exit is 0 
01-19 13:41:42.388200  1053  1950 I ActivityManager: Launching preboot mode app: ProcessRecord{b479e15 1981:android.process.media/u0a6}
01-19 13:41:42.463500  1981  1981 W System  : ClassLoader referenced unknown path: /system/priv-app/MediaProvider/lib/arm
01-19 13:41:42.502339  1053  1082 I ActivityManager: Pre-boot of {com.android.settings/com.android.settings.ManagedProfileSetup} for user 0
01-19 13:41:42.518202  1053  1082 I ActivityManager: Start proc 1996:com.android.settings/1000 for broadcast com.android.settings/.ManagedProfileSetup
01-19 13:41:42.534100   286   317 D BootAnimation: In checkExit function,the value of service.bootanim.exit is 0 
01-19 13:41:42.560568  1053  1473 E Sensors : read light lux = 32000
01-19 13:41:42.562290  1053  1082 I ActivityManager: Launching preboot mode app: ProcessRecord{8e6e52a 1996:com.android.settings/1000}
01-19 13:41:42.635713  1996  1996 W System  : ClassLoader referenced unknown path: /system/priv-app/Settings/lib/arm
01-19 13:41:42.658074  1053  1085 I ActivityManager: Removing system update proc: ProcessRecord{d2a951e 1932:com.android.providers.calendar/u0a2}
01-19 13:41:42.658802  1053  1085 I ActivityManager: Killing 1932:com.android.providers.calendar/u0a2 (adj 15): system update done
01-19 13:41:42.700992   286   317 D BootAnimation: In checkExit function,the value of service.bootanim.exit is 0 
01-19 13:41:42.724497  1053  1085 I ActivityManager: Removing system update proc: ProcessRecord{7c4d1ff 1952:android.process.acore/u0a0}
01-19 13:41:42.724702  1053  1085 I ActivityManager: Killing 1952:android.process.acore/u0a0 (adj 15): system update done
01-19 13:41:42.794643  1053  1085 I ActivityManager: Removing system update proc: ProcessRecord{1034bcc 1968:com.android.managedprovisioning/u0a10}
01-19 13:41:42.794835  1053  1085 I ActivityManager: Killing 1968:com.android.managedprovisioning/u0a10 (adj 13): system update done
01-19 13:41:42.867860   286   317 D BootAnimation: In checkExit function,the value of service.bootanim.exit is 0 
01-19 13:41:42.896568  1053  1085 I ActivityManager: Removing system update proc: ProcessRecord{b479e15 1981:android.process.media/u0a6}
01-19 13:41:42.896757  1053  1085 I ActivityManager: Killing 1981:android.process.media/u0a6 (adj 11): system update done
01-19 13:41:42.963567  1053  1085 I ActivityManager: Removing system update proc: ProcessRecord{8e6e52a 1996:com.android.settings/1000}
01-19 13:41:42.963748  1053  1085 I ActivityManager: Killing 1996:com.android.settings/1000 (adj 9): system update done
01-19 13:41:43.016633  1053  1085 I ActivityManager: System now ready
01-19 13:41:43.016776  1053  1086 W art     : Long monitor contention event with owner method=void com.android.server.am.ActivityManagerService.systemReady(java.lang.Runnable) from ActivityManagerService.java:11874 waiters=0 for 358ms
01-19 13:41:43.017462  1053  1082 W art     : Long monitor contention event with owner method=void com.android.server.am.ActivityManagerService.systemReady(java.lang.Runnable) from ActivityManagerService.java:11874 waiters=1 for 297ms
01-19 13:41:43.018293  1053  1082 W ActivityManager: Spurious death for ProcessRecord{d2a951e 0:com.android.providers.calendar/u0a2}, curProc for 1932: null
01-19 13:41:43.018645  1053  1949 W ActivityManager: Spurious death for ProcessRecord{1034bcc 0:com.android.managedprovisioning/u0a10}, curProc for 1968: null
01-19 13:41:43.018918  1053  2009 W ActivityManager: Spurious death for ProcessRecord{b479e15 0:android.process.media/u0a6}, curProc for 1981: null
01-19 13:41:43.023376  1053  1085 I SystemServer: Making services ready
01-19 13:41:43.023466  1053  1083 W ActivityManager: Spurious death for ProcessRecord{7c4d1ff 0:android.process.acore/u0a0}, curProc for 1952: null
01-19 13:41:43.023475  1053  1085 I SystemServiceManager: Starting phase 550
01-19 13:41:43.023734  1053  1950 W ActivityManager: Spurious death for ProcessRecord{8e6e52a 0:com.android.settings/1000}, curProc for 1996: null
01-19 13:41:43.030782  1053  1482 D MountService: Thinking about reset, mSystemReady=true, mDaemonConnected=true
01-19 13:41:43.030958  1053  1482 D VoldConnector: SND -> {26 volume reset}
01-19 13:41:43.031078  1053  1053 W System  : ClassLoader referenced unknown path: /system/priv-app/Telecom/lib/arm
01-19 13:41:43.031879  1053  1483 D VoldConnector: RCV <- {651 emulated 7}
01-19 13:41:43.032132  1053  1483 D VoldConnector: RCV <- {659 emulated}
01-19 13:41:43.032334  1053  1483 D VoldConnector: RCV <- {650 emulated 2 "" ""}
01-19 13:41:43.032511  1053  1483 D VoldConnector: RCV <- {651 emulated 0}
01-19 13:41:43.032724  1053  1483 D VoldConnector: RCV <- {200 26 Command succeeded}
01-19 13:41:43.033782  1053  1482 D VoldConnector: SND -> {27 volume user_added 0 0}
01-19 13:41:43.034417  1053  1483 D VoldConnector: RCV <- {200 27 Command succeeded}
01-19 13:41:43.034742   286   317 D BootAnimation: In checkExit function,the value of service.bootanim.exit is 0 
01-19 13:41:43.035944  1053  1085 D UsbAlsaManager: Adding ALSA device AlsaDevice: [card: 0, device: 3, type: 1]
01-19 13:41:43.036105  1053  1085 D UsbAlsaManager: Adding ALSA device AlsaDevice: [card: 0, device: 2, type: 1]
01-19 13:41:43.036180  1053  1085 D UsbAlsaManager: Adding ALSA device AlsaDevice: [card: 0, device: 3, type: 2]
01-19 13:41:43.036244  1053  1085 D UsbAlsaManager: Adding ALSA device AlsaDevice: [card: 0, device: 1, type: 1]
01-19 13:41:43.036303  1053  1085 D UsbAlsaManager: Adding ALSA device AlsaDevice: [card: 0, device: 2, type: 2]
01-19 13:41:43.036369  1053  1085 D UsbAlsaManager: Adding ALSA device AlsaDevice: [card: 0, device: 0, type: 1]
01-19 13:41:43.036439  1053  1085 D UsbAlsaManager: Adding ALSA device AlsaDevice: [card: 0, device: 1, type: 2]
01-19 13:41:43.036500  1053  1085 D UsbAlsaManager: Adding ALSA device AlsaDevice: [card: 0, device: 0, type: 2]
01-19 13:41:43.036571  1053  1085 D UsbDeviceManager: systemReady
01-19 13:41:43.044088  1053  1087 V MountService: Found primary storage at VolumeInfo{emulated}:
01-19 13:41:43.044088  1053  1087 V MountService:     type=EMULATED diskId=null partGuid=null mountFlags=0 mountUserId=-1 
01-19 13:41:43.044088  1053  1087 V MountService:     state=UNMOUNTED 
01-19 13:41:43.044088  1053  1087 V MountService:     fsType=null fsUuid=null fsLabel=null 
01-19 13:41:43.044088  1053  1087 V MountService:     path=null internalPath=null 
01-19 13:41:43.044559  1053  1482 D VoldConnector: SND -> {28 volume mount emulated 3 -1}
01-19 13:41:43.047750  1053  1483 D VoldConnector: RCV <- {651 emulated 1}
01-19 13:41:43.048081  1053  1483 D VoldConnector: RCV <- {656 emulated /data/media}
01-19 13:41:43.048274  1053  1483 D VoldConnector: RCV <- {655 emulated /storage/emulated}
01-19 13:41:43.049264   154   157 V vold    : Waiting for FUSE to spin up...
01-19 13:41:43.053319  1053  1053 D Telecom : TelecomService: onBind
01-19 13:41:43.057805  1053  1087 I UsbDeviceManager: updateUsbNotification mUsbDataUnlocked: true,mConnected: true,mCurrentFunctions: mtp,adb
01-19 13:41:43.099558   154   157 V vold    : Waiting for FUSE to spin up...
01-19 13:41:43.101277  1053  1087 D UsbDeviceManager: updateUsbNotification mCurrentFunctions:mtp,adb
01-19 13:41:43.104909   173   300 V APM::AudioPolicyManager: getDeviceConnectionState, device=4 address=
01-19 13:41:43.105255   173   352 V APM::AudioPolicyManager: getDeviceConnectionState, device=8 address=
01-19 13:41:43.106635  1053  1085 I ActivityManager: Start proc 2024:com.android.phone/1001 for service com.android.phone/.CallRecorderService
01-19 13:41:43.106774  1053  1085 I SystemServer: WebViewFactory preparation
01-19 13:41:43.128645  1053  1085 I ActivityManager: Start proc 2040:WebViewLoader-armeabi-v7a/1037 [android.webkit.WebViewFactory$RelroFileCreator] for 
01-19 13:41:43.146280  2040  2040 V WebViewFactory: RelroFileCreator (64bit = false),  32-bit lib: /system/app/webview/webview.apk!/lib/armeabi-v7a/libwebviewchromium.so, 64-bit lib: 
01-19 13:41:43.150309  1053  1483 D VoldConnector: RCV <- {651 emulated 2}
01-19 13:41:43.150602  1053  1483 D VoldConnector: RCV <- {200 28 Command succeeded}
01-19 13:41:43.158738  1053  1085 I ActivityManager: Start proc 2053:com.android.systemui/u0a20 for service com.android.systemui/.SystemUIService
01-19 13:41:43.161147  1053  1085 D NetworkManagement: enabling bandwidth control
01-19 13:41:43.161579  1053  1087 D UsbDeviceManager: broadcasting Intent { act=android.hardware.usb.action.USB_STATE flg=0x30000000 (has extras) } , connected: true , configured: true , UsbDataUnlocked: true , CurrentFunctions: mtp,adb
01-19 13:41:43.182178  1053  1053 V Telecom : BluetoothManager: isBluetoothAvailable()...
01-19 13:41:43.183175  1053  1053 V Telecom : BluetoothManager:   ==> false
01-19 13:41:43.183443  1053  1053 D Telecom : DXF-selectWiredOrEarpiece: route = 5 supportedRouteMask = 9
01-19 13:41:43.183790  1053  1053 D Telecom : CallAudioManager: DXF-selectWiredOrEarpiece.return route = 1
01-19 13:41:43.184082  1053  1053 D Telecom : CallAudioManager: DXF-getInitialAudioState-call = null
01-19 13:41:43.184274  1053  1053 V Telecom : BluetoothManager: isBluetoothAvailable()...
01-19 13:41:43.184422  1053  1053 V Telecom : BluetoothManager:   ==> false
01-19 13:41:43.184565  1053  1053 D Telecom : CallAudioManager: DXF-getInitialAudioState-mBluetoothManager.isBluetoothAvailable() = false
01-19 13:41:43.193591  1053  1053 V Telecom : TtyManager: isTtySupported: false
01-19 13:41:43.193956  1053  1053 V Telecom : TtyManager: updateCurrentTtyMode, 0 -> 0
01-19 13:41:43.195239  1053  1053 D Telecom : ProximitySensorManager: onCreate: mProximityWakeLock: 
01-19 13:41:43.195827  2024  2024 W System  : ClassLoader referenced unknown path: /system/priv-app/TeleService/lib/arm
01-19 13:41:43.198850  1053  1053 D Telecom : MissedCallNotifierImpl: updateOnStartup()...
01-19 13:41:43.201619   286   317 D BootAnimation: In checkExit function,the value of service.bootanim.exit is 0 
01-19 13:41:43.206023  1053  1053 D Telecom : BluetoothPhoneServiceImpl: onCreate
01-19 13:41:43.222280  1053  2066 I ActivityManager: Start proc 2068:android.process.acore/u0a0 for content provider com.android.providers.contacts/.CallLogProvider
01-19 13:41:43.228493  2024  2024 W System  : ClassLoader referenced unknown path: /system/priv-app/TelephonyProvider/lib/arm
01-19 13:41:43.231476  1053  1053 I Telecom : Class: TelecomSystem.INSTANCE being set
01-19 13:41:43.232473  1053  1053 W ContextImpl: Calling a method in the system process without a qualified user: android.app.ContextImpl.startService:1221 android.content.ContextWrapper.startService:581 com.android.server.telecom.components.TelecomService.initializeTelecomSystem:107 com.android.server.telecom.components.TelecomService.onBind:46 android.app.ActivityThread.handleBindService:2911 
01-19 13:41:43.243583  1053  1053 D NotificationService: liuyx getKey old4  null
01-19 13:41:43.243711  1053  1053 D NotificationService: is rgb  id is :17040592
01-19 13:41:43.243752  1053  1053 D NotificationService: is rgb notfi n.flag :2
01-19 13:41:43.244837  1053  1053 D NotificationService: liuyx indexOfNotificationLocked index modidi  -1
01-19 13:41:43.246540  1053  1053 D sedmsgbox: show:USB fr die Dateibertragung, delay:1500
01-19 13:41:43.248284  1053  1087 D UsbDeviceManager: setAdbEnabled: true
01-19 13:41:43.263609  2053  2053 W System  : ClassLoader referenced unknown path: /system/priv-app/SystemUI/lib/arm
01-19 13:41:43.272274  2040  2040 I art     : System.exit called, status: 0
01-19 13:41:43.272345  2040  2040 I AndroidRuntime: VM exiting with result code 0, cleanup skipped.
01-19 13:41:43.276780  2053  2053 V SystemUIService: Starting SystemUI services.
01-19 13:41:43.287641  1053  1053 V Toast   : makeText: USB fr die Dateibertragungtype: 5
01-19 13:41:43.294742  1053  1053 V Toast   : getLines: 2
01-19 13:41:43.298732  1053  1053 D NotificationService: liuyx rgbLightRemove(old) null
01-19 13:41:43.299380  1053  1053 D NotificationService: liuyx getKey old4  null
01-19 13:41:43.299420  1053  1053 D NotificationService: is rgb  id is :17040597
01-19 13:41:43.299455  1053  1053 D NotificationService: is rgb notfi n.flag :2
01-19 13:41:43.299789  1053  1053 D NotificationService: liuyx indexOfNotificationLocked index modidi  -1
01-19 13:41:43.300175  1053  1053 D sedmsgbox: show:USB-Debugging, delay:1500
01-19 13:41:43.302630  1053  1053 V Toast   : makeText: USB-Debuggingtype: 5
01-19 13:41:43.306974  1053  1053 V Toast   : getLines: 1
01-19 13:41:43.307165  2068  2068 W System  : ClassLoader referenced unknown path: /system/priv-app/ContactsProvider/lib/arm
01-19 13:41:43.307609  1053  1053 D NotificationService: liuyx rgbLightRemove(old) null
01-19 13:41:43.331466  1053  1053 I PackageManager: Replacing preferred activity com.android.mms/.ui.ComposeMessageActivity for user 0:
01-19 13:41:43.331898  1053  1053 I PackageManager:   Action: "android.intent.action.SENDTO"
01-19 13:41:43.331946  1053  1053 I PackageManager:   Category: "android.intent.category.DEFAULT"
01-19 13:41:43.331976  1053  1053 I PackageManager:   Scheme: "sms"
01-19 13:41:43.332004  1053  1053 I PackageManager:   AutoVerify=false
01-19 13:41:43.333219  1053  1053 I PackageManager: Replacing preferred activity com.android.mms/.ui.ComposeMessageActivity for user 0:
01-19 13:41:43.333298  1053  1053 I PackageManager:   Action: "android.intent.action.SENDTO"
01-19 13:41:43.333330  1053  1053 I PackageManager:   Category: "android.intent.category.DEFAULT"
01-19 13:41:43.333352  1053  1053 I PackageManager:   Scheme: "smsto"
01-19 13:41:43.333375  1053  1053 I PackageManager:   AutoVerify=false
01-19 13:41:43.333634  1053  1053 I PackageManager: Replacing preferred activity com.android.mms/.ui.ComposeMessageActivity for user 0:
01-19 13:41:43.333676  1053  1053 I PackageManager:   Action: "android.intent.action.SENDTO"
01-19 13:41:43.333697  1053  1053 I PackageManager:   Category: "android.intent.category.DEFAULT"
01-19 13:41:43.333714  1053  1053 I PackageManager:   Scheme: "mms"
01-19 13:41:43.333732  1053  1053 I PackageManager:   AutoVerify=false
01-19 13:41:43.333928  1053  1053 I PackageManager: Replacing preferred activity com.android.mms/.ui.ComposeMessageActivity for user 0:
01-19 13:41:43.333969  1053  1053 I PackageManager:   Action: "android.intent.action.SENDTO"
01-19 13:41:43.334005  1053  1053 I PackageManager:   Category: "android.intent.category.DEFAULT"
01-19 13:41:43.334026  1053  1053 I PackageManager:   Scheme: "mmsto"
01-19 13:41:43.334044  1053  1053 I PackageManager:   AutoVerify=false
01-19 13:41:43.334221  1053  1053 D AppOps  : setModeInner code: WRITE_SMS switch code: WRITE_SMS packageName com.android.mms mode MODE_ALLOWED
01-19 13:41:43.335147  1053  1053 D AppOps  : setModeInner code: WRITE_SMS switch code: WRITE_SMS packageName com.android.phone mode MODE_ALLOWED
01-19 13:41:43.335594  1053  1053 D AppOps  : setModeInner code: WRITE_SMS switch code: WRITE_SMS packageName com.android.bluetooth mode MODE_ALLOWED
01-19 13:41:43.336247  1053  1053 D AppOps  : setModeInner code: WRITE_SMS switch code: WRITE_SMS packageName com.android.mms.service mode MODE_ALLOWED
01-19 13:41:43.336812  1053  1053 D AppOps  : setModeInner code: WRITE_SMS switch code: WRITE_SMS packageName com.android.providers.telephony mode MODE_ALLOWED
01-19 13:41:43.339161  1053  1053 I DefaultPermGrantPolicy: Granting permissions to default sms app for user:0
01-19 13:41:43.342589  1053  1053 I DefaultPermGrantPolicy: Granting permissions to default dialer app for user:0
01-19 13:41:43.346026  1053  1053 I Telecom : PhoneAccountRegistrar: SimCallManager queried, returning: null
01-19 13:41:43.346193  1053  1053 D Telecom : : null is not visible for the calling user [gsCM]
01-19 13:41:43.360425  1053  2095 D OpenGLRenderer: Use EGL_SWAP_BEHAVIOR_PRESERVED: true
01-19 13:41:43.366849  2068  2068 W System  : ClassLoader referenced unknown path: /system/priv-app/ApplicationsProvider/lib/arm
01-19 13:41:43.368482   286   317 D BootAnimation: In checkExit function,the value of service.bootanim.exit is 0 
01-19 13:41:43.377358  2053  2053 V KeyguardUpdateMonitor: startListeningForFingerprint()
01-19 13:41:43.383485  2053  2053 D yuanhui0612: !isSecure(userId) = true
01-19 13:41:43.383906  2053  2053 D yuanhui0612: getBoolean(DISABLE_LOCKSCREEN_KEY, false, userId) = false
01-19 13:41:43.419105  1053  1053 D PowerManagerService: acquireWakeLockInternal: lock=93424489, flags=0x2000000a, tag="WindowManager", ws=WorkSource{1000}, uid=1000, pid=1053 ,packageName= android
01-19 13:41:43.424573  1053  2095 I OpenGLRenderer: Initialized EGL, version 1.4
01-19 13:41:43.434700  2053  2105 E WVMExtractor: Failed to open libwvm.so: dlopen failed: library "libwvm.so" not found
01-19 13:41:43.436140  1053  2095 D mali_winsys: new_window_surface returns 0x3000
01-19 13:41:43.436397  2053  2105 D APEExtractor: SniffAPE start
01-19 13:41:43.436467  2053  2105 V DataSource: mimeType is application/ogg
01-19 13:41:43.436680  2053  2105 V MediaExtractor: Autodetected media content as 'application/ogg' with confidence 0.20
01-19 13:41:43.437102   169   191 I gralloc : alloc_device_alloc: prepare to alloc buffer, [178 x 158], size = 122880, pixel_stride =192 byte_stride =768 req_format = 1, internal_format=1, usage = 0xb00 
01-19 13:41:43.441656   169   191 I gralloc : alloc_device_alloc, gc_gralloc_wrap succeed, phys = 0xffffffff, vaddr = 0xb2f23000, i = 6 
01-19 13:41:43.441713   169   191 I gralloc : alloc_device_alloc: alloc phys_addr = 0, base = 0xb2f23000, ion_hnd_debug = 4
01-19 13:41:43.441748   169   191 E         : yao6 GraphicBufferAlloc: format 1
01-19 13:41:43.441820   169   191 I gralloc : alloc_device_alloc: prepare to alloc buffer, [178 x 158], size = 122880, pixel_stride =192 byte_stride =768 req_format = 1, internal_format=1, usage = 0xb00 
01-19 13:41:43.442287   169   191 I gralloc : alloc_device_alloc, gc_gralloc_wrap succeed, phys = 0xffffffff, vaddr = 0xb2ef5000, i = 7 
01-19 13:41:43.442321   169   191 I gralloc : alloc_device_alloc: alloc phys_addr = 0, base = 0xb2ef5000, ion_hnd_debug = 5
01-19 13:41:43.442346   169   191 E         : yao6 GraphicBufferAlloc: format 1
01-19 13:41:43.442406   169   191 I gralloc : alloc_device_alloc: prepare to alloc buffer, [178 x 158], size = 122880, pixel_stride =192 byte_stride =768 req_format = 1, internal_format=1, usage = 0xb00 
01-19 13:41:43.442815   169   191 I gralloc : alloc_device_alloc, gc_gralloc_wrap succeed, phys = 0xffffffff, vaddr = 0xb2ed7000, i = 8 
01-19 13:41:43.442853   169   191 I gralloc : alloc_device_alloc: alloc phys_addr = 0, base = 0xb2ed7000, ion_hnd_debug = 6
01-19 13:41:43.442887   169   191 E         : yao6 GraphicBufferAlloc: format 1
01-19 13:41:43.445702  2068  2068 W System  : ClassLoader referenced unknown path: /system/app/UserDictionaryProvider/lib/arm
01-19 13:41:43.446397  1053  1053 I DefaultPermGrantPolicy: Granting permissions to default sms app for user:0
01-19 13:41:43.463238  1053  2095 I [Gralloc]: gralloc_backend_register line 85 size122880 base0x9c463000 phys_addr0 share_fd146 usage0xb00 ion_hnd_debug6
01-19 13:41:43.467933  2053  2109 I OMXClient: Using client-side OMX mux.
01-19 13:41:43.473947  2053  2109 I Hantro_omx_core: init count = 1
01-19 13:41:43.509444  1053  2095 I [Gralloc]: gralloc_backend_register line 85 size122880 base0x9c163000 phys_addr0 share_fd148 usage0xb00 ion_hnd_debug5
01-19 13:41:43.528559  2053  2105 D APEExtractor: SniffAPE start
01-19 13:41:43.528624  2053  2105 V DataSource: mimeType is application/ogg
01-19 13:41:43.528662  2053  2105 V MediaExtractor: Autodetected media content as 'application/ogg' with confidence 0.20
01-19 13:41:43.535374   286   317 D BootAnimation: In checkExit function,the value of service.bootanim.exit is 0 
01-19 13:41:43.557471  2053  2120 I OMXClient: Using client-side OMX mux.
01-19 13:41:43.572063  1053  1082 W AppWidgetServiceImpl: Failed to read state: java.io.FileNotFoundException: /data/system/users/0/appwidgets.xml: open failed: ENOENT (No such file or directory)
01-19 13:41:43.572171  1053  1082 V AppWidgetServiceImpl: Upgrading widget database from 0 to 1
01-19 13:41:43.582826  2053  2120 I Hantro_omx_core: init count = 1
01-19 13:41:43.583561  1053  1053 D Telecom : MissedCallNotifierImpl: onQueryComplete()...
01-19 13:41:43.551437  1053  1892 D NotificationSQLiteLog: Pruned event entries: 0
01-19 13:41:43.654960  2068  2094 I ContactLocale: AddressBook Labels [de-DE]: [#, , A, B, C, D, E, F, G, H, I, J, K, L, M, N, O, P, Q, R, S, T, U, V, W, X, Y, Z, , , , , , , , , , , , , , , , , , , , , , , , , , , , , , , , , , , , , , , , , , , , , , , , , , , , , , , , , , , , , , , , , , , , , , , , , , , , , , , , , , , , , , , , , , , , , , , , , , , , , , , , , , , , , , , , , , , , , , , , , , , , , , , , , , , , , , , , , , , , , , , , , , , , , , , , , , , , , , , , , , , , , , , , , , , , , , , , , , , , , , , , , , , ]
01-19 13:41:43.690483  1053  1473 E Sensors : read light lux = 32000
01-19 13:41:43.702474   286   317 D BootAnimation: In checkExit function,the value of service.bootanim.exit is 0 
01-19 13:41:43.709977  2053  2105 D APEExtractor: SniffAPE start
01-19 13:41:43.710083  2053  2105 V DataSource: mimeType is application/ogg
01-19 13:41:43.710135  2053  2105 V MediaExtractor: Autodetected media content as 'application/ogg' with confidence 0.20
01-19 13:41:43.732263  2024  2024 D TelephonyProvider: dbh.onCreate:+ db=SQLiteDatabase: /data/user/0/com.android.providers.telephony/databases/telephony.db
01-19 13:41:43.732386  2024  2024 D TelephonyProvider: dbh.createSimInfoTable:+
01-19 13:41:43.732757  2053  2053 I vol.Events: writeEvent collection_started
01-19 13:41:43.734221  2053  2132 I OMXClient: Using client-side OMX mux.
01-19 13:41:43.735907  2024  2024 D TelephonyProvider: dbh.createSimInfoTable:-
01-19 13:41:43.736029  2024  2024 D TelephonyProvider: dbh.createCarriersTable: carriers
01-19 13:41:43.739770  2053  2132 I Hantro_omx_core: init count = 1
01-19 13:41:43.740532  2024  2024 D TelephonyProvider: dbh.createCarriersTable:-
01-19 13:41:43.741422  2024  2024 D TelephonyProvider: No APNs in OEM image = /oem/telephony/apns-conf.xml Load APNs from system image
01-19 13:41:43.741603  2024  2024 D TelephonyProvider: No APNs in OEM image = /data/misc/apns-conf.xml Load APNs from system image
01-19 13:41:43.741647  2024  2024 D TelephonyProvider: confFile = /system/etc/apns-conf.xml
01-19 13:41:43.819341  1053  1090 E BluetoothManagerService: MESSAGE_TIMEOUT_BIND
01-19 13:41:43.869337   286   317 D BootAnimation: In checkExit function,the value of service.bootanim.exit is 0 
01-19 13:41:43.880520  2053  2133 I vol.Events: writeEvent level_changed STREAM_ALARM 6
01-19 13:41:43.889363  2053  2133 I vol.Events: writeEvent level_changed STREAM_BLUETOOTH_SCO 7
01-19 13:41:43.898006  2053  2133 I vol.Events: writeEvent level_changed STREAM_MUSIC 8
01-19 13:41:43.907665  2053  2133 I vol.Events: writeEvent level_changed STREAM_RING 5
01-19 13:41:43.909020  2053  2133 I vol.Events: writeEvent level_changed STREAM_SYSTEM 4
01-19 13:41:43.912824  2053  2053 D StorageNotification: Notifying about private volume: VolumeInfo{private}:
01-19 13:41:43.912824  2053  2053 D StorageNotification:     type=PRIVATE diskId=null partGuid=null mountFlags=0 mountUserId=-1 
01-19 13:41:43.912824  2053  2053 D StorageNotification:     state=MOUNTED 
01-19 13:41:43.912824  2053  2053 D StorageNotification:     fsType=null fsUuid=null fsLabel=null 
01-19 13:41:43.912824  2053  2053 D StorageNotification:     path=/data internalPath=null 
01-19 13:41:43.916760  2053  2133 I vol.Events: writeEvent level_changed STREAM_VOICE_CALL 4
01-19 13:41:43.918567  2053  2133 I vol.Events: writeEvent external_ringer_mode_changed normal
01-19 13:41:43.923185  2053  2053 D SimDetectorUI: SimDetectorUI start
01-19 13:41:44.018919  1053  1085 E NetdConnector: NDC Command {2 bandwidth enable} took too long (857ms)
01-19 13:41:44.036196   286   317 D BootAnimation: In checkExit function,the value of service.bootanim.exit is 0 
01-19 13:41:44.067125   170   979 I iptables: iptables: No chain/target/match by that name.
01-19 13:41:44.067836   170   979 I iptables: iptables terminated by exit(1)
01-19 13:41:44.068048   170   979 E Netd    : exec() res=0, status=256 for /system/bin/iptables -w -F st_penalty_log 
01-19 13:41:44.082903   170   979 I ip6tables: ip6tables: No chain/target/match by that name.
01-19 13:41:44.091055   170   979 I ip6tables: ip6tables terminated by exit(1)
01-19 13:41:44.091422   170   979 E Netd    : exec() res=0, status=256 for /system/bin/ip6tables -w -F st_penalty_log 
01-19 13:41:44.107171   170   979 I iptables: iptables: No chain/target/match by that name.
01-19 13:41:44.107935   170   979 I iptables: iptables terminated by exit(1)
01-19 13:41:44.108125   170   979 E Netd    : exec() res=0, status=256 for /system/bin/iptables -w -F st_penalty_reject 
01-19 13:41:44.124733   170   979 I ip6tables: ip6tables: No chain/target/match by that name.
01-19 13:41:44.124892   170   979 I ip6tables: ip6tables terminated by exit(1)
01-19 13:41:44.125069   170   979 E Netd    : exec() res=0, status=256 for /system/bin/ip6tables -w -F st_penalty_reject 
01-19 13:41:44.142352   170   979 I iptables: iptables: No chain/target/match by that name.
01-19 13:41:44.143151   170   979 I iptables: iptables terminated by exit(1)
01-19 13:41:44.143358   170   979 E Netd    : exec() res=0, status=256 for /system/bin/iptables -w -F st_clear_caught 
01-19 13:41:44.154831  2068  2094 D ContactDirectoryManager: Found com.android.exchange.directory.provider
01-19 13:41:44.159541   170   979 I ip6tables: ip6tables: No chain/target/match by that name.
01-19 13:41:44.159680   170   979 I ip6tables: ip6tables terminated by exit(1)
01-19 13:41:44.159834   170   979 E Netd    : exec() res=0, status=256 for /system/bin/ip6tables -w -F st_clear_caught 
01-19 13:41:44.173916  1053  1082 I ActivityManager: Start proc 2164:com.android.exchange/u0a36 for content provider com.android.exchange/.provider.ExchangeDirectoryProvider
01-19 13:41:44.176474   170   979 I iptables: iptables: No chain/target/match by that name.
01-19 13:41:44.177233   170   979 I iptables: iptables terminated by exit(1)
01-19 13:41:44.177415   170   979 E Netd    : exec() res=0, status=256 for /system/bin/iptables -w -F st_clear_detect 
01-19 13:41:44.194029   170   979 I ip6tables: ip6tables: No chain/target/match by that name.
01-19 13:41:44.194195   170   979 I ip6tables: ip6tables terminated by exit(1)
01-19 13:41:44.194383   170   979 E Netd    : exec() res=0, status=256 for /system/bin/ip6tables -w -F st_clear_detect 
01-19 13:41:44.197620  1053  1083 I StatusBarManagerService: registerStatusBar bar=com.android.internal.statusbar.IStatusBar$Stub$Proxy@170d4ae
01-19 13:41:44.210377   286   317 D BootAnimation: In checkExit function,the value of service.bootanim.exit is 0 
01-19 13:41:44.211584   170   979 I iptables: iptables: No chain/target/match by that name.
01-19 13:41:44.211735   170   979 I iptables: iptables terminated by exit(1)
01-19 13:41:44.211928   170   979 E Netd    : exec() res=0, status=256 for /system/bin/iptables -w -X st_penalty_log 
01-19 13:41:44.228638   170   979 I ip6tables: ip6tables: No chain/target/match by that name.
01-19 13:41:44.228797   170   979 I ip6tables: ip6tables terminated by exit(1)
01-19 13:41:44.228966   170   979 E Netd    : exec() res=0, status=256 for /system/bin/ip6tables -w -X st_penalty_log 
01-19 13:41:44.242266  2053  2053 D battery_level: curLevel=-1
01-19 13:41:44.244485   170   979 I iptables: iptables: No chain/target/match by that name.
01-19 13:41:44.251060   170   979 I iptables: iptables terminated by exit(1)
01-19 13:41:44.251390   170   979 E Netd    : exec() res=0, status=256 for /system/bin/iptables -w -X st_penalty_reject 
01-19 13:41:44.265819   170   979 I ip6tables: ip6tables: No chain/target/match by that name.
01-19 13:41:44.266591   170   979 I ip6tables: ip6tables terminated by exit(1)
01-19 13:41:44.266769   170   979 E Netd    : exec() res=0, status=256 for /system/bin/ip6tables -w -X st_penalty_reject 
01-19 13:41:44.281110   170   979 I iptables: iptables: No chain/target/match by that name.
01-19 13:41:44.281924   170   979 I iptables: iptables terminated by exit(1)
01-19 13:41:44.282125   170   979 E Netd    : exec() res=0, status=256 for /system/bin/iptables -w -X st_clear_caught 
01-19 13:41:44.307649   170   979 I ip6tables: ip6tables: No chain/target/match by that name.
01-19 13:41:44.308491   170   979 I ip6tables: ip6tables terminated by exit(1)
01-19 13:41:44.308697   170   979 E Netd    : exec() res=0, status=256 for /system/bin/ip6tables -w -X st_clear_caught 
01-19 13:41:44.325651   170   979 I iptables: iptables: No chain/target/match by that name.
01-19 13:41:44.325699  2164  2164 W System  : ClassLoader referenced unknown path: /system/app/Exchange2/lib/arm
01-19 13:41:44.341080   170   979 I iptables: iptables terminated by exit(1)
01-19 13:41:44.341555   170   979 E Netd    : exec() res=0, status=256 for /system/bin/iptables -w -X st_clear_detect 
01-19 13:41:44.358357   170   979 I ip6tables: ip6tables: No chain/target/match by that name.
01-19 13:41:44.361833  1053  1083 I ActivityManager: Start proc 2186:com.android.email/u0a35 for content provider com.android.email/.provider.EmailProvider
01-19 13:41:44.371170   170   979 I ip6tables: ip6tables terminated by exit(1)
01-19 13:41:44.371434   170   979 E Netd    : exec() res=0, status=256 for /system/bin/ip6tables -w -X st_clear_detect 
01-19 13:41:44.377262   286   317 D BootAnimation: In checkExit function,the value of service.bootanim.exit is 0 
01-19 13:41:44.471921  2053  2053 V KeyguardStatusView: Disable transport text marquee
01-19 13:41:44.480082  2068  2094 I ContactDirectoryManager: deleted 0 stale rows which don't have any relevant directory
01-19 13:41:44.493841  2068  2094 I ContactDirectoryManager: Discovered 0 contact directories in 546ms
01-19 13:41:44.519203  2186  2186 W System  : ClassLoader referenced unknown path: /system/app/Email/lib/arm
01-19 13:41:44.544126   286   317 D BootAnimation: In checkExit function,the value of service.bootanim.exit is 0 
01-19 13:41:44.546713  2053  2053 D battery_level: curLevel=-1
01-19 13:41:44.555313  2068  2094 I ContactsProvider: Upgrading aggregation algorithm
01-19 13:41:44.559575  2068  2094 I ContactAggregator: Marked all visible contacts for aggregation: 0 raw contacts, 2 ms
01-19 13:41:44.580106  2068  2094 I ContactsProvider: Aggregation algorithm upgraded for 0 raw contacts in 24ms
01-19 13:41:44.587596  1053  1887 D WifiService: New client listening to asynchronous messages
01-19 13:41:44.627698  2053  2053 V KeyguardUpdateMonitor: *** register callback for com.android.systemui.statusbar.phone.UnlockMethodCache$1@673759a
01-19 13:41:44.627830  2053  2053 V KeyguardUpdateMonitor: *** unregister callback for null
01-19 13:41:44.631651  2053  2053 V KeyguardUpdateMonitor: *** register callback for com.android.systemui.statusbar.phone.KeyguardBottomAreaView$4@d69f6a8
01-19 13:41:44.631740  2053  2053 V KeyguardUpdateMonitor: *** unregister callback for null
