01-19 13:39:22.419285   178   616 I RIL_EMSD: [Phone ID:0,Function:sc_ati_synchronous_mode_res,Line:254][ATI][FUNC]: sc_ati_synchronous_mode_res( port=16, buffer_ptr=0xb2f820f8, buffer_len=6, flag=0, g_sc_ati_mux_port_a[port]->port_state=1 )
01-19 13:39:22.419373   178   616 E RIL_EMSD: [Phone ID:0,Function:sc_ati_channel_handle_status_flag,Line:1565][ATI][FLOW]: Not found matched channel!
01-19 13:39:22.419444   178   616 I RIL_EMSD: [Phone ID:0,Function:sc_ati_synchronous_mode_res,Line:272][ATI][FLOW]: mutex get
01-19 13:39:22.419510   178   616 I RIL_EMSD: [Phone ID:0,Function:sc_ati_synchronous_mode_res,Line:292][ATI][FLOW]: mutex put
01-19 13:39:22.419616   178   178 I RIL_EMSD: [Phone ID:0,Function:sc_ati_dmpchn_set,Line:2106][ATI][FLOW]: sc_ati_dmpchn_set 111 mutex get3
01-19 13:39:22.419706   178   178 I RIL_EMSD: [Phone ID:0,Function:sc_ati_give_back_mux_port,Line:1593][ATI][FUNC]: sc_ati_give_back_mux_port( port_num=16 )
01-19 13:39:22.419802   178   178 E RIL_EMSD: [Phone ID:0,Function:sc_ati_free_mux_buffer_queue,Line:1966][ATI][FLOW]: sc_ati_free_mux_buffer_queue entry port_num = 16!!!
01-19 13:39:22.419886   178   178 E RIL_EMSD: [Phone ID:0,Function:sc_ati_free_mux_buffer_queue,Line:1996][ATI][FLOW]: sc_ati_free_mux_buffer_queue exit.
01-19 13:39:22.419957   178   178 I RIL_EMSD: [Phone ID:0,Function:sc_ati_dmpchn_set,Line:2124][ATI][FLOW]: sc_ati_dmpchn_set 111 mutex put3
01-19 13:39:22.420091   178   178 I RIL_EMSD: [Phone ID:0,Function:sc_ati_send_data_to_hls_specified_port,Line:417][ATI][FUNC]: sc_ati_send_data_to_hls_specified_port( port=16, buff_ptr=0xbee798f8, len=10, oper_id=0, fun_ptr=0xb6175fb1, timer_interval=-1 )
01-19 13:39:22.420404   178   178 I RIL_EMSD: [Phone ID:0,Function:sc_ati_at_cmd_trace,Line:2246][ATI][FLOW]: [AT CMD]Port17: AT^DLKS=0\\r
01-19 13:39:22.420531   178   178 I RIL_EMSD: [Phone ID:0,Function:sc_ati_dlks_set,Line:2768][ATI][FLOW]: sc_ati_dlks_set 111 mutex get3
01-19 13:39:22.420619   178   178 I RIL_EMSD: [Phone ID:0,Function:sc_ati_dlks_set,Line:2825][ATI][FLOW]: sc_ati_dlks_set 333 mutex put3
01-19 13:39:22.421513   178   616 E RIL_EMSD: [Phone ID:0,Function:sc_ati_get_hls_data,Line:634][ATI][FLOW]: sc_ati_get_hls_data port_id: 17
01-19 13:39:22.421607   178   616 E RIL_EMSD: [Phone ID:0,Function:sc_ati_get_hls_data,Line:642][ATI][FLOW]: sc_ati_get_hls_data port_info_ptr->port_state:1
01-19 13:39:22.421730   178   616 E RIL_EMSD: [Phone ID:0,Function:sc_ati_get_hls_data,Line:648][ATI][FLOW]: sc_ati_get_hls_data  port_info_ptr->dealwith_resinfo_fun_ptr
01-19 13:39:22.421809   178   616 I RIL_EMSD: [Phone ID:0,Function:sc_ati_at_cmd_trace,Line:2246][ATI][FLOW]: [AT CMD]Port17: \\r\\nOK\\r\\n
01-19 13:39:22.422222   178   616 I RIL_EMSD: [Phone ID:0,Function:sc_ati_synchronous_mode_res,Line:254][ATI][FUNC]: sc_ati_synchronous_mode_res( port=16, buffer_ptr=0xb2f82100, buffer_len=6, flag=0, g_sc_ati_mux_port_a[port]->port_state=1 )
01-19 13:39:22.422319   178   616 E RIL_EMSD: [Phone ID:0,Function:sc_ati_channel_handle_status_flag,Line:1565][ATI][FLOW]: Not found matched channel!
01-19 13:39:22.422391   178   616 I RIL_EMSD: [Phone ID:0,Function:sc_ati_synchronous_mode_res,Line:272][ATI][FLOW]: mutex get
01-19 13:39:22.422489   178   616 I RIL_EMSD: [Phone ID:0,Function:sc_ati_synchronous_mode_res,Line:292][ATI][FLOW]: mutex put
01-19 13:39:22.422611   178   178 I RIL_EMSD: [Phone ID:0,Function:sc_ati_dlks_set,Line:2768][ATI][FLOW]: sc_ati_dlks_set 111 mutex get3
01-19 13:39:22.422710   178   178 I RIL_EMSD: [Phone ID:0,Function:sc_ati_dlks_set,Line:2784][ATI][FLOW]: sc_ati_dlks_set 111 mutex put3
01-19 13:39:22.422815   178   178 I RIL_EMSD: [Phone ID:0,Function:sc_ati_give_back_mux_port,Line:1593][ATI][FUNC]: sc_ati_give_back_mux_port( port_num=16 )
01-19 13:39:22.422932   178   178 E RIL_EMSD: [Phone ID:0,Function:sc_ati_free_mux_buffer_queue,Line:1966][ATI][FLOW]: sc_ati_free_mux_buffer_queue entry port_num = 16!!!
01-19 13:39:22.423030   178   178 E RIL_EMSD: [Phone ID:0,Function:sc_ati_free_mux_buffer_queue,Line:1996][ATI][FLOW]: sc_ati_free_mux_buffer_queue exit.
01-19 13:39:22.423113   178   178 E RIL_EMSD: [Phone ID:0,Function:sc_ati_open_mux_port,Line:1298][ATI][FLOW]: g_ati_port_open port_num:17
01-19 13:39:22.423600   178   178 I RIL_EMSD: [Phone ID:0,Function:g_ati_port_open,Line:120][ATI][FLOW]: g_ati_port_open(port:18, flag:0), result
01-19 13:39:22.423995   178   178 I RIL_EMSD: [Phone ID:0,Function:sc_ati_give_back_mux_port,Line:1593][ATI][FUNC]: sc_ati_give_back_mux_port( port_num=17 )
01-19 13:39:22.424236   178   178 I RIL_EMSD: [Phone ID:0,Function:sc_ati_send_data_to_hls_specified_port,Line:417][ATI][FUNC]: sc_ati_send_data_to_hls_specified_port( port=17, buff_ptr=0xbee798f8, len=12, oper_id=0, fun_ptr=0xb6175fb1, timer_interval=-1 )
01-19 13:39:22.424372   178   178 I RIL_EMSD: [Phone ID:0,Function:sc_ati_at_cmd_trace,Line:2246][ATI][FLOW]: [AT CMD]Port18: AT^DMPCHN=0\\r
01-19 13:39:22.424482   178   178 I RIL_EMSD: [Phone ID:0,Function:sc_ati_dmpchn_set,Line:2106][ATI][FLOW]: sc_ati_dmpchn_set 111 mutex get3
01-19 13:39:22.424574   178   178 I RIL_EMSD: [Phone ID:0,Function:sc_ati_dmpchn_set,Line:2170][ATI][FLOW]: sc_ati_dmpchn_set 333 mutex put3
01-19 13:39:22.425760   178   616 E RIL_EMSD: [Phone ID:0,Function:sc_ati_get_hls_data,Line:634][ATI][FLOW]: sc_ati_get_hls_data port_id: 18
01-19 13:39:22.426156   178   616 E RIL_EMSD: [Phone ID:0,Function:sc_ati_get_hls_data,Line:642][ATI][FLOW]: sc_ati_get_hls_data port_info_ptr->port_state:1
01-19 13:39:22.426265   178   616 E RIL_EMSD: [Phone ID:0,Function:sc_ati_get_hls_data,Line:648][ATI][FLOW]: sc_ati_get_hls_data  port_info_ptr->dealwith_resinfo_fun_ptr
01-19 13:39:22.426339   178   616 I RIL_EMSD: [Phone ID:0,Function:sc_ati_at_cmd_trace,Line:2246][ATI][FLOW]: [AT CMD]Port18: \\r\\nOK\\r\\n
01-19 13:39:22.426487   178   616 I RIL_EMSD: [Phone ID:0,Function:sc_ati_synchronous_mode_res,Line:254][ATI][FUNC]: sc_ati_synchronous_mode_res( port=17, buffer_ptr=0xb2f82108, buffer_len=6, flag=0, g_sc_ati_mux_port_a[port]->port_state=1 )
01-19 13:39:22.426585   178   616 E RIL_EMSD: [Phone ID:0,Function:sc_ati_channel_handle_status_flag,Line:1565][ATI][FLOW]: Not found matched channel!
01-19 13:39:22.426656   178   616 I RIL_EMSD: [Phone ID:0,Function:sc_ati_synchronous_mode_res,Line:272][ATI][FLOW]: mutex get
01-19 13:39:22.426761   178   616 I RIL_EMSD: [Phone ID:0,Function:sc_ati_synchronous_mode_res,Line:292][ATI][FLOW]: mutex put
01-19 13:39:22.426883   178   178 I RIL_EMSD: [Phone ID:0,Function:sc_ati_dmpchn_set,Line:2106][ATI][FLOW]: sc_ati_dmpchn_set 111 mutex get3
01-19 13:39:22.426978   178   178 I RIL_EMSD: [Phone ID:0,Function:sc_ati_give_back_mux_port,Line:1593][ATI][FUNC]: sc_ati_give_back_mux_port( port_num=17 )
01-19 13:39:22.427086   178   178 E RIL_EMSD: [Phone ID:0,Function:sc_ati_free_mux_buffer_queue,Line:1966][ATI][FLOW]: sc_ati_free_mux_buffer_queue entry port_num = 17!!!
01-19 13:39:22.427172   178   178 E RIL_EMSD: [Phone ID:0,Function:sc_ati_free_mux_buffer_queue,Line:1996][ATI][FLOW]: sc_ati_free_mux_buffer_queue exit.
01-19 13:39:22.427248   178   178 I RIL_EMSD: [Phone ID:0,Function:sc_ati_dmpchn_set,Line:2124][ATI][FLOW]: sc_ati_dmpchn_set 111 mutex put3
01-19 13:39:22.427379   178   178 I RIL_EMSD: [Phone ID:0,Function:sc_ati_send_data_to_hls_specified_port,Line:417][ATI][FUNC]: sc_ati_send_data_to_hls_specified_port( port=17, buff_ptr=0xbee798f8, len=10, oper_id=0, fun_ptr=0xb6175fb1, timer_interval=-1 )
01-19 13:39:22.427462   178   178 I RIL_EMSD: [Phone ID:0,Function:sc_ati_at_cmd_trace,Line:2246][ATI][FLOW]: [AT CMD]Port18: AT^DLKS=0\\r
01-19 13:39:22.427562   178   178 I RIL_EMSD: [Phone ID:0,Function:sc_ati_dlks_set,Line:2768][ATI][FLOW]: sc_ati_dlks_set 111 mutex get3
01-19 13:39:22.427637   178   178 I RIL_EMSD: [Phone ID:0,Function:sc_ati_dlks_set,Line:2825][ATI][FLOW]: sc_ati_dlks_set 333 mutex put3
01-19 13:39:22.428743   178   616 E RIL_EMSD: [Phone ID:0,Function:sc_ati_get_hls_data,Line:634][ATI][FLOW]: sc_ati_get_hls_data port_id: 18
01-19 13:39:22.428857   178   616 E RIL_EMSD: [Phone ID:0,Function:sc_ati_get_hls_data,Line:642][ATI][FLOW]: sc_ati_get_hls_data port_info_ptr->port_state:1
01-19 13:39:22.428957   178   616 E RIL_EMSD: [Phone ID:0,Function:sc_ati_get_hls_data,Line:648][ATI][FLOW]: sc_ati_get_hls_data  port_info_ptr->dealwith_resinfo_fun_ptr
01-19 13:39:22.429041   178   616 I RIL_EMSD: [Phone ID:0,Function:sc_ati_at_cmd_trace,Line:2246][ATI][FLOW]: [AT CMD]Port18: \\r\\nOK\\r\\n
01-19 13:39:22.429174   178   616 I RIL_EMSD: [Phone ID:0,Function:sc_ati_synchronous_mode_res,Line:254][ATI][FUNC]: sc_ati_synchronous_mode_res( port=17, buffer_ptr=0xb2f82110, buffer_len=6, flag=0, g_sc_ati_mux_port_a[port]->port_state=1 )
01-19 13:39:22.429260   178   616 E RIL_EMSD: [Phone ID:0,Function:sc_ati_channel_handle_status_flag,Line:1565][ATI][FLOW]: Not found matched channel!
01-19 13:39:22.429338   178   616 I RIL_EMSD: [Phone ID:0,Function:sc_ati_synchronous_mode_res,Line:272][ATI][FLOW]: mutex get
01-19 13:39:22.429411   178   616 I RIL_EMSD: [Phone ID:0,Function:sc_ati_synchronous_mode_res,Line:292][ATI][FLOW]: mutex put
01-19 13:39:22.429526   178   178 I RIL_EMSD: [Phone ID:0,Function:sc_ati_dlks_set,Line:2768][ATI][FLOW]: sc_ati_dlks_set 111 mutex get3
01-19 13:39:22.429608   178   178 I RIL_EMSD: [Phone ID:0,Function:sc_ati_dlks_set,Line:2784][ATI][FLOW]: sc_ati_dlks_set 111 mutex put3
01-19 13:39:22.429687   178   178 I RIL_EMSD: [Phone ID:0,Function:sc_ati_give_back_mux_port,Line:1593][ATI][FUNC]: sc_ati_give_back_mux_port( port_num=17 )
01-19 13:39:22.429781   178   178 E RIL_EMSD: [Phone ID:0,Function:sc_ati_free_mux_buffer_queue,Line:1966][ATI][FLOW]: sc_ati_free_mux_buffer_queue entry port_num = 17!!!
01-19 13:39:22.429861   178   178 E RIL_EMSD: [Phone ID:0,Function:sc_ati_free_mux_buffer_queue,Line:1996][ATI][FLOW]: sc_ati_free_mux_buffer_queue exit.
01-19 13:39:22.429940   178   178 E RIL_EMSD: [Phone ID:0,Function:sc_ati_open_mux_port,Line:1298][ATI][FLOW]: g_ati_port_open port_num:18
01-19 13:39:22.430464   178   178 I RIL_EMSD: [Phone ID:0,Function:g_ati_port_open,Line:120][ATI][FLOW]: g_ati_port_open(port:19, flag:0), result
01-19 13:39:22.430837   178   178 I RIL_EMSD: [Phone ID:0,Function:sc_ati_give_back_mux_port,Line:1593][ATI][FUNC]: sc_ati_give_back_mux_port( port_num=18 )
01-19 13:39:22.430981   178   178 I RIL_EMSD: [Phone ID:0,Function:sc_ati_send_data_to_hls_specified_port,Line:417][ATI][FUNC]: sc_ati_send_data_to_hls_specified_port( port=18, buff_ptr=0xbee798f8, len=12, oper_id=0, fun_ptr=0xb6175fb1, timer_interval=-1 )
01-19 13:39:22.431064   178   178 I RIL_EMSD: [Phone ID:0,Function:sc_ati_at_cmd_trace,Line:2246][ATI][FLOW]: [AT CMD]Port19: AT^DMPCHN=0\\r
01-19 13:39:22.431164   178   178 I RIL_EMSD: [Phone ID:0,Function:sc_ati_dmpchn_set,Line:2106][ATI][FLOW]: sc_ati_dmpchn_set 111 mutex get3
01-19 13:39:22.431240   178   178 I RIL_EMSD: [Phone ID:0,Function:sc_ati_dmpchn_set,Line:2170][ATI][FLOW]: sc_ati_dmpchn_set 333 mutex put3
01-19 13:39:22.432382   178   616 E RIL_EMSD: [Phone ID:0,Function:sc_ati_get_hls_data,Line:634][ATI][FLOW]: sc_ati_get_hls_data port_id: 19
01-19 13:39:22.432486   178   616 E RIL_EMSD: [Phone ID:0,Function:sc_ati_get_hls_data,Line:642][ATI][FLOW]: sc_ati_get_hls_data port_info_ptr->port_state:1
01-19 13:39:22.432578   178   616 E RIL_EMSD: [Phone ID:0,Function:sc_ati_get_hls_data,Line:648][ATI][FLOW]: sc_ati_get_hls_data  port_info_ptr->dealwith_resinfo_fun_ptr
01-19 13:39:22.432656   178   616 I RIL_EMSD: [Phone ID:0,Function:sc_ati_at_cmd_trace,Line:2246][ATI][FLOW]: [AT CMD]Port19: \\r\\nOK\\r\\n
01-19 13:39:22.432786   178   616 I RIL_EMSD: [Phone ID:0,Function:sc_ati_synchronous_mode_res,Line:254][ATI][FUNC]: sc_ati_synchronous_mode_res( port=18, buffer_ptr=0xb2f82118, buffer_len=6, flag=0, g_sc_ati_mux_port_a[port]->port_state=1 )
01-19 13:39:22.432867   178   616 E RIL_EMSD: [Phone ID:0,Function:sc_ati_channel_handle_status_flag,Line:1565][ATI][FLOW]: Not found matched channel!
01-19 13:39:22.432939   178   616 I RIL_EMSD: [Phone ID:0,Function:sc_ati_synchronous_mode_res,Line:272][ATI][FLOW]: mutex get
01-19 13:39:22.433012   178   616 I RIL_EMSD: [Phone ID:0,Function:sc_ati_synchronous_mode_res,Line:292][ATI][FLOW]: mutex put
01-19 13:39:22.433122   178   178 I RIL_EMSD: [Phone ID:0,Function:sc_ati_dmpchn_set,Line:2106][ATI][FLOW]: sc_ati_dmpchn_set 111 mutex get3
01-19 13:39:22.433217   178   178 I RIL_EMSD: [Phone ID:0,Function:sc_ati_give_back_mux_port,Line:1593][ATI][FUNC]: sc_ati_give_back_mux_port( port_num=18 )
01-19 13:39:22.433314   178   178 E RIL_EMSD: [Phone ID:0,Function:sc_ati_free_mux_buffer_queue,Line:1966][ATI][FLOW]: sc_ati_free_mux_buffer_queue entry port_num = 18!!!
01-19 13:39:22.433395   178   178 E RIL_EMSD: [Phone ID:0,Function:sc_ati_free_mux_buffer_queue,Line:1996][ATI][FLOW]: sc_ati_free_mux_buffer_queue exit.
01-19 13:39:22.433465   178   178 I RIL_EMSD: [Phone ID:0,Function:sc_ati_dmpchn_set,Line:2124][ATI][FLOW]: sc_ati_dmpchn_set 111 mutex put3
01-19 13:39:22.433647   178   178 I RIL_EMSD: [Phone ID:0,Function:sc_ati_send_data_to_hls_specified_port,Line:417][ATI][FUNC]: sc_ati_send_data_to_hls_specified_port( port=18, buff_ptr=0xbee798f8, len=10, oper_id=0, fun_ptr=0xb6175fb1, timer_interval=-1 )
01-19 13:39:22.433761   178   178 I RIL_EMSD: [Phone ID:0,Function:sc_ati_at_cmd_trace,Line:2246][ATI][FLOW]: [AT CMD]Port19: AT^DLKS=0\\r
01-19 13:39:22.433872   178   178 I RIL_EMSD: [Phone ID:0,Function:sc_ati_dlks_set,Line:2768][ATI][FLOW]: sc_ati_dlks_set 111 mutex get3
01-19 13:39:22.433945   178   178 I RIL_EMSD: [Phone ID:0,Function:sc_ati_dlks_set,Line:2825][ATI][FLOW]: sc_ati_dlks_set 333 mutex put3
01-19 13:39:22.434891   178   616 E RIL_EMSD: [Phone ID:0,Function:sc_ati_get_hls_data,Line:634][ATI][FLOW]: sc_ati_get_hls_data port_id: 19
01-19 13:39:22.435001   178   616 E RIL_EMSD: [Phone ID:0,Function:sc_ati_get_hls_data,Line:642][ATI][FLOW]: sc_ati_get_hls_data port_info_ptr->port_state:1
01-19 13:39:22.435099   178   616 E RIL_EMSD: [Phone ID:0,Function:sc_ati_get_hls_data,Line:648][ATI][FLOW]: sc_ati_get_hls_data  port_info_ptr->dealwith_resinfo_fun_ptr
01-19 13:39:22.435440   178   616 I RIL_EMSD: [Phone ID:0,Function:sc_ati_at_cmd_trace,Line:2246][ATI][FLOW]: [AT CMD]Port19: \\r\\nOK\\r\\n
01-19 13:39:22.435620   178   616 I RIL_EMSD: [Phone ID:0,Function:sc_ati_synchronous_mode_res,Line:254][ATI][FUNC]: sc_ati_synchronous_mode_res( port=18, buffer_ptr=0xb2f82120, buffer_len=6, flag=0, g_sc_ati_mux_port_a[port]->port_state=1 )
01-19 13:39:22.435710   178   616 E RIL_EMSD: [Phone ID:0,Function:sc_ati_channel_handle_status_flag,Line:1565][ATI][FLOW]: Not found matched channel!
01-19 13:39:22.435785   178   616 I RIL_EMSD: [Phone ID:0,Function:sc_ati_synchronous_mode_res,Line:272][ATI][FLOW]: mutex get
01-19 13:39:22.435863   178   616 I RIL_EMSD: [Phone ID:0,Function:sc_ati_synchronous_mode_res,Line:292][ATI][FLOW]: mutex put
01-19 13:39:22.435980   178   178 I RIL_EMSD: [Phone ID:0,Function:sc_ati_dlks_set,Line:2768][ATI][FLOW]: sc_ati_dlks_set 111 mutex get3
01-19 13:39:22.436063   178   178 I RIL_EMSD: [Phone ID:0,Function:sc_ati_dlks_set,Line:2784][ATI][FLOW]: sc_ati_dlks_set 111 mutex put3
01-19 13:39:22.436149   178   178 I RIL_EMSD: [Phone ID:0,Function:sc_ati_give_back_mux_port,Line:1593][ATI][FUNC]: sc_ati_give_back_mux_port( port_num=18 )
01-19 13:39:22.436249   178   178 E RIL_EMSD: [Phone ID:0,Function:sc_ati_free_mux_buffer_queue,Line:1966][ATI][FLOW]: sc_ati_free_mux_buffer_queue entry port_num = 18!!!
01-19 13:39:22.436358   178   178 E RIL_EMSD: [Phone ID:0,Function:sc_ati_free_mux_buffer_queue,Line:1996][ATI][FLOW]: sc_ati_free_mux_buffer_queue exit.
01-19 13:39:22.436440   178   178 E RIL_EMSD: [Phone ID:0,Function:sc_ati_open_mux_port,Line:1298][ATI][FLOW]: g_ati_port_open port_num:19
01-19 13:39:22.436932   178   178 I RIL_EMSD: [Phone ID:0,Function:g_ati_port_open,Line:120][ATI][FLOW]: g_ati_port_open(port:20, flag:0), result
01-19 13:39:22.437407   178   178 I RIL_EMSD: [Phone ID:0,Function:sc_ati_give_back_mux_port,Line:1593][ATI][FUNC]: sc_ati_give_back_mux_port( port_num=19 )
01-19 13:39:22.437562   178   178 I RIL_EMSD: [Phone ID:0,Function:sc_ati_send_data_to_hls_specified_port,Line:417][ATI][FUNC]: sc_ati_send_data_to_hls_specified_port( port=19, buff_ptr=0xbee798f8, len=12, oper_id=0, fun_ptr=0xb6175fb1, timer_interval=-1 )
01-19 13:39:22.437653   178   178 I RIL_EMSD: [Phone ID:0,Function:sc_ati_at_cmd_trace,Line:2246][ATI][FLOW]: [AT CMD]Port20: AT^DMPCHN=0\\r
01-19 13:39:22.437757   178   178 I RIL_EMSD: [Phone ID:0,Function:sc_ati_dmpchn_set,Line:2106][ATI][FLOW]: sc_ati_dmpchn_set 111 mutex get3
01-19 13:39:22.437833   178   178 I RIL_EMSD: [Phone ID:0,Function:sc_ati_dmpchn_set,Line:2170][ATI][FLOW]: sc_ati_dmpchn_set 333 mutex put3
01-19 13:39:22.439072   178   616 E RIL_EMSD: [Phone ID:0,Function:sc_ati_get_hls_data,Line:634][ATI][FLOW]: sc_ati_get_hls_data port_id: 20
01-19 13:39:22.439185   178   616 E RIL_EMSD: [Phone ID:0,Function:sc_ati_get_hls_data,Line:642][ATI][FLOW]: sc_ati_get_hls_data port_info_ptr->port_state:1
01-19 13:39:22.439280   178   616 E RIL_EMSD: [Phone ID:0,Function:sc_ati_get_hls_data,Line:648][ATI][FLOW]: sc_ati_get_hls_data  port_info_ptr->dealwith_resinfo_fun_ptr
01-19 13:39:22.439354   178   616 I RIL_EMSD: [Phone ID:0,Function:sc_ati_at_cmd_trace,Line:2246][ATI][FLOW]: [AT CMD]Port20: \\r\\nOK\\r\\n
01-19 13:39:22.439481   178   616 I RIL_EMSD: [Phone ID:0,Function:sc_ati_synchronous_mode_res,Line:254][ATI][FUNC]: sc_ati_synchronous_mode_res( port=19, buffer_ptr=0xb2f82128, buffer_len=6, flag=0, g_sc_ati_mux_port_a[port]->port_state=1 )
01-19 13:39:22.439566   178   616 E RIL_EMSD: [Phone ID:0,Function:sc_ati_channel_handle_status_flag,Line:1565][ATI][FLOW]: Not found matched channel!
01-19 13:39:22.439648   178   616 I RIL_EMSD: [Phone ID:0,Function:sc_ati_synchronous_mode_res,Line:272][ATI][FLOW]: mutex get
01-19 13:39:22.439733   178   616 I RIL_EMSD: [Phone ID:0,Function:sc_ati_synchronous_mode_res,Line:292][ATI][FLOW]: mutex put
01-19 13:39:22.439865   178   178 I RIL_EMSD: [Phone ID:0,Function:sc_ati_dmpchn_set,Line:2106][ATI][FLOW]: sc_ati_dmpchn_set 111 mutex get3
01-19 13:39:22.439966   178   178 I RIL_EMSD: [Phone ID:0,Function:sc_ati_give_back_mux_port,Line:1593][ATI][FUNC]: sc_ati_give_back_mux_port( port_num=19 )
01-19 13:39:22.440083   178   178 E RIL_EMSD: [Phone ID:0,Function:sc_ati_free_mux_buffer_queue,Line:1966][ATI][FLOW]: sc_ati_free_mux_buffer_queue entry port_num = 19!!!
01-19 13:39:22.440175   178   178 E RIL_EMSD: [Phone ID:0,Function:sc_ati_free_mux_buffer_queue,Line:1996][ATI][FLOW]: sc_ati_free_mux_buffer_queue exit.
01-19 13:39:22.440649   178   178 I RIL_EMSD: [Phone ID:0,Function:sc_ati_dmpchn_set,Line:2124][ATI][FLOW]: sc_ati_dmpchn_set 111 mutex put3
01-19 13:39:22.440858   178   178 I RIL_EMSD: [Phone ID:0,Function:sc_ati_send_data_to_hls_specified_port,Line:417][ATI][FUNC]: sc_ati_send_data_to_hls_specified_port( port=19, buff_ptr=0xbee798f8, len=10, oper_id=0, fun_ptr=0xb6175fb1, timer_interval=-1 )
01-19 13:39:22.440982   178   178 I RIL_EMSD: [Phone ID:0,Function:sc_ati_at_cmd_trace,Line:2246][ATI][FLOW]: [AT CMD]Port20: AT^DLKS=0\\r
01-19 13:39:22.441104   178   178 I RIL_EMSD: [Phone ID:0,Function:sc_ati_dlks_set,Line:2768][ATI][FLOW]: sc_ati_dlks_set 111 mutex get3
01-19 13:39:22.441207   178   178 I RIL_EMSD: [Phone ID:0,Function:sc_ati_dlks_set,Line:2825][ATI][FLOW]: sc_ati_dlks_set 333 mutex put3
01-19 13:39:22.442363   178   616 E RIL_EMSD: [Phone ID:0,Function:sc_ati_get_hls_data,Line:634][ATI][FLOW]: sc_ati_get_hls_data port_id: 20
01-19 13:39:22.442506   178   616 E RIL_EMSD: [Phone ID:0,Function:sc_ati_get_hls_data,Line:642][ATI][FLOW]: sc_ati_get_hls_data port_info_ptr->port_state:1
01-19 13:39:22.442620   178   616 E RIL_EMSD: [Phone ID:0,Function:sc_ati_get_hls_data,Line:648][ATI][FLOW]: sc_ati_get_hls_data  port_info_ptr->dealwith_resinfo_fun_ptr
01-19 13:39:22.442718   178   616 I RIL_EMSD: [Phone ID:0,Function:sc_ati_at_cmd_trace,Line:2246][ATI][FLOW]: [AT CMD]Port20: \\r\\nOK\\r\\n
01-19 13:39:22.442890   178   616 I RIL_EMSD: [Phone ID:0,Function:sc_ati_synchronous_mode_res,Line:254][ATI][FUNC]: sc_ati_synchronous_mode_res( port=19, buffer_ptr=0xb2f82130, buffer_len=6, flag=0, g_sc_ati_mux_port_a[port]->port_state=1 )
01-19 13:39:22.442989   178   616 E RIL_EMSD: [Phone ID:0,Function:sc_ati_channel_handle_status_flag,Line:1565][ATI][FLOW]: Not found matched channel!
01-19 13:39:22.443068   178   616 I RIL_EMSD: [Phone ID:0,Function:sc_ati_synchronous_mode_res,Line:272][ATI][FLOW]: mutex get
01-19 13:39:22.443152   178   616 I RIL_EMSD: [Phone ID:0,Function:sc_ati_synchronous_mode_res,Line:292][ATI][FLOW]: mutex put
01-19 13:39:22.443278   178   178 I RIL_EMSD: [Phone ID:0,Function:sc_ati_dlks_set,Line:2768][ATI][FLOW]: sc_ati_dlks_set 111 mutex get3
01-19 13:39:22.443362   178   178 I RIL_EMSD: [Phone ID:0,Function:sc_ati_dlks_set,Line:2784][ATI][FLOW]: sc_ati_dlks_set 111 mutex put3
01-19 13:39:22.443447   178   178 I RIL_EMSD: [Phone ID:0,Function:sc_ati_give_back_mux_port,Line:1593][ATI][FUNC]: sc_ati_give_back_mux_port( port_num=19 )
01-19 13:39:22.443574   178   178 E RIL_EMSD: [Phone ID:0,Function:sc_ati_free_mux_buffer_queue,Line:1966][ATI][FLOW]: sc_ati_free_mux_buffer_queue entry port_num = 19!!!
01-19 13:39:22.443654   178   178 E RIL_EMSD: [Phone ID:0,Function:sc_ati_free_mux_buffer_queue,Line:1996][ATI][FLOW]: sc_ati_free_mux_buffer_queue exit.
01-19 13:39:22.443726   178   178 I RIL_EMSD: [Phone ID:0,Function:tel_init,Line:94][TAL][FLOW]: succed to start Telephony Component
01-19 13:39:22.443845   178   178 I RIL_EMSD: tp_gen_get_phone_cfg_info( auto_power=1,pri_flag=0,acc_list_len=0 )
01-19 13:39:22.443879   178   178 E RIL_EMSD: [TPM][FLOW]: tpm_component_load(lib name /system/lib/libems_TEL1.so).
01-19 13:39:22.472448   178   353 I RIL_EMSD: [ATIEXT][API]: tp_atiext_config_hls( VOID )
01-19 13:39:22.472545   178   178 W RIL_EMSD: [MDM][FLOW]: mdm_mux_m_open_modem entry 1 already!
01-19 13:39:22.472852   178   178 E RIL_EMSD: [Phone ID:1,Function:sc_ati_open_mux_port,Line:1298][ATI][FLOW]: g_ati_port_open port_num:0
01-19 13:39:22.472998   178   651 I RIL_EMSD: [Phone ID:1,Function:sc_ati_timeout_msg_recv_thread,Line:1730][ATI][FLOW]: ATITIMEOUT task is running.
01-19 13:39:22.473108   178   651 I RIL_EMSD: [Phone ID:1,Function:sc_ati_timeout_msg_recv_thread,Line:1736][ATI][FUNC]: sc_ati_timeout_msg_recv_thread( para_ptr=0x0 )
01-19 13:39:22.473379   178   178 I RIL_EMSD: [Phone ID:1,Function:g_ati_port_open,Line:120][ATI][FLOW]: g_ati_port_open(port:1, flag:0), result
01-19 13:39:22.473679   178   178 I RIL_EMSD: [Phone ID:1,Function:sc_ati_open_mux_port,Line:1373][ATI][FUNC]: port_num 0 = SC_ATI_UNSOLICITED_RECEIVER_PORT_ID
01-19 13:39:22.473843   178   178 I RIL_EMSD: [Phone ID:1,Function:sc_ati_send_data_to_hls_specified_port,Line:417][ATI][FUNC]: sc_ati_send_data_to_hls_specified_port( port=0, buff_ptr=0xbee798f8, len=12, oper_id=0, fun_ptr=0xb1c62fb1, timer_interval=-1 )
01-19 13:39:22.473972   178   178 I RIL_EMSD: [Phone ID:1,Function:sc_ati_at_cmd_trace,Line:2246][ATI][FLOW]: [AT CMD]Port01: AT^DMPCHN=1\\r
01-19 13:39:22.474089   178   178 I RIL_EMSD: [Phone ID:1,Function:sc_ati_dmpchn_set,Line:2106][ATI][FLOW]: sc_ati_dmpchn_set 111 mutex get3
01-19 13:39:22.474184   178   178 I RIL_EMSD: [Phone ID:1,Function:sc_ati_dmpchn_set,Line:2170][ATI][FLOW]: sc_ati_dmpchn_set 333 mutex put3
01-19 13:39:22.475468   178   616 E RIL_EMSD: [Phone ID:1,Function:sc_ati_get_hls_data,Line:634][ATI][FLOW]: sc_ati_get_hls_data port_id: 1
01-19 13:39:22.475578   178   616 E RIL_EMSD: [Phone ID:1,Function:sc_ati_get_hls_data,Line:642][ATI][FLOW]: sc_ati_get_hls_data port_info_ptr->port_state:1
01-19 13:39:22.475683   178   616 E RIL_EMSD: [Phone ID:1,Function:sc_ati_get_hls_data,Line:648][ATI][FLOW]: sc_ati_get_hls_data  port_info_ptr->dealwith_resinfo_fun_ptr
01-19 13:39:22.475765   178   616 I RIL_EMSD: [Phone ID:1,Function:sc_ati_at_cmd_trace,Line:2246][ATI][FLOW]: [AT CMD]Port01: \\r\\nOK\\r\\n
01-19 13:39:22.475892   178   616 I RIL_EMSD: [Phone ID:1,Function:sc_ati_synchronous_mode_res,Line:254][ATI][FUNC]: sc_ati_synchronous_mode_res( port=0, buffer_ptr=0xb2f82138, buffer_len=6, flag=0, g_sc_ati_mux_port_a[port]->port_state=1 )
01-19 13:39:22.475964   178   616 I RIL_EMSD: [Phone ID:1,Function:sc_ati_synchronous_mode_res,Line:272][ATI][FLOW]: mutex get
01-19 13:39:22.476036   178   616 I RIL_EMSD: [Phone ID:1,Function:sc_ati_synchronous_mode_res,Line:292][ATI][FLOW]: mutex put
01-19 13:39:22.476161   178   178 I RIL_EMSD: [Phone ID:1,Function:sc_ati_dmpchn_set,Line:2106][ATI][FLOW]: sc_ati_dmpchn_set 111 mutex get3
01-19 13:39:22.476276   178   178 I RIL_EMSD: [Phone ID:1,Function:sc_ati_give_back_mux_port,Line:1593][ATI][FUNC]: sc_ati_give_back_mux_port( port_num=0 )
01-19 13:39:22.476393   178   178 E RIL_EMSD: [Phone ID:1,Function:sc_ati_free_mux_buffer_queue,Line:1966][ATI][FLOW]: sc_ati_free_mux_buffer_queue entry port_num = 0!!!
01-19 13:39:22.476478   178   178 E RIL_EMSD: [Phone ID:1,Function:sc_ati_free_mux_buffer_queue,Line:1996][ATI][FLOW]: sc_ati_free_mux_buffer_queue exit.
01-19 13:39:22.476558   178   178 I RIL_EMSD: [Phone ID:1,Function:sc_ati_dmpchn_set,Line:2124][ATI][FLOW]: sc_ati_dmpchn_set 111 mutex put3
01-19 13:39:22.476640   178   178 E RIL_EMSD: [Phone ID:1,Function:sc_ati_open_mux_port,Line:1298][ATI][FLOW]: g_ati_port_open port_num:1
01-19 13:39:22.477093   178   178 I RIL_EMSD: [Phone ID:1,Function:g_ati_port_open,Line:120][ATI][FLOW]: g_ati_port_open(port:2, flag:0), result
01-19 13:39:22.477443   178   178 I RIL_EMSD: [Phone ID:1,Function:sc_ati_give_back_mux_port,Line:1593][ATI][FUNC]: sc_ati_give_back_mux_port( port_num=1 )
01-19 13:39:22.477592   178   178 I RIL_EMSD: [Phone ID:1,Function:sc_ati_send_data_to_hls_specified_port,Line:417][ATI][FUNC]: sc_ati_send_data_to_hls_specified_port( port=1, buff_ptr=0xbee798f8, len=12, oper_id=0, fun_ptr=0xb1c62fb1, timer_interval=-1 )
01-19 13:39:22.477675   178   178 I RIL_EMSD: [Phone ID:1,Function:sc_ati_at_cmd_trace,Line:2246][ATI][FLOW]: [AT CMD]Port02: AT^DMPCHN=1\\r
01-19 13:39:22.477764   178   178 I RIL_EMSD: [Phone ID:1,Function:sc_ati_dmpchn_set,Line:2106][ATI][FLOW]: sc_ati_dmpchn_set 111 mutex get3
01-19 13:39:22.477841   178   178 I RIL_EMSD: [Phone ID:1,Function:sc_ati_dmpchn_set,Line:2170][ATI][FLOW]: sc_ati_dmpchn_set 333 mutex put3
01-19 13:39:22.479063   178   616 E RIL_EMSD: [Phone ID:1,Function:sc_ati_get_hls_data,Line:634][ATI][FLOW]: sc_ati_get_hls_data port_id: 2
01-19 13:39:22.479165   178   616 E RIL_EMSD: [Phone ID:1,Function:sc_ati_get_hls_data,Line:642][ATI][FLOW]: sc_ati_get_hls_data port_info_ptr->port_state:1
01-19 13:39:22.479254   178   616 E RIL_EMSD: [Phone ID:1,Function:sc_ati_get_hls_data,Line:648][ATI][FLOW]: sc_ati_get_hls_data  port_info_ptr->dealwith_resinfo_fun_ptr
01-19 13:39:22.479326   178   616 I RIL_EMSD: [Phone ID:1,Function:sc_ati_at_cmd_trace,Line:2246][ATI][FLOW]: [AT CMD]Port02: \\r\\nOK\\r\\n
01-19 13:39:22.479444   178   616 I RIL_EMSD: [Phone ID:1,Function:sc_ati_synchronous_mode_res,Line:254][ATI][FUNC]: sc_ati_synchronous_mode_res( port=1, buffer_ptr=0xb2f82140, buffer_len=6, flag=0, g_sc_ati_mux_port_a[port]->port_state=1 )
01-19 13:39:22.479539   178   616 E RIL_EMSD: [Phone ID:1,Function:sc_ati_channel_handle_status_flag,Line:1565][ATI][FLOW]: Not found matched channel!
01-19 13:39:22.479608   178   616 I RIL_EMSD: [Phone ID:1,Function:sc_ati_synchronous_mode_res,Line:272][ATI][FLOW]: mutex get
01-19 13:39:22.479677   178   616 I RIL_EMSD: [Phone ID:1,Function:sc_ati_synchronous_mode_res,Line:292][ATI][FLOW]: mutex put
01-19 13:39:22.479787   178   178 I RIL_EMSD: [Phone ID:1,Function:sc_ati_dmpchn_set,Line:2106][ATI][FLOW]: sc_ati_dmpchn_set 111 mutex get3
01-19 13:39:22.479877   178   178 I RIL_EMSD: [Phone ID:1,Function:sc_ati_give_back_mux_port,Line:1593][ATI][FUNC]: sc_ati_give_back_mux_port( port_num=1 )
01-19 13:39:22.479972   178   178 E RIL_EMSD: [Phone ID:1,Function:sc_ati_free_mux_buffer_queue,Line:1966][ATI][FLOW]: sc_ati_free_mux_buffer_queue entry port_num = 1!!!
01-19 13:39:22.480065   178   178 E RIL_EMSD: [Phone ID:1,Function:sc_ati_free_mux_buffer_queue,Line:1996][ATI][FLOW]: sc_ati_free_mux_buffer_queue exit.
01-19 13:39:22.480155   178   178 I RIL_EMSD: [Phone ID:1,Function:sc_ati_dmpchn_set,Line:2124][ATI][FLOW]: sc_ati_dmpchn_set 111 mutex put3
01-19 13:39:22.480432   178   178 I RIL_EMSD: [Phone ID:1,Function:sc_ati_send_data_to_hls_specified_port,Line:417][ATI][FUNC]: sc_ati_send_data_to_hls_specified_port( port=1, buff_ptr=0xbee798f8, len=10, oper_id=0, fun_ptr=0xb1c62fb1, timer_interval=-1 )
01-19 13:39:22.480530   178   178 I RIL_EMSD: [Phone ID:1,Function:sc_ati_at_cmd_trace,Line:2246][ATI][FLOW]: [AT CMD]Port02: AT^DLKS=0\\r
01-19 13:39:22.480629   178   178 I RIL_EMSD: [Phone ID:1,Function:sc_ati_dlks_set,Line:2768][ATI][FLOW]: sc_ati_dlks_set 111 mutex get3
01-19 13:39:22.480703   178   178 I RIL_EMSD: [Phone ID:1,Function:sc_ati_dlks_set,Line:2825][ATI][FLOW]: sc_ati_dlks_set 333 mutex put3
01-19 13:39:22.481600   178   616 E RIL_EMSD: [Phone ID:1,Function:sc_ati_get_hls_data,Line:634][ATI][FLOW]: sc_ati_get_hls_data port_id: 2
01-19 13:39:22.481700   178   616 E RIL_EMSD: [Phone ID:1,Function:sc_ati_get_hls_data,Line:642][ATI][FLOW]: sc_ati_get_hls_data port_info_ptr->port_state:1
01-19 13:39:22.481787   178   616 E RIL_EMSD: [Phone ID:1,Function:sc_ati_get_hls_data,Line:648][ATI][FLOW]: sc_ati_get_hls_data  port_info_ptr->dealwith_resinfo_fun_ptr
01-19 13:39:22.481860   178   616 I RIL_EMSD: [Phone ID:1,Function:sc_ati_at_cmd_trace,Line:2246][ATI][FLOW]: [AT CMD]Port02: \\r\\nOK\\r\\n
01-19 13:39:22.482259   178   616 I RIL_EMSD: [Phone ID:1,Function:sc_ati_synchronous_mode_res,Line:254][ATI][FUNC]: sc_ati_synchronous_mode_res( port=1, buffer_ptr=0xb2f82148, buffer_len=6, flag=0, g_sc_ati_mux_port_a[port]->port_state=1 )
01-19 13:39:22.482373   178   616 E RIL_EMSD: [Phone ID:1,Function:sc_ati_channel_handle_status_flag,Line:1565][ATI][FLOW]: Not found matched channel!
01-19 13:39:22.482456   178   616 I RIL_EMSD: [Phone ID:1,Function:sc_ati_synchronous_mode_res,Line:272][ATI][FLOW]: mutex get
01-19 13:39:22.482545   178   616 I RIL_EMSD: [Phone ID:1,Function:sc_ati_synchronous_mode_res,Line:292][ATI][FLOW]: mutex put
01-19 13:39:22.482680   178   178 I RIL_EMSD: [Phone ID:1,Function:sc_ati_dlks_set,Line:2768][ATI][FLOW]: sc_ati_dlks_set 111 mutex get3
01-19 13:39:22.482774   178   178 I RIL_EMSD: [Phone ID:1,Function:sc_ati_dlks_set,Line:2784][ATI][FLOW]: sc_ati_dlks_set 111 mutex put3
01-19 13:39:22.482870   178   178 I RIL_EMSD: [Phone ID:1,Function:sc_ati_give_back_mux_port,Line:1593][ATI][FUNC]: sc_ati_give_back_mux_port( port_num=1 )
01-19 13:39:22.482995   178   178 E RIL_EMSD: [Phone ID:1,Function:sc_ati_free_mux_buffer_queue,Line:1966][ATI][FLOW]: sc_ati_free_mux_buffer_queue entry port_num = 1!!!
01-19 13:39:22.483101   178   178 E RIL_EMSD: [Phone ID:1,Function:sc_ati_free_mux_buffer_queue,Line:1996][ATI][FLOW]: sc_ati_free_mux_buffer_queue exit.
01-19 13:39:22.483197   178   178 E RIL_EMSD: [Phone ID:1,Function:sc_ati_open_mux_port,Line:1298][ATI][FLOW]: g_ati_port_open port_num:2
01-19 13:39:22.483699   178   178 I RIL_EMSD: [Phone ID:1,Function:g_ati_port_open,Line:120][ATI][FLOW]: g_ati_port_open(port:3, flag:0), result
01-19 13:39:22.484091   178   178 I RIL_EMSD: [Phone ID:1,Function:sc_ati_give_back_mux_port,Line:1593][ATI][FUNC]: sc_ati_give_back_mux_port( port_num=2 )
01-19 13:39:22.484259   178   178 I RIL_EMSD: [Phone ID:1,Function:sc_ati_send_data_to_hls_specified_port,Line:417][ATI][FUNC]: sc_ati_send_data_to_hls_specified_port( port=2, buff_ptr=0xbee798f8, len=12, oper_id=0, fun_ptr=0xb1c62fb1, timer_interval=-1 )
01-19 13:39:22.484382   178   178 I RIL_EMSD: [Phone ID:1,Function:sc_ati_at_cmd_trace,Line:2246][ATI][FLOW]: [AT CMD]Port03: AT^DMPCHN=1\\r
01-19 13:39:22.484494   178   178 I RIL_EMSD: [Phone ID:1,Function:sc_ati_dmpchn_set,Line:2106][ATI][FLOW]: sc_ati_dmpchn_set 111 mutex get3
01-19 13:39:22.484573   178   178 I RIL_EMSD: [Phone ID:1,Function:sc_ati_dmpchn_set,Line:2170][ATI][FLOW]: sc_ati_dmpchn_set 333 mutex put3
01-19 13:39:22.485876   178   616 E RIL_EMSD: [Phone ID:1,Function:sc_ati_get_hls_data,Line:634][ATI][FLOW]: sc_ati_get_hls_data port_id: 3
01-19 13:39:22.486045   178   616 E RIL_EMSD: [Phone ID:1,Function:sc_ati_get_hls_data,Line:642][ATI][FLOW]: sc_ati_get_hls_data port_info_ptr->port_state:1
01-19 13:39:22.486167   178   616 E RIL_EMSD: [Phone ID:1,Function:sc_ati_get_hls_data,Line:648][ATI][FLOW]: sc_ati_get_hls_data  port_info_ptr->dealwith_resinfo_fun_ptr
01-19 13:39:22.486261   178   616 I RIL_EMSD: [Phone ID:1,Function:sc_ati_at_cmd_trace,Line:2246][ATI][FLOW]: [AT CMD]Port03: \\r\\nOK\\r\\n
01-19 13:39:22.486416   178   616 I RIL_EMSD: [Phone ID:1,Function:sc_ati_synchronous_mode_res,Line:254][ATI][FUNC]: sc_ati_synchronous_mode_res( port=2, buffer_ptr=0xb2f82150, buffer_len=6, flag=0, g_sc_ati_mux_port_a[port]->port_state=1 )
01-19 13:39:22.486530   178   616 E RIL_EMSD: [Phone ID:1,Function:sc_ati_channel_handle_status_flag,Line:1565][ATI][FLOW]: Not found matched channel!
01-19 13:39:22.486622   178   616 I RIL_EMSD: [Phone ID:1,Function:sc_ati_synchronous_mode_res,Line:272][ATI][FLOW]: mutex get
01-19 13:39:22.486713   178   616 I RIL_EMSD: [Phone ID:1,Function:sc_ati_synchronous_mode_res,Line:292][ATI][FLOW]: mutex put
01-19 13:39:22.486834   178   178 I RIL_EMSD: [Phone ID:1,Function:sc_ati_dmpchn_set,Line:2106][ATI][FLOW]: sc_ati_dmpchn_set 111 mutex get3
01-19 13:39:22.486934   178   178 I RIL_EMSD: [Phone ID:1,Function:sc_ati_give_back_mux_port,Line:1593][ATI][FUNC]: sc_ati_give_back_mux_port( port_num=2 )
01-19 13:39:22.487051   178   178 E RIL_EMSD: [Phone ID:1,Function:sc_ati_free_mux_buffer_queue,Line:1966][ATI][FLOW]: sc_ati_free_mux_buffer_queue entry port_num = 2!!!
01-19 13:39:22.487155   178   178 E RIL_EMSD: [Phone ID:1,Function:sc_ati_free_mux_buffer_queue,Line:1996][ATI][FLOW]: sc_ati_free_mux_buffer_queue exit.
01-19 13:39:22.487242   178   178 I RIL_EMSD: [Phone ID:1,Function:sc_ati_dmpchn_set,Line:2124][ATI][FLOW]: sc_ati_dmpchn_set 111 mutex put3
01-19 13:39:22.487395   178   178 I RIL_EMSD: [Phone ID:1,Function:sc_ati_send_data_to_hls_specified_port,Line:417][ATI][FUNC]: sc_ati_send_data_to_hls_specified_port( port=2, buff_ptr=0xbee798f8, len=10, oper_id=0, fun_ptr=0xb1c62fb1, timer_interval=-1 )
01-19 13:39:22.487481   178   178 I RIL_EMSD: [Phone ID:1,Function:sc_ati_at_cmd_trace,Line:2246][ATI][FLOW]: [AT CMD]Port03: AT^DLKS=0\\r
01-19 13:39:22.487597   178   178 I RIL_EMSD: [Phone ID:1,Function:sc_ati_dlks_set,Line:2768][ATI][FLOW]: sc_ati_dlks_set 111 mutex get3
01-19 13:39:22.487686   178   178 I RIL_EMSD: [Phone ID:1,Function:sc_ati_dlks_set,Line:2825][ATI][FLOW]: sc_ati_dlks_set 333 mutex put3
01-19 13:39:22.488613   178   616 E RIL_EMSD: [Phone ID:1,Function:sc_ati_get_hls_data,Line:634][ATI][FLOW]: sc_ati_get_hls_data port_id: 3
01-19 13:39:22.488716   178   616 E RIL_EMSD: [Phone ID:1,Function:sc_ati_get_hls_data,Line:642][ATI][FLOW]: sc_ati_get_hls_data port_info_ptr->port_state:1
01-19 13:39:22.488804   178   616 E RIL_EMSD: [Phone ID:1,Function:sc_ati_get_hls_data,Line:648][ATI][FLOW]: sc_ati_get_hls_data  port_info_ptr->dealwith_resinfo_fun_ptr
01-19 13:39:22.488876   178   616 I RIL_EMSD: [Phone ID:1,Function:sc_ati_at_cmd_trace,Line:2246][ATI][FLOW]: [AT CMD]Port03: \\r\\nOK\\r\\n
01-19 13:39:22.488993   178   616 I RIL_EMSD: [Phone ID:1,Function:sc_ati_synchronous_mode_res,Line:254][ATI][FUNC]: sc_ati_synchronous_mode_res( port=2, buffer_ptr=0xb2f82158, buffer_len=6, flag=0, g_sc_ati_mux_port_a[port]->port_state=1 )
01-19 13:39:22.489068   178   616 E RIL_EMSD: [Phone ID:1,Function:sc_ati_channel_handle_status_flag,Line:1565][ATI][FLOW]: Not found matched channel!
01-19 13:39:22.489131   178   616 I RIL_EMSD: [Phone ID:1,Function:sc_ati_synchronous_mode_res,Line:272][ATI][FLOW]: mutex get
01-19 13:39:22.489194   178   616 I RIL_EMSD: [Phone ID:1,Function:sc_ati_synchronous_mode_res,Line:292][ATI][FLOW]: mutex put
01-19 13:39:22.489298   178   178 I RIL_EMSD: [Phone ID:1,Function:sc_ati_dlks_set,Line:2768][ATI][FLOW]: sc_ati_dlks_set 111 mutex get3
01-19 13:39:22.489414   178   178 I RIL_EMSD: [Phone ID:1,Function:sc_ati_dlks_set,Line:2784][ATI][FLOW]: sc_ati_dlks_set 111 mutex put3
01-19 13:39:22.489537   178   178 I RIL_EMSD: [Phone ID:1,Function:sc_ati_give_back_mux_port,Line:1593][ATI][FUNC]: sc_ati_give_back_mux_port( port_num=2 )
01-19 13:39:22.489664   178   178 E RIL_EMSD: [Phone ID:1,Function:sc_ati_free_mux_buffer_queue,Line:1966][ATI][FLOW]: sc_ati_free_mux_buffer_queue entry port_num = 2!!!
01-19 13:39:22.489754   178   178 E RIL_EMSD: [Phone ID:1,Function:sc_ati_free_mux_buffer_queue,Line:1996][ATI][FLOW]: sc_ati_free_mux_buffer_queue exit.
01-19 13:39:22.489830   178   178 E RIL_EMSD: [Phone ID:1,Function:sc_ati_open_mux_port,Line:1298][ATI][FLOW]: g_ati_port_open port_num:3
01-19 13:39:22.490451   178   178 I RIL_EMSD: [Phone ID:1,Function:g_ati_port_open,Line:120][ATI][FLOW]: g_ati_port_open(port:4, flag:0), result
01-19 13:39:22.490845   178   178 I RIL_EMSD: [Phone ID:1,Function:sc_ati_give_back_mux_port,Line:1593][ATI][FUNC]: sc_ati_give_back_mux_port( port_num=3 )
01-19 13:39:22.491008   178   178 I RIL_EMSD: [Phone ID:1,Function:sc_ati_send_data_to_hls_specified_port,Line:417][ATI][FUNC]: sc_ati_send_data_to_hls_specified_port( port=3, buff_ptr=0xbee798f8, len=12, oper_id=0, fun_ptr=0xb1c62fb1, timer_interval=-1 )
01-19 13:39:22.491104   178   178 I RIL_EMSD: [Phone ID:1,Function:sc_ati_at_cmd_trace,Line:2246][ATI][FLOW]: [AT CMD]Port04: AT^DMPCHN=1\\r
01-19 13:39:22.491227   178   178 I RIL_EMSD: [Phone ID:1,Function:sc_ati_dmpchn_set,Line:2106][ATI][FLOW]: sc_ati_dmpchn_set 111 mutex get3
01-19 13:39:22.491330   178   178 I RIL_EMSD: [Phone ID:1,Function:sc_ati_dmpchn_set,Line:2170][ATI][FLOW]: sc_ati_dmpchn_set 333 mutex put3
01-19 13:39:22.492534   178   616 E RIL_EMSD: [Phone ID:1,Function:sc_ati_get_hls_data,Line:634][ATI][FLOW]: sc_ati_get_hls_data port_id: 4
01-19 13:39:22.492633   178   616 E RIL_EMSD: [Phone ID:1,Function:sc_ati_get_hls_data,Line:642][ATI][FLOW]: sc_ati_get_hls_data port_info_ptr->port_state:1
01-19 13:39:22.492727   178   616 E RIL_EMSD: [Phone ID:1,Function:sc_ati_get_hls_data,Line:648][ATI][FLOW]: sc_ati_get_hls_data  port_info_ptr->dealwith_resinfo_fun_ptr
01-19 13:39:22.492808   178   616 I RIL_EMSD: [Phone ID:1,Function:sc_ati_at_cmd_trace,Line:2246][ATI][FLOW]: [AT CMD]Port04: \\r\\nOK\\r\\n
01-19 13:39:22.492945   178   616 I RIL_EMSD: [Phone ID:1,Function:sc_ati_synchronous_mode_res,Line:254][ATI][FUNC]: sc_ati_synchronous_mode_res( port=3, buffer_ptr=0xb2f82160, buffer_len=6, flag=0, g_sc_ati_mux_port_a[port]->port_state=1 )
01-19 13:39:22.493034   178   616 E RIL_EMSD: [Phone ID:1,Function:sc_ati_channel_handle_status_flag,Line:1565][ATI][FLOW]: Not found matched channel!
01-19 13:39:22.493112   178   616 I RIL_EMSD: [Phone ID:1,Function:sc_ati_synchronous_mode_res,Line:272][ATI][FLOW]: mutex get
01-19 13:39:22.493190   178   616 I RIL_EMSD: [Phone ID:1,Function:sc_ati_synchronous_mode_res,Line:292][ATI][FLOW]: mutex put
01-19 13:39:22.493309   178   178 I RIL_EMSD: [Phone ID:1,Function:sc_ati_dmpchn_set,Line:2106][ATI][FLOW]: sc_ati_dmpchn_set 111 mutex get3
01-19 13:39:22.493426   178   178 I RIL_EMSD: [Phone ID:1,Function:sc_ati_give_back_mux_port,Line:1593][ATI][FUNC]: sc_ati_give_back_mux_port( port_num=3 )
01-19 13:39:22.493550   178   178 E RIL_EMSD: [Phone ID:1,Function:sc_ati_free_mux_buffer_queue,Line:1966][ATI][FLOW]: sc_ati_free_mux_buffer_queue entry port_num = 3!!!
01-19 13:39:22.493653   178   178 E RIL_EMSD: [Phone ID:1,Function:sc_ati_free_mux_buffer_queue,Line:1996][ATI][FLOW]: sc_ati_free_mux_buffer_queue exit.
01-19 13:39:22.493735   178   178 I RIL_EMSD: [Phone ID:1,Function:sc_ati_dmpchn_set,Line:2124][ATI][FLOW]: sc_ati_dmpchn_set 111 mutex put3
01-19 13:39:22.493890   178   178 I RIL_EMSD: [Phone ID:1,Function:sc_ati_send_data_to_hls_specified_port,Line:417][ATI][FUNC]: sc_ati_send_data_to_hls_specified_port( port=3, buff_ptr=0xbee798f8, len=10, oper_id=0, fun_ptr=0xb1c62fb1, timer_interval=-1 )
01-19 13:39:22.493988   178   178 I RIL_EMSD: [Phone ID:1,Function:sc_ati_at_cmd_trace,Line:2246][ATI][FLOW]: [AT CMD]Port04: AT^DLKS=0\\r
01-19 13:39:22.494090   178   178 I RIL_EMSD: [Phone ID:1,Function:sc_ati_dlks_set,Line:2768][ATI][FLOW]: sc_ati_dlks_set 111 mutex get3
01-19 13:39:22.494179   178   178 I RIL_EMSD: [Phone ID:1,Function:sc_ati_dlks_set,Line:2825][ATI][FLOW]: sc_ati_dlks_set 333 mutex put3
01-19 13:39:22.495114   178   616 E RIL_EMSD: [Phone ID:1,Function:sc_ati_get_hls_data,Line:634][ATI][FLOW]: sc_ati_get_hls_data port_id: 4
01-19 13:39:22.495218   178   616 E RIL_EMSD: [Phone ID:1,Function:sc_ati_get_hls_data,Line:642][ATI][FLOW]: sc_ati_get_hls_data port_info_ptr->port_state:1
01-19 13:39:22.495310   178   616 E RIL_EMSD: [Phone ID:1,Function:sc_ati_get_hls_data,Line:648][ATI][FLOW]: sc_ati_get_hls_data  port_info_ptr->dealwith_resinfo_fun_ptr
01-19 13:39:22.495379   178   616 I RIL_EMSD: [Phone ID:1,Function:sc_ati_at_cmd_trace,Line:2246][ATI][FLOW]: [AT CMD]Port04: \\r\\nOK\\r\\n
01-19 13:39:22.495499   178   616 I RIL_EMSD: [Phone ID:1,Function:sc_ati_synchronous_mode_res,Line:254][ATI][FUNC]: sc_ati_synchronous_mode_res( port=3, buffer_ptr=0xb2f82168, buffer_len=6, flag=0, g_sc_ati_mux_port_a[port]->port_state=1 )
01-19 13:39:22.495576   178   616 E RIL_EMSD: [Phone ID:1,Function:sc_ati_channel_handle_status_flag,Line:1565][ATI][FLOW]: Not found matched channel!
01-19 13:39:22.495644   178   616 I RIL_EMSD: [Phone ID:1,Function:sc_ati_synchronous_mode_res,Line:272][ATI][FLOW]: mutex get
01-19 13:39:22.495715   178   616 I RIL_EMSD: [Phone ID:1,Function:sc_ati_synchronous_mode_res,Line:292][ATI][FLOW]: mutex put
01-19 13:39:22.495818   178   178 I RIL_EMSD: [Phone ID:1,Function:sc_ati_dlks_set,Line:2768][ATI][FLOW]: sc_ati_dlks_set 111 mutex get3
01-19 13:39:22.495895   178   178 I RIL_EMSD: [Phone ID:1,Function:sc_ati_dlks_set,Line:2784][ATI][FLOW]: sc_ati_dlks_set 111 mutex put3
01-19 13:39:22.495979   178   178 I RIL_EMSD: [Phone ID:1,Function:sc_ati_give_back_mux_port,Line:1593][ATI][FUNC]: sc_ati_give_back_mux_port( port_num=3 )
01-19 13:39:22.496080   178   178 E RIL_EMSD: [Phone ID:1,Function:sc_ati_free_mux_buffer_queue,Line:1966][ATI][FLOW]: sc_ati_free_mux_buffer_queue entry port_num = 3!!!
01-19 13:39:22.496180   178   178 E RIL_EMSD: [Phone ID:1,Function:sc_ati_free_mux_buffer_queue,Line:1996][ATI][FLOW]: sc_ati_free_mux_buffer_queue exit.
01-19 13:39:22.496270   178   178 E RIL_EMSD: [Phone ID:1,Function:sc_ati_open_mux_port,Line:1298][ATI][FLOW]: g_ati_port_open port_num:4
01-19 13:39:22.496712   178   178 I RIL_EMSD: [Phone ID:1,Function:g_ati_port_open,Line:120][ATI][FLOW]: g_ati_port_open(port:5, flag:0), result
01-19 13:39:22.497091   178   178 I RIL_EMSD: [Phone ID:1,Function:sc_ati_give_back_mux_port,Line:1593][ATI][FUNC]: sc_ati_give_back_mux_port( port_num=4 )
01-19 13:39:22.497250   178   178 I RIL_EMSD: [Phone ID:1,Function:sc_ati_send_data_to_hls_specified_port,Line:417][ATI][FUNC]: sc_ati_send_data_to_hls_specified_port( port=4, buff_ptr=0xbee798f8, len=12, oper_id=0, fun_ptr=0xb1c62fb1, timer_interval=-1 )
01-19 13:39:22.497338   178   178 I RIL_EMSD: [Phone ID:1,Function:sc_ati_at_cmd_trace,Line:2246][ATI][FLOW]: [AT CMD]Port05: AT^DMPCHN=1\\r
01-19 13:39:22.497458   178   178 I RIL_EMSD: [Phone ID:1,Function:sc_ati_dmpchn_set,Line:2106][ATI][FLOW]: sc_ati_dmpchn_set 111 mutex get3
01-19 13:39:22.497550   178   178 I RIL_EMSD: [Phone ID:1,Function:sc_ati_dmpchn_set,Line:2170][ATI][FLOW]: sc_ati_dmpchn_set 333 mutex put3
01-19 13:39:22.498735   178   616 E RIL_EMSD: [Phone ID:1,Function:sc_ati_get_hls_data,Line:634][ATI][FLOW]: sc_ati_get_hls_data port_id: 5
01-19 13:39:22.498830   178   616 E RIL_EMSD: [Phone ID:1,Function:sc_ati_get_hls_data,Line:642][ATI][FLOW]: sc_ati_get_hls_data port_info_ptr->port_state:1
01-19 13:39:22.499152   178   616 E RIL_EMSD: [Phone ID:1,Function:sc_ati_get_hls_data,Line:648][ATI][FLOW]: sc_ati_get_hls_data  port_info_ptr->dealwith_resinfo_fun_ptr
01-19 13:39:22.499242   178   616 I RIL_EMSD: [Phone ID:1,Function:sc_ati_at_cmd_trace,Line:2246][ATI][FLOW]: [AT CMD]Port05: \\r\\nOK\\r\\n
01-19 13:39:22.499380   178   616 I RIL_EMSD: [Phone ID:1,Function:sc_ati_synchronous_mode_res,Line:254][ATI][FUNC]: sc_ati_synchronous_mode_res( port=4, buffer_ptr=0xb2f82170, buffer_len=6, flag=0, g_sc_ati_mux_port_a[port]->port_state=1 )
01-19 13:39:22.499464   178   616 E RIL_EMSD: [Phone ID:1,Function:sc_ati_channel_handle_status_flag,Line:1565][ATI][FLOW]: Not found matched channel!
01-19 13:39:22.499549   178   616 I RIL_EMSD: [Phone ID:1,Function:sc_ati_synchronous_mode_res,Line:272][ATI][FLOW]: mutex get
01-19 13:39:22.499624   178   616 I RIL_EMSD: [Phone ID:1,Function:sc_ati_synchronous_mode_res,Line:292][ATI][FLOW]: mutex put
01-19 13:39:22.499728   178   178 I RIL_EMSD: [Phone ID:1,Function:sc_ati_dmpchn_set,Line:2106][ATI][FLOW]: sc_ati_dmpchn_set 111 mutex get3
01-19 13:39:22.499834   178   178 I RIL_EMSD: [Phone ID:1,Function:sc_ati_give_back_mux_port,Line:1593][ATI][FUNC]: sc_ati_give_back_mux_port( port_num=4 )
01-19 13:39:22.499946   178   178 E RIL_EMSD: [Phone ID:1,Function:sc_ati_free_mux_buffer_queue,Line:1966][ATI][FLOW]: sc_ati_free_mux_buffer_queue entry port_num = 4!!!
01-19 13:39:22.500025   178   178 E RIL_EMSD: [Phone ID:1,Function:sc_ati_free_mux_buffer_queue,Line:1996][ATI][FLOW]: sc_ati_free_mux_buffer_queue exit.
01-19 13:39:22.500095   178   178 I RIL_EMSD: [Phone ID:1,Function:sc_ati_dmpchn_set,Line:2124][ATI][FLOW]: sc_ati_dmpchn_set 111 mutex put3
01-19 13:39:22.500294   178   178 I RIL_EMSD: [Phone ID:1,Function:sc_ati_send_data_to_hls_specified_port,Line:417][ATI][FUNC]: sc_ati_send_data_to_hls_specified_port( port=4, buff_ptr=0xbee798f8, len=10, oper_id=0, fun_ptr=0xb1c62fb1, timer_interval=-1 )
01-19 13:39:22.500426   178   178 I RIL_EMSD: [Phone ID:1,Function:sc_ati_at_cmd_trace,Line:2246][ATI][FLOW]: [AT CMD]Port05: AT^DLKS=0\\r
01-19 13:39:22.500539   178   178 I RIL_EMSD: [Phone ID:1,Function:sc_ati_dlks_set,Line:2768][ATI][FLOW]: sc_ati_dlks_set 111 mutex get3
01-19 13:39:22.500627   178   178 I RIL_EMSD: [Phone ID:1,Function:sc_ati_dlks_set,Line:2825][ATI][FLOW]: sc_ati_dlks_set 333 mutex put3
01-19 13:39:22.501510   178   616 E RIL_EMSD: [Phone ID:1,Function:sc_ati_get_hls_data,Line:634][ATI][FLOW]: sc_ati_get_hls_data port_id: 5
01-19 13:39:22.501613   178   616 E RIL_EMSD: [Phone ID:1,Function:sc_ati_get_hls_data,Line:642][ATI][FLOW]: sc_ati_get_hls_data port_info_ptr->port_state:1
01-19 13:39:22.501708   178   616 E RIL_EMSD: [Phone ID:1,Function:sc_ati_get_hls_data,Line:648][ATI][FLOW]: sc_ati_get_hls_data  port_info_ptr->dealwith_resinfo_fun_ptr
01-19 13:39:22.501781   178   616 I RIL_EMSD: [Phone ID:1,Function:sc_ati_at_cmd_trace,Line:2246][ATI][FLOW]: [AT CMD]Port05: \\r\\nOK\\r\\n
01-19 13:39:22.502204   178   616 I RIL_EMSD: [Phone ID:1,Function:sc_ati_synchronous_mode_res,Line:254][ATI][FUNC]: sc_ati_synchronous_mode_res( port=4, buffer_ptr=0xb2f82178, buffer_len=6, flag=0, g_sc_ati_mux_port_a[port]->port_state=1 )
01-19 13:39:22.502314   178   616 E RIL_EMSD: [Phone ID:1,Function:sc_ati_channel_handle_status_flag,Line:1565][ATI][FLOW]: Not found matched channel!
01-19 13:39:22.502386   178   616 I RIL_EMSD: [Phone ID:1,Function:sc_ati_synchronous_mode_res,Line:272][ATI][FLOW]: mutex get
01-19 13:39:22.502460   178   616 I RIL_EMSD: [Phone ID:1,Function:sc_ati_synchronous_mode_res,Line:292][ATI][FLOW]: mutex put
01-19 13:39:22.502587   178   178 I RIL_EMSD: [Phone ID:1,Function:sc_ati_dlks_set,Line:2768][ATI][FLOW]: sc_ati_dlks_set 111 mutex get3
01-19 13:39:22.502687   178   178 I RIL_EMSD: [Phone ID:1,Function:sc_ati_dlks_set,Line:2784][ATI][FLOW]: sc_ati_dlks_set 111 mutex put3
01-19 13:39:22.502779   178   178 I RIL_EMSD: [Phone ID:1,Function:sc_ati_give_back_mux_port,Line:1593][ATI][FUNC]: sc_ati_give_back_mux_port( port_num=4 )
01-19 13:39:22.502875   178   178 E RIL_EMSD: [Phone ID:1,Function:sc_ati_free_mux_buffer_queue,Line:1966][ATI][FLOW]: sc_ati_free_mux_buffer_queue entry port_num = 4!!!
01-19 13:39:22.502953   178   178 E RIL_EMSD: [Phone ID:1,Function:sc_ati_free_mux_buffer_queue,Line:1996][ATI][FLOW]: sc_ati_free_mux_buffer_queue exit.
01-19 13:39:22.503032   178   178 E RIL_EMSD: [Phone ID:1,Function:sc_ati_open_mux_port,Line:1298][ATI][FLOW]: g_ati_port_open port_num:5
01-19 13:39:22.503500   178   178 I RIL_EMSD: [Phone ID:1,Function:g_ati_port_open,Line:120][ATI][FLOW]: g_ati_port_open(port:6, flag:0), result
01-19 13:39:22.503853   178   178 I RIL_EMSD: [Phone ID:1,Function:sc_ati_give_back_mux_port,Line:1593][ATI][FUNC]: sc_ati_give_back_mux_port( port_num=5 )
01-19 13:39:22.503988   178   178 I RIL_EMSD: [Phone ID:1,Function:sc_ati_send_data_to_hls_specified_port,Line:417][ATI][FUNC]: sc_ati_send_data_to_hls_specified_port( port=5, buff_ptr=0xbee798f8, len=12, oper_id=0, fun_ptr=0xb1c62fb1, timer_interval=-1 )
01-19 13:39:22.504067   178   178 I RIL_EMSD: [Phone ID:1,Function:sc_ati_at_cmd_trace,Line:2246][ATI][FLOW]: [AT CMD]Port06: AT^DMPCHN=1\\r
01-19 13:39:22.504164   178   178 I RIL_EMSD: [Phone ID:1,Function:sc_ati_dmpchn_set,Line:2106][ATI][FLOW]: sc_ati_dmpchn_set 111 mutex get3
01-19 13:39:22.504290   178   178 I RIL_EMSD: [Phone ID:1,Function:sc_ati_dmpchn_set,Line:2170][ATI][FLOW]: sc_ati_dmpchn_set 333 mutex put3
01-19 13:39:22.505535   178   616 E RIL_EMSD: [Phone ID:1,Function:sc_ati_get_hls_data,Line:634][ATI][FLOW]: sc_ati_get_hls_data port_id: 6
